fsl_dma.h:389:20:DMA_EnableChannelInterrupts	24	static
fsl_dma.h:401:20:DMA_DisableChannelInterrupts	24	static
fsl_dma.h:437:20:DMA_EnableChannelPeriphRq	24	static
fsl_i2s.h:396:20:I2S_Enable	16	static
fsl_i2s.h:428:20:I2S_Disable	16	static
fsl_i2s_dma.c:98:17:I2S_EnqueueUserBuffer	32	static
fsl_i2s_dma.c:148:17:I2S_GetInstance	24	static
fsl_i2s_dma.c:164:20:I2S_DisableDMAInterrupts	16	static
fsl_i2s_dma.c:169:20:I2S_EnableDMAInterrupts	16	static
fsl_i2s_dma.c:186:6:I2S_TxTransferCreateHandleDMA	32	static
fsl_i2s_dma.c:235:10:I2S_TxTransferSendDMA	32	static
fsl_i2s_dma.c:273:6:I2S_TransferAbortDMA	32	static
fsl_i2s_dma.c:338:6:I2S_RxTransferCreateHandleDMA	40	static
fsl_i2s_dma.c:358:10:I2S_RxTransferReceiveDMA	32	static
fsl_i2s_dma.c:390:13:I2S_TxEnableDMA	16	static
fsl_i2s_dma.c:403:13:I2S_RxEnableDMA	16	static
fsl_i2s_dma.c:416:17:I2S_GetTransferBytes	32	static
fsl_i2s_dma.c:442:17:I2S_StartTransferDMA	72	static
fsl_i2s_dma.c:522:13:I2S_AddTransferDMA	80	static
fsl_i2s_dma.c:598:6:I2S_DMACallback	56	static
