core_cm0plus.h:741:22:__NVIC_EnableIRQ	16	static
fsl_common.h:460:28:EnableIRQ	16	static
fsl_i2s.h:396:20:I2S_Enable	16	static
fsl_i2s.h:428:20:I2S_Disable	16	static
fsl_i2s.h:447:20:I2S_EnableInterrupts	16	static
fsl_i2s.h:459:20:I2S_DisableInterrupts	16	static
fsl_i2s.c:71:17:I2S_GetInstance	24	static
fsl_i2s.c:94:6:I2S_SetBitClockRate	32	static
fsl_i2s.c:117:6:I2S_TxInit	24	static
fsl_i2s.c:152:6:I2S_RxInit	24	static
fsl_i2s.c:205:6:I2S_TxGetDefaultConfig	16	static
fsl_i2s.c:259:6:I2S_RxGetDefaultConfig	16	static
fsl_i2s.c:280:13:I2S_Config	32	static
fsl_i2s.c:341:6:I2S_Deinit	16	static
fsl_i2s.c:346:13:I2S_TxEnable	16	static
fsl_i2s.c:361:13:I2S_RxEnable	16	static
fsl_i2s.c:376:17:I2S_ValidateBuffer	24	static
fsl_i2s.c:510:6:I2S_TxTransferCreateHandle	40	static
fsl_i2s.c:551:10:I2S_TxTransferNonBlocking	32	static
fsl_i2s.c:591:6:I2S_TxTransferAbort	16	static
fsl_i2s.c:615:6:I2S_RxTransferCreateHandle	32	static
fsl_i2s.c:657:10:I2S_RxTransferNonBlocking	32	static
fsl_i2s.c:697:6:I2S_RxTransferAbort	16	static
fsl_i2s.c:723:10:I2S_TransferGetCount	24	static
fsl_i2s.c:758:10:I2S_TransferGetErrorCount	32	static
fsl_i2s.c:789:6:I2S_TxHandleIRQ	48	static
fsl_i2s.c:993:6:I2S_RxHandleIRQ	48	static
