startup_lpc51u68.cpp:236:6:void data_init(unsigned int, unsigned int, unsigned int)	8	static
startup_lpc51u68.cpp:245:6:void bss_init(unsigned int, unsigned int)	0	static
startup_lpc51u68.cpp:270:6:void ResetISR()	8	static
startup_lpc51u68.cpp:355:14:void NMI_Handler()	0	static
startup_lpc51u68.cpp:359:14:void HardFault_Handler()	0	static
startup_lpc51u68.cpp:363:14:void SVC_Handler()	0	static
startup_lpc51u68.cpp:367:14:void PendSV_Handler()	0	static
startup_lpc51u68.cpp:371:14:void SysTick_Handler()	0	static
startup_lpc51u68.cpp:379:14:void IntDefaultHandler()	0	static
startup_lpc51u68.cpp:389:14:void WDT_BOD_IRQHandler()	8	static
startup_lpc51u68.cpp:393:14:void DMA0_IRQHandler()	8	static
startup_lpc51u68.cpp:397:14:void GINT0_IRQHandler()	8	static
startup_lpc51u68.cpp:401:14:void GINT1_IRQHandler()	8	static
startup_lpc51u68.cpp:405:14:void PIN_INT0_IRQHandler()	8	static
startup_lpc51u68.cpp:409:14:void PIN_INT1_IRQHandler()	8	static
startup_lpc51u68.cpp:413:14:void PIN_INT2_IRQHandler()	8	static
startup_lpc51u68.cpp:417:14:void PIN_INT3_IRQHandler()	8	static
startup_lpc51u68.cpp:421:14:void UTICK0_IRQHandler()	8	static
startup_lpc51u68.cpp:425:14:void MRT0_IRQHandler()	8	static
startup_lpc51u68.cpp:429:14:void CTIMER0_IRQHandler()	8	static
startup_lpc51u68.cpp:433:14:void CTIMER1_IRQHandler()	8	static
startup_lpc51u68.cpp:437:14:void SCT0_IRQHandler()	8	static
startup_lpc51u68.cpp:441:14:void CTIMER3_IRQHandler()	8	static
startup_lpc51u68.cpp:445:14:void FLEXCOMM0_IRQHandler()	8	static
startup_lpc51u68.cpp:449:14:void FLEXCOMM1_IRQHandler()	8	static
startup_lpc51u68.cpp:453:14:void FLEXCOMM2_IRQHandler()	8	static
startup_lpc51u68.cpp:457:14:void FLEXCOMM3_IRQHandler()	8	static
startup_lpc51u68.cpp:461:14:void FLEXCOMM4_IRQHandler()	8	static
startup_lpc51u68.cpp:465:14:void FLEXCOMM5_IRQHandler()	8	static
startup_lpc51u68.cpp:469:14:void FLEXCOMM6_IRQHandler()	8	static
startup_lpc51u68.cpp:473:14:void FLEXCOMM7_IRQHandler()	8	static
startup_lpc51u68.cpp:477:14:void ADC0_SEQA_IRQHandler()	8	static
startup_lpc51u68.cpp:481:14:void ADC0_SEQB_IRQHandler()	8	static
startup_lpc51u68.cpp:485:14:void ADC0_THCMP_IRQHandler()	8	static
startup_lpc51u68.cpp:489:14:void Reserved41_IRQHandler()	8	static
startup_lpc51u68.cpp:493:14:void Reserved42_IRQHandler()	8	static
startup_lpc51u68.cpp:497:14:void USB0_NEEDCLK_IRQHandler()	8	static
startup_lpc51u68.cpp:501:14:void USB0_IRQHandler()	8	static
startup_lpc51u68.cpp:505:14:void RTC_IRQHandler()	8	static
