Archive member included to satisfy reference by file (symbol)

D:\GitHub\looper-test\LPC51U68_Project\libs\libpower.a(fsl_power_lib.o)
                              ./drivers/fsl_clock.o (POWER_SetVoltageForFreq)
c:/nxp/mcuxpressoide_11.1.0_3209/ide/plugins/com.nxp.mcuxpresso.tools.win32_11.1.0.201909161352/tools/bin/../lib/gcc/arm-none-eabi/8.3.1/thumb/v6-m/nofp\libgcc.a(_udivsi3.o)
                              ./utilities/fsl_str.o (__aeabi_uidiv)
c:/nxp/mcuxpressoide_11.1.0_3209/ide/plugins/com.nxp.mcuxpresso.tools.win32_11.1.0.201909161352/tools/bin/../lib/gcc/arm-none-eabi/8.3.1/thumb/v6-m/nofp\libgcc.a(_divsi3.o)
                              ./utilities/fsl_str.o (__aeabi_idiv)
c:/nxp/mcuxpressoide_11.1.0_3209/ide/plugins/com.nxp.mcuxpresso.tools.win32_11.1.0.201909161352/tools/bin/../lib/gcc/arm-none-eabi/8.3.1/thumb/v6-m/nofp\libgcc.a(_dvmd_tls.o)
                              c:/nxp/mcuxpressoide_11.1.0_3209/ide/plugins/com.nxp.mcuxpresso.tools.win32_11.1.0.201909161352/tools/bin/../lib/gcc/arm-none-eabi/8.3.1/thumb/v6-m/nofp\libgcc.a(_udivsi3.o) (__aeabi_idiv0)
c:/nxp/mcuxpressoide_11.1.0_3209/ide/plugins/com.nxp.mcuxpresso.tools.win32_11.1.0.201909161352/tools/bin/../lib/gcc/arm-none-eabi/8.3.1/thumb/v6-m/nofp\libgcc.a(_aeabi_uldivmod.o)
                              ./drivers/fsl_clock.o (__aeabi_uldivmod)
c:/nxp/mcuxpressoide_11.1.0_3209/ide/plugins/com.nxp.mcuxpresso.tools.win32_11.1.0.201909161352/tools/bin/../lib/gcc/arm-none-eabi/8.3.1/thumb/v6-m/nofp\libgcc.a(_muldi3.o)
                              ./drivers/fsl_clock.o (__aeabi_lmul)
c:/nxp/mcuxpressoide_11.1.0_3209/ide/plugins/com.nxp.mcuxpresso.tools.win32_11.1.0.201909161352/tools/bin/../lib/gcc/arm-none-eabi/8.3.1/thumb/v6-m/nofp\libgcc.a(_udivmoddi4.o)
                              c:/nxp/mcuxpressoide_11.1.0_3209/ide/plugins/com.nxp.mcuxpresso.tools.win32_11.1.0.201909161352/tools/bin/../lib/gcc/arm-none-eabi/8.3.1/thumb/v6-m/nofp\libgcc.a(_aeabi_uldivmod.o) (__udivmoddi4)
c:/nxp/mcuxpressoide_11.1.0_3209/ide/plugins/com.nxp.mcuxpresso.tools.win32_11.1.0.201909161352/tools/bin/../lib/gcc/arm-none-eabi/8.3.1/thumb/v6-m/nofp\libgcc.a(_clzdi2.o)
                              c:/nxp/mcuxpressoide_11.1.0_3209/ide/plugins/com.nxp.mcuxpresso.tools.win32_11.1.0.201909161352/tools/bin/../lib/gcc/arm-none-eabi/8.3.1/thumb/v6-m/nofp\libgcc.a(_udivmoddi4.o) (__clzdi2)
c:/nxp/mcuxpressoide_11.1.0_3209/ide/plugins/com.nxp.mcuxpresso.tools.win32_11.1.0.201909161352/tools/bin/../lib/gcc/arm-none-eabi/8.3.1/thumb/v6-m/nofp\libgcc.a(_clzsi2.o)
                              c:/nxp/mcuxpressoide_11.1.0_3209/ide/plugins/com.nxp.mcuxpresso.tools.win32_11.1.0.201909161352/tools/bin/../lib/gcc/arm-none-eabi/8.3.1/thumb/v6-m/nofp\libgcc.a(_clzdi2.o) (__clzsi2)
c:/nxp/mcuxpressoide_11.1.0_3209/ide/plugins/com.nxp.mcuxpresso.tools.win32_11.1.0.201909161352/tools/bin/../lib/gcc/arm-none-eabi/8.3.1/../../../../arm-none-eabi/lib/thumb/v6-m/nofp\libc_nano.a(lib_a-init.o)
                              ./startup/startup_lpc51u68.o (__libc_init_array)
c:/nxp/mcuxpressoide_11.1.0_3209/ide/plugins/com.nxp.mcuxpresso.tools.win32_11.1.0.201909161352/tools/bin/../lib/gcc/arm-none-eabi/8.3.1/../../../../arm-none-eabi/lib/thumb/v6-m/nofp\libc_nano.a(lib_a-malloc.o)
                              ./source/cpp_config.o (malloc)
c:/nxp/mcuxpressoide_11.1.0_3209/ide/plugins/com.nxp.mcuxpresso.tools.win32_11.1.0.201909161352/tools/bin/../lib/gcc/arm-none-eabi/8.3.1/../../../../arm-none-eabi/lib/thumb/v6-m/nofp\libc_nano.a(lib_a-memcpy-stub.o)
                              D:\GitHub\looper-test\LPC51U68_Project\libs\libpower.a(fsl_power_lib.o) (memcpy)
c:/nxp/mcuxpressoide_11.1.0_3209/ide/plugins/com.nxp.mcuxpresso.tools.win32_11.1.0.201909161352/tools/bin/../lib/gcc/arm-none-eabi/8.3.1/../../../../arm-none-eabi/lib/thumb/v6-m/nofp\libc_nano.a(lib_a-memset.o)
                              ./drivers/fsl_dma.o (memset)
c:/nxp/mcuxpressoide_11.1.0_3209/ide/plugins/com.nxp.mcuxpresso.tools.win32_11.1.0.201909161352/tools/bin/../lib/gcc/arm-none-eabi/8.3.1/../../../../arm-none-eabi/lib/thumb/v6-m/nofp\libc_nano.a(lib_a-nano-freer.o)
                              c:/nxp/mcuxpressoide_11.1.0_3209/ide/plugins/com.nxp.mcuxpresso.tools.win32_11.1.0.201909161352/tools/bin/../lib/gcc/arm-none-eabi/8.3.1/../../../../arm-none-eabi/lib/thumb/v6-m/nofp\libc_nano.a(lib_a-malloc.o) (_free_r)
c:/nxp/mcuxpressoide_11.1.0_3209/ide/plugins/com.nxp.mcuxpresso.tools.win32_11.1.0.201909161352/tools/bin/../lib/gcc/arm-none-eabi/8.3.1/../../../../arm-none-eabi/lib/thumb/v6-m/nofp\libc_nano.a(lib_a-nano-mallocr.o)
                              c:/nxp/mcuxpressoide_11.1.0_3209/ide/plugins/com.nxp.mcuxpresso.tools.win32_11.1.0.201909161352/tools/bin/../lib/gcc/arm-none-eabi/8.3.1/../../../../arm-none-eabi/lib/thumb/v6-m/nofp\libc_nano.a(lib_a-malloc.o) (_malloc_r)
[...]
Memory Configuration

Name             Origin             Length             Attributes
PROGRAM_FLASH    0x00000000         0x00040000         xr
SRAM0            0x20000000         0x00010000         xrw
SRAMX            0x04000000         0x00008000         xrw
*default*        0x00000000         0xffffffff

Linker script and memory map

LOAD ./utilities/fsl_assert.o
LOAD ./utilities/fsl_debug_console.o
LOAD ./utilities/fsl_str.o
LOAD ./startup/startup_lpc51u68.o
LOAD ./source/LPC51U68_Project.o
LOAD ./source/cpp_config.o
LOAD ./source/semihost_hardfault.o
LOAD ./drivers/fsl_clock.o
LOAD ./drivers/fsl_common.o
LOAD ./drivers/fsl_dma.o
LOAD ./drivers/fsl_flexcomm.o
LOAD ./drivers/fsl_gpio.o
LOAD ./drivers/fsl_i2s.o
LOAD ./drivers/fsl_i2s_dma.o
LOAD ./drivers/fsl_power.o
LOAD ./drivers/fsl_reset.o
LOAD ./drivers/fsl_spi.o
LOAD ./drivers/fsl_spi_dma.o
LOAD ./drivers/fsl_usart.o
LOAD ./device/system_LPC51U68.o
LOAD ./component/uart/usart_adapter.o
LOAD ./component/serial_manager/serial_manager.o
LOAD ./component/serial_manager/serial_port_uart.o
LOAD ./component/lists/generic_list.o
LOAD ./board/board.o
LOAD ./board/clock_config.o
LOAD ./board/peripherals.o
LOAD ./board/pin_mux.o
LOAD D:\GitHub\looper-test\LPC51U68_Project\libs\libpower.a
START GROUP
LOAD c:/nxp/mcuxpressoide_11.1.0_3209/ide/plugins/com.nxp.mcuxpresso.tools.win32_11.1.0.201909161352/tools/bin/../lib/gcc/arm-none-eabi/8.3.1/thumb/v6-m/nofp\libgcc.a
LOAD c:/nxp/mcuxpressoide_11.1.0_3209/ide/plugins/com.nxp.mcuxpresso.tools.win32_11.1.0.201909161352/tools/bin/../lib/gcc/arm-none-eabi/8.3.1/../../../../arm-none-eabi/lib/thumb/v6-m/nofp\libc_nano.a
LOAD c:/nxp/mcuxpressoide_11.1.0_3209/ide/plugins/com.nxp.mcuxpresso.tools.win32_11.1.0.201909161352/tools/bin/../lib/gcc/arm-none-eabi/8.3.1/../../../../arm-none-eabi/lib/thumb/v6-m/nofp\libstdc++_nano.a
LOAD c:/nxp/mcuxpressoide_11.1.0_3209/ide/plugins/com.nxp.mcuxpresso.tools.win32_11.1.0.201909161352/tools/bin/../lib/gcc/arm-none-eabi/8.3.1/../../../../arm-none-eabi/lib/thumb/v6-m/nofp\libm.a
LOAD c:/nxp/mcuxpressoide_11.1.0_3209/ide/plugins/com.nxp.mcuxpresso.tools.win32_11.1.0.201909161352/tools/bin/../lib/gcc/arm-none-eabi/8.3.1/../../../../arm-none-eabi/lib/thumb/v6-m/nofp\libcr_newlib_semihost.a
LOAD c:/nxp/mcuxpressoide_11.1.0_3209/ide/plugins/com.nxp.mcuxpresso.tools.win32_11.1.0.201909161352/tools/bin/../lib/gcc/arm-none-eabi/8.3.1/thumb/v6-m/nofp\crti.o
LOAD c:/nxp/mcuxpressoide_11.1.0_3209/ide/plugins/com.nxp.mcuxpresso.tools.win32_11.1.0.201909161352/tools/bin/../lib/gcc/arm-none-eabi/8.3.1/thumb/v6-m/nofp\crtn.o
LOAD c:/nxp/mcuxpressoide_11.1.0_3209/ide/plugins/com.nxp.mcuxpresso.tools.win32_11.1.0.201909161352/tools/bin/../lib/gcc/arm-none-eabi/8.3.1/thumb/v6-m/nofp\crtbegin.o
LOAD c:/nxp/mcuxpressoide_11.1.0_3209/ide/plugins/com.nxp.mcuxpresso.tools.win32_11.1.0.201909161352/tools/bin/../lib/gcc/arm-none-eabi/8.3.1/thumb/v6-m/nofp\crtend.o
END GROUP
                0x00000000                __base_PROGRAM_FLASH = 0x0
                0x00000000                __base_Flash = 0x0
                0x00040000                __top_PROGRAM_FLASH = 0x40000
                0x00040000                __top_Flash = 0x40000
                0x20000000                __base_SRAM0 = 0x20000000
                0x20000000                __base_RAM = 0x20000000
                0x20010000                __top_SRAM0 = 0x20010000
                0x20010000                __top_RAM = 0x20010000
                0x04000000                __base_SRAMX = 0x4000000
                0x04000000                __base_RAM2 = 0x4000000
                0x04008000                __top_SRAMX = 0x4008000
                0x04008000                __top_RAM2 = 0x4008000

.text           0x00000000     0x3ed4
 FILL mask 0xff
                0x00000000                __vectors_start__ = ABSOLUTE (.)
 *(SORT_BY_ALIGNMENT(.isr_vector))
 .isr_vector    0x00000000       0xb8 ./startup/startup_lpc51u68.o
                0x00000000                g_pfnVectors
                0x00000000                __Vectors
                0x000000b8                . = ALIGN (0x4)
                0x000000b8                __section_table_start = .
                0x000000b8                __data_section_table = .
                0x000000b8        0x4 LONG 0x3edc LOADADDR (.data)
                0x000000bc        0x4 LONG 0x20000000 ADDR (.data)
                0x000000c0        0x4 LONG 0x218 SIZEOF (.data)
                0x000000c4        0x4 LONG 0x3edc LOADADDR (.data_RAM2)
                0x000000c8        0x4 LONG 0x4000000 ADDR (.data_RAM2)
                0x000000cc        0x4 LONG 0x0 SIZEOF (.data_RAM2)
                0x000000d0                __data_section_table_end = .
                0x000000d0                __bss_section_table = .
                0x000000d0        0x4 LONG 0x20000218 ADDR (.bss)
                0x000000d4        0x4 LONG 0x158 SIZEOF (.bss)
                0x000000d8        0x4 LONG 0x4000000 ADDR (.bss_RAM2)
                0x000000dc        0x4 LONG 0x0 SIZEOF (.bss_RAM2)
                0x000000e0                __bss_section_table_end = .
                0x000000e0                __section_table_end = .
 *(SORT_BY_ALIGNMENT(.after_vectors*))
 .after_vectors.reset
                0x000000e0       0x5c ./startup/startup_lpc51u68.o
                0x000000e0                ResetISR
 .after_vectors.init_data
                0x0000013c       0x12 ./startup/startup_lpc51u68.o
                0x0000013c                data_init(unsigned int, unsigned int, unsigned int)
 .after_vectors.init_bss
                0x0000014e       0x10 ./startup/startup_lpc51u68.o
                0x0000014e                bss_init(unsigned int, unsigned int)
 .after_vectors
                0x0000015e       0xfc ./startup/startup_lpc51u68.o
                0x0000015e                NMI_Handler
                0x00000162                SVC_Handler
                0x00000164                PendSV_Handler
                0x00000166                SysTick_Handler
                0x00000168                Reserved42_DriverIRQHandler
                0x00000168                PIN_INT1_DriverIRQHandler
                0x00000168                CTIMER3_DriverIRQHandler
                0x00000168                SCT0_DriverIRQHandler
                0x00000168                RTC_DriverIRQHandler
                0x00000168                WDT_BOD_DriverIRQHandler
                0x00000168                PIN_INT3_DriverIRQHandler
                0x00000168                PIN_INT2_DriverIRQHandler
                0x00000168                CTIMER1_DriverIRQHandler
                0x00000168                PIN_INT0_DriverIRQHandler
                0x00000168                CTIMER0_DriverIRQHandler
                0x00000168                USB0_NEEDCLK_DriverIRQHandler
                0x00000168                IntDefaultHandler
                0x00000168                USB0_DriverIRQHandler
                0x00000168                GINT0_DriverIRQHandler
                0x00000168                MRT0_DriverIRQHandler
                0x00000168                UTICK0_DriverIRQHandler
                0x00000168                Reserved41_DriverIRQHandler
                0x00000168                ADC0_THCMP_DriverIRQHandler
                0x00000168                GINT1_DriverIRQHandler
                0x00000168                ADC0_SEQA_DriverIRQHandler
                0x00000168                ADC0_SEQB_DriverIRQHandler
                0x0000016a                WDT_BOD_IRQHandler
                0x00000172                DMA0_IRQHandler
                0x0000017a                GINT0_IRQHandler
                0x00000182                GINT1_IRQHandler
                0x0000018a                PIN_INT0_IRQHandler
                0x00000192                PIN_INT1_IRQHandler
                0x0000019a                PIN_INT2_IRQHandler
                0x000001a2                PIN_INT3_IRQHandler
                0x000001aa                UTICK0_IRQHandler
                0x000001b2                MRT0_IRQHandler
                0x000001ba                CTIMER0_IRQHandler
                0x000001c2                CTIMER1_IRQHandler
                0x000001ca                SCT0_IRQHandler
                0x000001d2                CTIMER3_IRQHandler
                0x000001da                FLEXCOMM0_IRQHandler
                0x000001e2                FLEXCOMM1_IRQHandler
                0x000001ea                FLEXCOMM2_IRQHandler
                0x000001f2                FLEXCOMM3_IRQHandler
                0x000001fa                FLEXCOMM4_IRQHandler
                0x00000202                FLEXCOMM5_IRQHandler
                0x0000020a                FLEXCOMM6_IRQHandler
                0x00000212                FLEXCOMM7_IRQHandler
                0x0000021a                ADC0_SEQA_IRQHandler
                0x00000222                ADC0_SEQB_IRQHandler
                0x0000022a                ADC0_THCMP_IRQHandler
                0x00000232                Reserved41_IRQHandler
                0x0000023a                Reserved42_IRQHandler
                0x00000242                USB0_NEEDCLK_IRQHandler
                0x0000024a                USB0_IRQHandler
                0x00000252                RTC_IRQHandler
 *(SORT_BY_ALIGNMENT(.text*))
 *fill*         0x0000025a        0x2 ff
 .text.__assert_func
                0x0000025c       0x28 ./utilities/fsl_assert.o
                0x0000025c                __assert_func
 .text.__NVIC_EnableIRQ
                0x00000284       0x3c ./source/LPC51U68_Project.o
 .text.main     0x000002c0       0xd4 ./source/LPC51U68_Project.o
                0x000002c0                main
 .text._GLOBAL__sub_I_g_Music
                0x00000394       0x18 ./source/LPC51U68_Project.o
 .text.HardFault_Handler
                0x000003ac       0x30 ./source/semihost_hardfault.o
                0x000003ac                HardFault_Handler
 .text.CLOCK_SetFLASHAccessCycles
                0x000003dc       0x3c ./drivers/fsl_clock.o
 .text.CLOCK_IsSystemPLLLocked
                0x00000418       0x20 ./drivers/fsl_clock.o
 .text.CLOCK_AttachClk
                0x00000438       0xac ./drivers/fsl_clock.o
                0x00000438                CLOCK_AttachClk
 .text.CLOCK_SetClkDiv
                0x000004e4       0x68 ./drivers/fsl_clock.o
                0x000004e4                CLOCK_SetClkDiv
 .text.CLOCK_SetupFROClocking
                0x0000054c       0xd8 ./drivers/fsl_clock.o
                0x0000054c                CLOCK_SetupFROClocking
 .text.CLOCK_SetFLASHAccessCyclesForFreq
                0x00000624       0x90 ./drivers/fsl_clock.o
                0x00000624                CLOCK_SetFLASHAccessCyclesForFreq
 .text.CLOCK_SetPLLFreq
                0x000006b4      0x154 ./drivers/fsl_clock.o
                0x000006b4                CLOCK_SetPLLFreq
 .text.SDK_DelayAtLeastUs
                0x00000808       0x98 ./drivers/fsl_common.o
                0x00000808                SDK_DelayAtLeastUs
 .text.DMA_GetInstance
                0x000008a0       0x54 ./drivers/fsl_dma.o
 .text.DMA_IRQHandle
                0x000008f4      0x178 ./drivers/fsl_dma.o
                0x000008f4                DMA_IRQHandle
 .text.DMA0_DriverIRQHandler
                0x00000a6c       0x18 ./drivers/fsl_dma.o
                0x00000a6c                DMA0_DriverIRQHandler
 .text.CLOCK_EnableClock
                0x00000a84       0x54 ./drivers/fsl_flexcomm.o
 .text.FLEXCOMM_PeripheralIsPresent
                0x00000ad8       0x68 ./drivers/fsl_flexcomm.o
 .text.FLEXCOMM_GetInstance
                0x00000b40       0x5c ./drivers/fsl_flexcomm.o
                0x00000b40                FLEXCOMM_GetInstance
 .text.FLEXCOMM_SetPeriph
                0x00000b9c       0x8c ./drivers/fsl_flexcomm.o
 .text.FLEXCOMM_Init
                0x00000c28       0x58 ./drivers/fsl_flexcomm.o
                0x00000c28                FLEXCOMM_Init
 .text.FLEXCOMM_SetIRQHandler
                0x00000c80       0x48 ./drivers/fsl_flexcomm.o
                0x00000c80                FLEXCOMM_SetIRQHandler
 .text.FLEXCOMM0_DriverIRQHandler
                0x00000cc8       0x48 ./drivers/fsl_flexcomm.o
                0x00000cc8                FLEXCOMM0_DriverIRQHandler
 .text.FLEXCOMM1_DriverIRQHandler
                0x00000d10       0x48 ./drivers/fsl_flexcomm.o
                0x00000d10                FLEXCOMM1_DriverIRQHandler
 .text.FLEXCOMM2_DriverIRQHandler
                0x00000d58       0x48 ./drivers/fsl_flexcomm.o
                0x00000d58                FLEXCOMM2_DriverIRQHandler
 .text.FLEXCOMM3_DriverIRQHandler
                0x00000da0       0x48 ./drivers/fsl_flexcomm.o
                0x00000da0                FLEXCOMM3_DriverIRQHandler
 .text.FLEXCOMM4_DriverIRQHandler
                0x00000de8       0x48 ./drivers/fsl_flexcomm.o
                0x00000de8                FLEXCOMM4_DriverIRQHandler
 .text.FLEXCOMM5_DriverIRQHandler
                0x00000e30       0x48 ./drivers/fsl_flexcomm.o
                0x00000e30                FLEXCOMM5_DriverIRQHandler
 .text.FLEXCOMM6_DriverIRQHandler
                0x00000e78       0x4c ./drivers/fsl_flexcomm.o
                0x00000e78                FLEXCOMM6_DriverIRQHandler
 .text.FLEXCOMM7_DriverIRQHandler
                0x00000ec4       0x4c ./drivers/fsl_flexcomm.o
                0x00000ec4                FLEXCOMM7_DriverIRQHandler
 .text.__NVIC_EnableIRQ
                0x00000f10       0x34 ./drivers/fsl_i2s.o
 .text.I2S_DisableInterrupts
                0x00000f44       0x20 ./drivers/fsl_i2s.o
 .text.I2S_GetInstance
                0x00000f64       0x50 ./drivers/fsl_i2s.o
 .text.I2S_TxInit
                0x00000fb4       0x94 ./drivers/fsl_i2s.o
                0x00000fb4                I2S_TxInit
 .text.I2S_Config
                0x00001048      0x118 ./drivers/fsl_i2s.o
 .text.I2S_ValidateBuffer
                0x00001160      0x270 ./drivers/fsl_i2s.o
 .text.I2S_TxTransferCreateHandle
                0x000013d0       0xf0 ./drivers/fsl_i2s.o
                0x000013d0                I2S_TxTransferCreateHandle
 .text.I2S_TxTransferNonBlocking
                0x000014c0      0x104 ./drivers/fsl_i2s.o
                0x000014c0                I2S_TxTransferNonBlocking
 .text.I2S_TxHandleIRQ
                0x000015c4      0x414 ./drivers/fsl_i2s.o
                0x000015c4                I2S_TxHandleIRQ
 .text.RESET_SetPeripheralReset
                0x000019d8       0x88 ./drivers/fsl_reset.o
                0x000019d8                RESET_SetPeripheralReset
 .text.RESET_ClearPeripheralReset
                0x00001a60       0x90 ./drivers/fsl_reset.o
                0x00001a60                RESET_ClearPeripheralReset
 .text.SystemInit
                0x00001af0       0x18 ./device/system_LPC51U68.o
                0x00001af0                SystemInit
 .text.BOARD_BootClockRUN
                0x00001b08       0xf8 ./board/clock_config.o
                0x00001b08                BOARD_BootClockRUN
 .text.CLOCK_EnableClock
                0x00001c00       0x54 ./board/pin_mux.o
 .text.BOARD_InitPins
                0x00001c54       0xb0 ./board/pin_mux.o
                0x00001c54                BOARD_InitPins
 .text.POWER_SetVoltageForFreq
                0x00001d04      0x100 D:\GitHub\looper-test\LPC51U68_Project\libs\libpower.a(fsl_power_lib.o)
                0x00001d04                POWER_SetVoltageForFreq
 .text          0x00001e04      0x114 c:/nxp/mcuxpressoide_11.1.0_3209/ide/plugins/com.nxp.mcuxpresso.tools.win32_11.1.0.201909161352/tools/bin/../lib/gcc/arm-none-eabi/8.3.1/thumb/v6-m/nofp\libgcc.a(_udivsi3.o)
                0x00001e04                __aeabi_uidiv
                0x00001e04                __udivsi3
                0x00001f10                __aeabi_uidivmod
 .text          0x00001f18        0x4 c:/nxp/mcuxpressoide_11.1.0_3209/ide/plugins/com.nxp.mcuxpresso.tools.win32_11.1.0.201909161352/tools/bin/../lib/gcc/arm-none-eabi/8.3.1/thumb/v6-m/nofp\libgcc.a(_dvmd_tls.o)
                0x00001f18                __aeabi_idiv0
                0x00001f18                __aeabi_ldiv0
 .text          0x00001f1c       0x40 c:/nxp/mcuxpressoide_11.1.0_3209/ide/plugins/com.nxp.mcuxpresso.tools.win32_11.1.0.201909161352/tools/bin/../lib/gcc/arm-none-eabi/8.3.1/thumb/v6-m/nofp\libgcc.a(_aeabi_uldivmod.o)
                0x00001f1c                __aeabi_uldivmod
 .text          0x00001f5c       0x54 c:/nxp/mcuxpressoide_11.1.0_3209/ide/plugins/com.nxp.mcuxpresso.tools.win32_11.1.0.201909161352/tools/bin/../lib/gcc/arm-none-eabi/8.3.1/thumb/v6-m/nofp\libgcc.a(_muldi3.o)
                0x00001f5c                __muldi3
                0x00001f5c                __aeabi_lmul
 .text          0x00001fb0      0x1a4 c:/nxp/mcuxpressoide_11.1.0_3209/ide/plugins/com.nxp.mcuxpresso.tools.win32_11.1.0.201909161352/tools/bin/../lib/gcc/arm-none-eabi/8.3.1/thumb/v6-m/nofp\libgcc.a(_udivmoddi4.o)
                0x00001fb0                __udivmoddi4
 .text          0x00002154       0x18 c:/nxp/mcuxpressoide_11.1.0_3209/ide/plugins/com.nxp.mcuxpresso.tools.win32_11.1.0.201909161352/tools/bin/../lib/gcc/arm-none-eabi/8.3.1/thumb/v6-m/nofp\libgcc.a(_clzdi2.o)
                0x00002154                __clzdi2
 .text          0x0000216c       0x3c c:/nxp/mcuxpressoide_11.1.0_3209/ide/plugins/com.nxp.mcuxpresso.tools.win32_11.1.0.201909161352/tools/bin/../lib/gcc/arm-none-eabi/8.3.1/thumb/v6-m/nofp\libgcc.a(_clzsi2.o)
                0x0000216c                __clzsi2
 .text.__libc_init_array
                0x000021a8       0x48 c:/nxp/mcuxpressoide_11.1.0_3209/ide/plugins/com.nxp.mcuxpresso.tools.win32_11.1.0.201909161352/tools/bin/../lib/gcc/arm-none-eabi/8.3.1/../../../../arm-none-eabi/lib/thumb/v6-m/nofp\libc_nano.a(lib_a-init.o)
                0x000021a8                __libc_init_array
 .text._free_r  0x000021f0       0x94 c:/nxp/mcuxpressoide_11.1.0_3209/ide/plugins/com.nxp.mcuxpresso.tools.win32_11.1.0.201909161352/tools/bin/../lib/gcc/arm-none-eabi/8.3.1/../../../../arm-none-eabi/lib/thumb/v6-m/nofp\libc_nano.a(lib_a-nano-freer.o)
                0x000021f0                _free_r
 .text._malloc_r
                0x00002284       0xbc c:/nxp/mcuxpressoide_11.1.0_3209/ide/plugins/com.nxp.mcuxpresso.tools.win32_11.1.0.201909161352/tools/bin/../lib/gcc/arm-none-eabi/8.3.1/../../../../arm-none-eabi/lib/thumb/v6-m/nofp\libc_nano.a(lib_a-nano-mallocr.o)
                0x00002284                _malloc_r
 .text.printf   0x00002340       0x34 c:/nxp/mcuxpressoide_11.1.0_3209/ide/plugins/com.nxp.mcuxpresso.tools.win32_11.1.0.201909161352/tools/bin/../lib/gcc/arm-none-eabi/8.3.1/../../../../arm-none-eabi/lib/thumb/v6-m/nofp\libc_nano.a(lib_a-printf.o)
                0x00002340                iprintf
                0x00002340                printf
 .text._sbrk_r  0x00002374       0x24 c:/nxp/mcuxpressoide_11.1.0_3209/ide/plugins/com.nxp.mcuxpresso.tools.win32_11.1.0.201909161352/tools/bin/../lib/gcc/arm-none-eabi/8.3.1/../../../../arm-none-eabi/lib/thumb/v6-m/nofp\libc_nano.a(lib_a-sbrkr.o)
                0x00002374                _sbrk_r
 .text.std      0x00002398       0x48 c:/nxp/mcuxpressoide_11.1.0_3209/ide/plugins/com.nxp.mcuxpresso.tools.win32_11.1.0.201909161352/tools/bin/../lib/gcc/arm-none-eabi/8.3.1/../../../../arm-none-eabi/lib/thumb/v6-m/nofp\libc_nano.a(lib_a-findfp.o)
 .text._cleanup_r
                0x000023e0       0x10 c:/nxp/mcuxpressoide_11.1.0_3209/ide/plugins/com.nxp.mcuxpresso.tools.win32_11.1.0.201909161352/tools/bin/../lib/gcc/arm-none-eabi/8.3.1/../../../../arm-none-eabi/lib/thumb/v6-m/nofp\libc_nano.a(lib_a-findfp.o)
                0x000023e0                _cleanup_r
 .text.__sfp_lock_acquire
                0x000023f0       0x10 c:/nxp/mcuxpressoide_11.1.0_3209/ide/plugins/com.nxp.mcuxpresso.tools.win32_11.1.0.201909161352/tools/bin/../lib/gcc/arm-none-eabi/8.3.1/../../../../arm-none-eabi/lib/thumb/v6-m/nofp\libc_nano.a(lib_a-findfp.o)
                0x000023f0                __sfp_lock_acquire
 .text.__sfp_lock_release
                0x00002400       0x10 c:/nxp/mcuxpressoide_11.1.0_3209/ide/plugins/com.nxp.mcuxpresso.tools.win32_11.1.0.201909161352/tools/bin/../lib/gcc/arm-none-eabi/8.3.1/../../../../arm-none-eabi/lib/thumb/v6-m/nofp\libc_nano.a(lib_a-findfp.o)
                0x00002400                __sfp_lock_release
 .text.__sinit_lock_acquire
                0x00002410       0x10 c:/nxp/mcuxpressoide_11.1.0_3209/ide/plugins/com.nxp.mcuxpresso.tools.win32_11.1.0.201909161352/tools/bin/../lib/gcc/arm-none-eabi/8.3.1/../../../../arm-none-eabi/lib/thumb/v6-m/nofp\libc_nano.a(lib_a-findfp.o)
                0x00002410                __sinit_lock_acquire
 .text.__sinit_lock_release
                0x00002420       0x10 c:/nxp/mcuxpressoide_11.1.0_3209/ide/plugins/com.nxp.mcuxpresso.tools.win32_11.1.0.201909161352/tools/bin/../lib/gcc/arm-none-eabi/8.3.1/../../../../arm-none-eabi/lib/thumb/v6-m/nofp\libc_nano.a(lib_a-findfp.o)
                0x00002420                __sinit_lock_release
 .text.__sinit  0x00002430       0x70 c:/nxp/mcuxpressoide_11.1.0_3209/ide/plugins/com.nxp.mcuxpresso.tools.win32_11.1.0.201909161352/tools/bin/../lib/gcc/arm-none-eabi/8.3.1/../../../../arm-none-eabi/lib/thumb/v6-m/nofp\libc_nano.a(lib_a-findfp.o)
                0x00002430                __sinit
 .text.__sfp    0x000024a0       0x90 c:/nxp/mcuxpressoide_11.1.0_3209/ide/plugins/com.nxp.mcuxpresso.tools.win32_11.1.0.201909161352/tools/bin/../lib/gcc/arm-none-eabi/8.3.1/../../../../arm-none-eabi/lib/thumb/v6-m/nofp\libc_nano.a(lib_a-findfp.o)
                0x000024a0                __sfp
 .text.__malloc_lock
                0x00002530       0x10 c:/nxp/mcuxpressoide_11.1.0_3209/ide/plugins/com.nxp.mcuxpresso.tools.win32_11.1.0.201909161352/tools/bin/../lib/gcc/arm-none-eabi/8.3.1/../../../../arm-none-eabi/lib/thumb/v6-m/nofp\libc_nano.a(lib_a-mlock.o)
                0x00002530                __malloc_lock
 .text.__malloc_unlock
                0x00002540       0x10 c:/nxp/mcuxpressoide_11.1.0_3209/ide/plugins/com.nxp.mcuxpresso.tools.win32_11.1.0.201909161352/tools/bin/../lib/gcc/arm-none-eabi/8.3.1/../../../../arm-none-eabi/lib/thumb/v6-m/nofp\libc_nano.a(lib_a-mlock.o)
                0x00002540                __malloc_unlock
 .text._vfprintf_r
                0x00002550      0x26c c:/nxp/mcuxpressoide_11.1.0_3209/ide/plugins/com.nxp.mcuxpresso.tools.win32_11.1.0.201909161352/tools/bin/../lib/gcc/arm-none-eabi/8.3.1/../../../../arm-none-eabi/lib/thumb/v6-m/nofp\libc_nano.a(lib_a-nano-vfprintf.o)
                0x00002550                _vfprintf_r
                0x00002550                _vfiprintf_r
 .text._printf_i
                0x000027bc      0x214 c:/nxp/mcuxpressoide_11.1.0_3209/ide/plugins/com.nxp.mcuxpresso.tools.win32_11.1.0.201909161352/tools/bin/../lib/gcc/arm-none-eabi/8.3.1/../../../../arm-none-eabi/lib/thumb/v6-m/nofp\libc_nano.a(lib_a-nano-vfprintf_i.o)
                0x000027bc                _printf_i
 .text.__sread  0x000029d0       0x28 c:/nxp/mcuxpressoide_11.1.0_3209/ide/plugins/com.nxp.mcuxpresso.tools.win32_11.1.0.201909161352/tools/bin/../lib/gcc/arm-none-eabi/8.3.1/../../../../arm-none-eabi/lib/thumb/v6-m/nofp\libc_nano.a(lib_a-stdio.o)
                0x000029d0                __sread
 .text.__swrite
                0x000029f8       0x38 c:/nxp/mcuxpressoide_11.1.0_3209/ide/plugins/com.nxp.mcuxpresso.tools.win32_11.1.0.201909161352/tools/bin/../lib/gcc/arm-none-eabi/8.3.1/../../../../arm-none-eabi/lib/thumb/v6-m/nofp\libc_nano.a(lib_a-stdio.o)
                0x000029f8                __swrite
 .text.__sseek  0x00002a30       0x2c c:/nxp/mcuxpressoide_11.1.0_3209/ide/plugins/com.nxp.mcuxpresso.tools.win32_11.1.0.201909161352/tools/bin/../lib/gcc/arm-none-eabi/8.3.1/../../../../arm-none-eabi/lib/thumb/v6-m/nofp\libc_nano.a(lib_a-stdio.o)
                0x00002a30                __sseek
 .text.__swbuf_r
                0x00002a5c       0xac c:/nxp/mcuxpressoide_11.1.0_3209/ide/plugins/com.nxp.mcuxpresso.tools.win32_11.1.0.201909161352/tools/bin/../lib/gcc/arm-none-eabi/8.3.1/../../../../arm-none-eabi/lib/thumb/v6-m/nofp\libc_nano.a(lib_a-wbuf.o)
                0x00002a5c                __swbuf_r
 .text._write_r
                0x00002b08       0x28 c:/nxp/mcuxpressoide_11.1.0_3209/ide/plugins/com.nxp.mcuxpresso.tools.win32_11.1.0.201909161352/tools/bin/../lib/gcc/arm-none-eabi/8.3.1/../../../../arm-none-eabi/lib/thumb/v6-m/nofp\libc_nano.a(lib_a-writer.o)
                0x00002b08                _write_r
 .text.__swsetup_r
                0x00002b30       0xec c:/nxp/mcuxpressoide_11.1.0_3209/ide/plugins/com.nxp.mcuxpresso.tools.win32_11.1.0.201909161352/tools/bin/../lib/gcc/arm-none-eabi/8.3.1/../../../../arm-none-eabi/lib/thumb/v6-m/nofp\libc_nano.a(lib_a-wsetup.o)
                0x00002b30                __swsetup_r
 .text._close_r
                0x00002c1c       0x24 c:/nxp/mcuxpressoide_11.1.0_3209/ide/plugins/com.nxp.mcuxpresso.tools.win32_11.1.0.201909161352/tools/bin/../lib/gcc/arm-none-eabi/8.3.1/../../../../arm-none-eabi/lib/thumb/v6-m/nofp\libc_nano.a(lib_a-closer.o)
                0x00002c1c                _close_r
 .text.__sflush_r
                0x00002c40      0x114 c:/nxp/mcuxpressoide_11.1.0_3209/ide/plugins/com.nxp.mcuxpresso.tools.win32_11.1.0.201909161352/tools/bin/../lib/gcc/arm-none-eabi/8.3.1/../../../../arm-none-eabi/lib/thumb/v6-m/nofp\libc_nano.a(lib_a-fflush.o)
                0x00002c40                __sflush_r
 .text._fflush_r
                0x00002d54       0x80 c:/nxp/mcuxpressoide_11.1.0_3209/ide/plugins/com.nxp.mcuxpresso.tools.win32_11.1.0.201909161352/tools/bin/../lib/gcc/arm-none-eabi/8.3.1/../../../../arm-none-eabi/lib/thumb/v6-m/nofp\libc_nano.a(lib_a-fflush.o)
                0x00002d54                _fflush_r
 .text._lseek_r
                0x00002dd4       0x28 c:/nxp/mcuxpressoide_11.1.0_3209/ide/plugins/com.nxp.mcuxpresso.tools.win32_11.1.0.201909161352/tools/bin/../lib/gcc/arm-none-eabi/8.3.1/../../../../arm-none-eabi/lib/thumb/v6-m/nofp\libc_nano.a(lib_a-lseekr.o)
                0x00002dd4                _lseek_r
 .text.__swhatbuf_r
                0x00002dfc       0x50 c:/nxp/mcuxpressoide_11.1.0_3209/ide/plugins/com.nxp.mcuxpresso.tools.win32_11.1.0.201909161352/tools/bin/../lib/gcc/arm-none-eabi/8.3.1/../../../../arm-none-eabi/lib/thumb/v6-m/nofp\libc_nano.a(lib_a-makebuf.o)
                0x00002dfc                __swhatbuf_r
 .text.__smakebuf_r
                0x00002e4c       0x88 c:/nxp/mcuxpressoide_11.1.0_3209/ide/plugins/com.nxp.mcuxpresso.tools.win32_11.1.0.201909161352/tools/bin/../lib/gcc/arm-none-eabi/8.3.1/../../../../arm-none-eabi/lib/thumb/v6-m/nofp\libc_nano.a(lib_a-makebuf.o)
                0x00002e4c                __smakebuf_r
 .text._read_r  0x00002ed4       0x28 c:/nxp/mcuxpressoide_11.1.0_3209/ide/plugins/com.nxp.mcuxpresso.tools.win32_11.1.0.201909161352/tools/bin/../lib/gcc/arm-none-eabi/8.3.1/../../../../arm-none-eabi/lib/thumb/v6-m/nofp\libc_nano.a(lib_a-readr.o)
                0x00002ed4                _read_r
 .text._fstat_r
                0x00002efc       0x24 c:/nxp/mcuxpressoide_11.1.0_3209/ide/plugins/com.nxp.mcuxpresso.tools.win32_11.1.0.201909161352/tools/bin/../lib/gcc/arm-none-eabi/8.3.1/../../../../arm-none-eabi/lib/thumb/v6-m/nofp\libc_nano.a(lib_a-fstatr.o)
                0x00002efc                _fstat_r
 .text._isatty_r
                0x00002f20       0x24 c:/nxp/mcuxpressoide_11.1.0_3209/ide/plugins/com.nxp.mcuxpresso.tools.win32_11.1.0.201909161352/tools/bin/../lib/gcc/arm-none-eabi/8.3.1/../../../../arm-none-eabi/lib/thumb/v6-m/nofp\libc_nano.a(lib_a-isattyr.o)
                0x00002f20                _isatty_r
 .text._sbrk    0x00002f44       0x40 c:/nxp/mcuxpressoide_11.1.0_3209/ide/plugins/com.nxp.mcuxpresso.tools.win32_11.1.0.201909161352/tools/bin/../lib/gcc/arm-none-eabi/8.3.1/../../../../arm-none-eabi/lib/thumb/v6-m/nofp\libcr_newlib_semihost.a(_cr_sbrk.o)
                0x00002f44                _sbrk
 .text.initialise_monitor_handles
                0x00002f84       0xa0 c:/nxp/mcuxpressoide_11.1.0_3209/ide/plugins/com.nxp.mcuxpresso.tools.win32_11.1.0.201909161352/tools/bin/../lib/gcc/arm-none-eabi/8.3.1/../../../../arm-none-eabi/lib/thumb/v6-m/nofp\libcr_newlib_semihost.a(syscalls.o)
 .text.findslot
                0x00003024       0x24 c:/nxp/mcuxpressoide_11.1.0_3209/ide/plugins/com.nxp.mcuxpresso.tools.win32_11.1.0.201909161352/tools/bin/../lib/gcc/arm-none-eabi/8.3.1/../../../../arm-none-eabi/lib/thumb/v6-m/nofp\libcr_newlib_semihost.a(syscalls.o)
 .text._close   0x00003048       0x4c c:/nxp/mcuxpressoide_11.1.0_3209/ide/plugins/com.nxp.mcuxpresso.tools.win32_11.1.0.201909161352/tools/bin/../lib/gcc/arm-none-eabi/8.3.1/../../../../arm-none-eabi/lib/thumb/v6-m/nofp\libcr_newlib_semihost.a(syscalls.o)
                0x00003048                _close
 .text.__check_heap_overflow
                0x00003094       0x14 c:/nxp/mcuxpressoide_11.1.0_3209/ide/plugins/com.nxp.mcuxpresso.tools.win32_11.1.0.201909161352/tools/bin/../lib/gcc/arm-none-eabi/8.3.1/../../../../arm-none-eabi/lib/thumb/v6-m/nofp\libcr_newlib_semihost.a(_cr_check_heap.o)
                0x00003094                __check_heap_overflow
 .text          0x000030a8       0x48 c:/nxp/mcuxpressoide_11.1.0_3209/ide/plugins/com.nxp.mcuxpresso.tools.win32_11.1.0.201909161352/tools/bin/../lib/gcc/arm-none-eabi/8.3.1/thumb/v6-m/nofp\crtbegin.o
 .text.__errno  0x000030f0        0xc c:/nxp/mcuxpressoide_11.1.0_3209/ide/plugins/com.nxp.mcuxpresso.tools.win32_11.1.0.201909161352/tools/bin/../lib/gcc/arm-none-eabi/8.3.1/../../../../arm-none-eabi/lib/thumb/v6-m/nofp\libc_nano.a(lib_a-errno.o)
                0x000030f0                __errno
 .text.EnableIRQ
                0x000030fc       0x30 ./source/LPC51U68_Project.o
 .text.GPIO_PinWrite
                0x0000312c       0x2c ./source/LPC51U68_Project.o
 .text._ZL10TxCallbackP8I2S_TypeP11_i2s_handlelPv
                0x00003158       0x28 ./source/LPC51U68_Project.o
 .text._ZL5delaym
                0x00003180       0x26 ./source/LPC51U68_Project.o
 .text._Z41__static_initialization_and_destruction_0ii
                0x000031a6       0x12 ./source/LPC51U68_Project.o
 .text.POWER_EnablePD
                0x000031b8       0x2e ./drivers/fsl_clock.o
 .text.POWER_DisablePD
                0x000031e6       0x2e ./drivers/fsl_clock.o
 .text.DelayLoop
                0x00003214       0x1a ./drivers/fsl_common.o
 .text.DMA_GetVirtualStartChannel
                0x0000322e       0x44 ./drivers/fsl_dma.o
 .text.GPIO_PinInit
                0x00003272       0xb4 ./drivers/fsl_gpio.o
                0x00003272                GPIO_PinInit
 .text.EnableIRQ
                0x00003326       0x30 ./drivers/fsl_i2s.o
 .text.I2S_Enable
                0x00003356       0x26 ./drivers/fsl_i2s.o
 .text.I2S_Disable
                0x0000337c       0x26 ./drivers/fsl_i2s.o
 .text.I2S_EnableInterrupts
                0x000033a2       0x1c ./drivers/fsl_i2s.o
 .text.I2S_TxGetDefaultConfig
                0x000033be       0x64 ./drivers/fsl_i2s.o
                0x000033be                I2S_TxGetDefaultConfig
 .text.I2S_TxEnable
                0x00003422       0x5c ./drivers/fsl_i2s.o
 .text.RESET_PeripheralReset
                0x0000347e       0x20 ./drivers/fsl_reset.o
                0x0000347e                RESET_PeripheralReset
 .text.POWER_DisablePD
                0x0000349e       0x2e ./board/clock_config.o
 .text.BOARD_InitBootClocks
                0x000034cc        0xe ./board/clock_config.o
                0x000034cc                BOARD_InitBootClocks
 .text.memset   0x000034da       0x10 c:/nxp/mcuxpressoide_11.1.0_3209/ide/plugins/com.nxp.mcuxpresso.tools.win32_11.1.0.201909161352/tools/bin/../lib/gcc/arm-none-eabi/8.3.1/../../../../arm-none-eabi/lib/thumb/v6-m/nofp\libc_nano.a(lib_a-memset.o)
                0x000034da                memset
 .text.__sfmoreglue
                0x000034ea       0x2c c:/nxp/mcuxpressoide_11.1.0_3209/ide/plugins/com.nxp.mcuxpresso.tools.win32_11.1.0.201909161352/tools/bin/../lib/gcc/arm-none-eabi/8.3.1/../../../../arm-none-eabi/lib/thumb/v6-m/nofp\libc_nano.a(lib_a-findfp.o)
                0x000034ea                __sfmoreglue
 .text._fwalk_reent
                0x00003516       0x42 c:/nxp/mcuxpressoide_11.1.0_3209/ide/plugins/com.nxp.mcuxpresso.tools.win32_11.1.0.201909161352/tools/bin/../lib/gcc/arm-none-eabi/8.3.1/../../../../arm-none-eabi/lib/thumb/v6-m/nofp\libc_nano.a(lib_a-fwalk.o)
                0x00003516                _fwalk_reent
 .text.__retarget_lock_init_recursive
                0x00003558        0x2 c:/nxp/mcuxpressoide_11.1.0_3209/ide/plugins/com.nxp.mcuxpresso.tools.win32_11.1.0.201909161352/tools/bin/../lib/gcc/arm-none-eabi/8.3.1/../../../../arm-none-eabi/lib/thumb/v6-m/nofp\libc_nano.a(lib_a-lock.o)
                0x00003558                __retarget_lock_init_recursive
 .text.__retarget_lock_acquire_recursive
                0x0000355a        0x2 c:/nxp/mcuxpressoide_11.1.0_3209/ide/plugins/com.nxp.mcuxpresso.tools.win32_11.1.0.201909161352/tools/bin/../lib/gcc/arm-none-eabi/8.3.1/../../../../arm-none-eabi/lib/thumb/v6-m/nofp\libc_nano.a(lib_a-lock.o)
                0x0000355a                __retarget_lock_acquire_recursive
 .text.__retarget_lock_release_recursive
                0x0000355c        0x2 c:/nxp/mcuxpressoide_11.1.0_3209/ide/plugins/com.nxp.mcuxpresso.tools.win32_11.1.0.201909161352/tools/bin/../lib/gcc/arm-none-eabi/8.3.1/../../../../arm-none-eabi/lib/thumb/v6-m/nofp\libc_nano.a(lib_a-lock.o)
                0x0000355c                __retarget_lock_release_recursive
 .text.__sfputc_r
                0x0000355e       0x2a c:/nxp/mcuxpressoide_11.1.0_3209/ide/plugins/com.nxp.mcuxpresso.tools.win32_11.1.0.201909161352/tools/bin/../lib/gcc/arm-none-eabi/8.3.1/../../../../arm-none-eabi/lib/thumb/v6-m/nofp\libc_nano.a(lib_a-nano-vfprintf.o)
 .text.__sfputs_r
                0x00003588       0x24 c:/nxp/mcuxpressoide_11.1.0_3209/ide/plugins/com.nxp.mcuxpresso.tools.win32_11.1.0.201909161352/tools/bin/../lib/gcc/arm-none-eabi/8.3.1/../../../../arm-none-eabi/lib/thumb/v6-m/nofp\libc_nano.a(lib_a-nano-vfprintf.o)
                0x00003588                __sfputs_r
 .text._printf_common
                0x000035ac       0xda c:/nxp/mcuxpressoide_11.1.0_3209/ide/plugins/com.nxp.mcuxpresso.tools.win32_11.1.0.201909161352/tools/bin/../lib/gcc/arm-none-eabi/8.3.1/../../../../arm-none-eabi/lib/thumb/v6-m/nofp\libc_nano.a(lib_a-nano-vfprintf_i.o)
                0x000035ac                _printf_common
 .text.__sclose
                0x00003686        0xc c:/nxp/mcuxpressoide_11.1.0_3209/ide/plugins/com.nxp.mcuxpresso.tools.win32_11.1.0.201909161352/tools/bin/../lib/gcc/arm-none-eabi/8.3.1/../../../../arm-none-eabi/lib/thumb/v6-m/nofp\libc_nano.a(lib_a-stdio.o)
                0x00003686                __sclose
 .text.memchr   0x00003692       0x16 c:/nxp/mcuxpressoide_11.1.0_3209/ide/plugins/com.nxp.mcuxpresso.tools.win32_11.1.0.201909161352/tools/bin/../lib/gcc/arm-none-eabi/8.3.1/../../../../arm-none-eabi/lib/thumb/v6-m/nofp\libc_nano.a(lib_a-memchr-stub.o)
                0x00003692                memchr
 .text.error    0x000036a8       0x1c c:/nxp/mcuxpressoide_11.1.0_3209/ide/plugins/com.nxp.mcuxpresso.tools.win32_11.1.0.201909161352/tools/bin/../lib/gcc/arm-none-eabi/8.3.1/../../../../arm-none-eabi/lib/thumb/v6-m/nofp\libcr_newlib_semihost.a(syscalls.o)
 .text.checkerror
                0x000036c4       0x20 c:/nxp/mcuxpressoide_11.1.0_3209/ide/plugins/com.nxp.mcuxpresso.tools.win32_11.1.0.201909161352/tools/bin/../lib/gcc/arm-none-eabi/8.3.1/../../../../arm-none-eabi/lib/thumb/v6-m/nofp\libcr_newlib_semihost.a(syscalls.o)
 .text._swiread
                0x000036e4       0x20 c:/nxp/mcuxpressoide_11.1.0_3209/ide/plugins/com.nxp.mcuxpresso.tools.win32_11.1.0.201909161352/tools/bin/../lib/gcc/arm-none-eabi/8.3.1/../../../../arm-none-eabi/lib/thumb/v6-m/nofp\libcr_newlib_semihost.a(syscalls.o)
                0x000036e4                _swiread
 .text._read    0x00003704       0x34 c:/nxp/mcuxpressoide_11.1.0_3209/ide/plugins/com.nxp.mcuxpresso.tools.win32_11.1.0.201909161352/tools/bin/../lib/gcc/arm-none-eabi/8.3.1/../../../../arm-none-eabi/lib/thumb/v6-m/nofp\libcr_newlib_semihost.a(syscalls.o)
                0x00003704                _read
 .text._swilseek
                0x00003738       0x76 c:/nxp/mcuxpressoide_11.1.0_3209/ide/plugins/com.nxp.mcuxpresso.tools.win32_11.1.0.201909161352/tools/bin/../lib/gcc/arm-none-eabi/8.3.1/../../../../arm-none-eabi/lib/thumb/v6-m/nofp\libcr_newlib_semihost.a(syscalls.o)
                0x00003738                _swilseek
 .text._lseek   0x000037ae        0x8 c:/nxp/mcuxpressoide_11.1.0_3209/ide/plugins/com.nxp.mcuxpresso.tools.win32_11.1.0.201909161352/tools/bin/../lib/gcc/arm-none-eabi/8.3.1/../../../../arm-none-eabi/lib/thumb/v6-m/nofp\libcr_newlib_semihost.a(syscalls.o)
                0x000037ae                _lseek
 .text._swiwrite
                0x000037b6       0x20 c:/nxp/mcuxpressoide_11.1.0_3209/ide/plugins/com.nxp.mcuxpresso.tools.win32_11.1.0.201909161352/tools/bin/../lib/gcc/arm-none-eabi/8.3.1/../../../../arm-none-eabi/lib/thumb/v6-m/nofp\libcr_newlib_semihost.a(syscalls.o)
                0x000037b6                _swiwrite
 .text._write   0x000037d6       0x3e c:/nxp/mcuxpressoide_11.1.0_3209/ide/plugins/com.nxp.mcuxpresso.tools.win32_11.1.0.201909161352/tools/bin/../lib/gcc/arm-none-eabi/8.3.1/../../../../arm-none-eabi/lib/thumb/v6-m/nofp\libcr_newlib_semihost.a(syscalls.o)
                0x000037d6                _write
 .text._swiclose
                0x00003814       0x18 c:/nxp/mcuxpressoide_11.1.0_3209/ide/plugins/com.nxp.mcuxpresso.tools.win32_11.1.0.201909161352/tools/bin/../lib/gcc/arm-none-eabi/8.3.1/../../../../arm-none-eabi/lib/thumb/v6-m/nofp\libcr_newlib_semihost.a(syscalls.o)
                0x00003814                _swiclose
 .text._swistat
                0x0000382c       0x44 c:/nxp/mcuxpressoide_11.1.0_3209/ide/plugins/com.nxp.mcuxpresso.tools.win32_11.1.0.201909161352/tools/bin/../lib/gcc/arm-none-eabi/8.3.1/../../../../arm-none-eabi/lib/thumb/v6-m/nofp\libcr_newlib_semihost.a(syscalls.o)
                0x0000382c                _swistat
 .text._fstat   0x00003870       0x1a c:/nxp/mcuxpressoide_11.1.0_3209/ide/plugins/com.nxp.mcuxpresso.tools.win32_11.1.0.201909161352/tools/bin/../lib/gcc/arm-none-eabi/8.3.1/../../../../arm-none-eabi/lib/thumb/v6-m/nofp\libcr_newlib_semihost.a(syscalls.o)
                0x00003870                _fstat
 .text._isatty  0x0000388a       0x28 c:/nxp/mcuxpressoide_11.1.0_3209/ide/plugins/com.nxp.mcuxpresso.tools.win32_11.1.0.201909161352/tools/bin/../lib/gcc/arm-none-eabi/8.3.1/../../../../arm-none-eabi/lib/thumb/v6-m/nofp\libcr_newlib_semihost.a(syscalls.o)
                0x0000388a                _isatty
 *(SORT_BY_ALIGNMENT(.rodata) SORT_BY_ALIGNMENT(.rodata.*) SORT_BY_ALIGNMENT(.constdata) SORT_BY_ALIGNMENT(.constdata.*))
 *fill*         0x000038b2        0x2 ff
 .rodata.__assert_func.str1.4
                0x000038b4       0x3e ./utilities/fsl_assert.o
 *fill*         0x000038f2        0x2 ff
 .rodata.SDK_DelayAtLeastUs.str1.4
                0x000038f4       0x34 ./drivers/fsl_common.o
 .rodata.__func__.5872
                0x00003928       0x13 ./drivers/fsl_common.o
 *fill*         0x0000393b        0x1 ff
 .rodata.DMA_GetInstance.str1.4
                0x0000393c       0x2f ./drivers/fsl_dma.o
 *fill*         0x0000396b        0x1 ff
 .rodata.__func__.6117
                0x0000396c       0x10 ./drivers/fsl_dma.o
 .rodata.s_flexcommBaseAddrs
                0x0000397c       0x20 ./drivers/fsl_flexcomm.o
 .rodata.s_flexcommClocks
                0x0000399c       0x10 ./drivers/fsl_flexcomm.o
 .rodata.s_flexcommResets
                0x000039ac       0x20 ./drivers/fsl_flexcomm.o
 .rodata.FLEXCOMM_GetInstance.str1.4
                0x000039cc       0x34 ./drivers/fsl_flexcomm.o
 .rodata.FLEXCOMM0_DriverIRQHandler.str1.4
                0x00003a00       0x18 ./drivers/fsl_flexcomm.o
 .rodata.FLEXCOMM1_DriverIRQHandler.str1.4
                0x00003a18       0x18 ./drivers/fsl_flexcomm.o
 .rodata.FLEXCOMM2_DriverIRQHandler.str1.4
                0x00003a30       0x18 ./drivers/fsl_flexcomm.o
 .rodata.FLEXCOMM3_DriverIRQHandler.str1.4
                0x00003a48       0x18 ./drivers/fsl_flexcomm.o
 .rodata.FLEXCOMM4_DriverIRQHandler.str1.4
                0x00003a60       0x18 ./drivers/fsl_flexcomm.o
 .rodata.FLEXCOMM5_DriverIRQHandler.str1.4
                0x00003a78       0x18 ./drivers/fsl_flexcomm.o
 .rodata.FLEXCOMM6_DriverIRQHandler.str1.4
                0x00003a90       0x18 ./drivers/fsl_flexcomm.o
 .rodata.FLEXCOMM7_DriverIRQHandler.str1.4
                0x00003aa8       0x18 ./drivers/fsl_flexcomm.o
 .rodata.__func__.5876
                0x00003ac0       0x15 ./drivers/fsl_flexcomm.o
 *fill*         0x00003ad5        0x3 ff
 .rodata.__func__.5896
                0x00003ad8       0x1b ./drivers/fsl_flexcomm.o
 *fill*         0x00003af3        0x1 ff
 .rodata.__func__.5900
                0x00003af4       0x1b ./drivers/fsl_flexcomm.o
 *fill*         0x00003b0f        0x1 ff
 .rodata.__func__.5904
                0x00003b10       0x1b ./drivers/fsl_flexcomm.o
 *fill*         0x00003b2b        0x1 ff
 .rodata.__func__.5908
                0x00003b2c       0x1b ./drivers/fsl_flexcomm.o
 *fill*         0x00003b47        0x1 ff
 .rodata.__func__.5912
                0x00003b48       0x1b ./drivers/fsl_flexcomm.o
 *fill*         0x00003b63        0x1 ff
 .rodata.__func__.5916
                0x00003b64       0x1b ./drivers/fsl_flexcomm.o
 *fill*         0x00003b7f        0x1 ff
 .rodata.__func__.5920
                0x00003b80       0x1b ./drivers/fsl_flexcomm.o
 *fill*         0x00003b9b        0x1 ff
 .rodata.__func__.5924
                0x00003b9c       0x1b ./drivers/fsl_flexcomm.o
 *fill*         0x00003bb7        0x1 ff
 .rodata.s_i2sBaseAddrs
                0x00003bb8        0x8 ./drivers/fsl_i2s.o
 .rodata.s_i2sIRQ
                0x00003bc0        0x2 ./drivers/fsl_i2s.o
 *fill*         0x00003bc2        0x2 ff
 .rodata.I2S_GetInstance.str1.4
                0x00003bc4       0x13 ./drivers/fsl_i2s.o
 *fill*         0x00003bd7        0x1 ff
 .rodata.I2S_Config.str1.4
                0x00003bd8        0xf ./drivers/fsl_i2s.o
 *fill*         0x00003be7        0x1 ff
 .rodata.I2S_ValidateBuffer.str1.4
                0x00003be8      0x144 ./drivers/fsl_i2s.o
 .rodata.I2S_TxTransferCreateHandle.str1.4
                0x00003d2c        0xf ./drivers/fsl_i2s.o
 *fill*         0x00003d3b        0x1 ff
 .rodata.__func__.6013
                0x00003d3c       0x10 ./drivers/fsl_i2s.o
 .rodata.__func__.6045
                0x00003d4c        0xb ./drivers/fsl_i2s.o
 *fill*         0x00003d57        0x1 ff
 .rodata.__func__.6063
                0x00003d58       0x13 ./drivers/fsl_i2s.o
 *fill*         0x00003d6b        0x1 ff
 .rodata.__func__.6070
                0x00003d6c       0x1b ./drivers/fsl_i2s.o
 *fill*         0x00003d87        0x1 ff
 .rodata.__func__.6077
                0x00003d88       0x1a ./drivers/fsl_i2s.o
 *fill*         0x00003da2        0x2 ff
 .rodata.RESET_SetPeripheralReset.str1.4
                0x00003da4       0x20 ./drivers/fsl_reset.o
                                 0x1d (size before relaxing)
 .rodata.__func__.5832
                0x00003dc4       0x19 ./drivers/fsl_reset.o
 *fill*         0x00003ddd        0x3 ff
 .rodata.__func__.5845
                0x00003de0       0x1b ./drivers/fsl_reset.o
 *fill*         0x00003dfb        0x1 ff
 .rodata        0x00003dfc       0x1c ./board/clock_config.o
 .rodata.__sf_fake_stderr
                0x00003e18       0x20 c:/nxp/mcuxpressoide_11.1.0_3209/ide/plugins/com.nxp.mcuxpresso.tools.win32_11.1.0.201909161352/tools/bin/../lib/gcc/arm-none-eabi/8.3.1/../../../../arm-none-eabi/lib/thumb/v6-m/nofp\libc_nano.a(lib_a-findfp.o)
                0x00003e18                __sf_fake_stderr
 .rodata.__sf_fake_stdin
                0x00003e38       0x20 c:/nxp/mcuxpressoide_11.1.0_3209/ide/plugins/com.nxp.mcuxpresso.tools.win32_11.1.0.201909161352/tools/bin/../lib/gcc/arm-none-eabi/8.3.1/../../../../arm-none-eabi/lib/thumb/v6-m/nofp\libc_nano.a(lib_a-findfp.o)
                0x00003e38                __sf_fake_stdin
 .rodata.__sf_fake_stdout
                0x00003e58       0x20 c:/nxp/mcuxpressoide_11.1.0_3209/ide/plugins/com.nxp.mcuxpresso.tools.win32_11.1.0.201909161352/tools/bin/../lib/gcc/arm-none-eabi/8.3.1/../../../../arm-none-eabi/lib/thumb/v6-m/nofp\libc_nano.a(lib_a-findfp.o)
                0x00003e58                __sf_fake_stdout
 .rodata._global_impure_ptr
                0x00003e78        0x4 c:/nxp/mcuxpressoide_11.1.0_3209/ide/plugins/com.nxp.mcuxpresso.tools.win32_11.1.0.201909161352/tools/bin/../lib/gcc/arm-none-eabi/8.3.1/../../../../arm-none-eabi/lib/thumb/v6-m/nofp\libc_nano.a(lib_a-impure.o)
                0x00003e78                _global_impure_ptr
 .rodata._vfprintf_r.str1.1
                0x00003e7c       0x11 c:/nxp/mcuxpressoide_11.1.0_3209/ide/plugins/com.nxp.mcuxpresso.tools.win32_11.1.0.201909161352/tools/bin/../lib/gcc/arm-none-eabi/8.3.1/../../../../arm-none-eabi/lib/thumb/v6-m/nofp\libc_nano.a(lib_a-nano-vfprintf.o)
 .rodata._printf_i.str1.1
                0x00003e8d       0x22 c:/nxp/mcuxpressoide_11.1.0_3209/ide/plugins/com.nxp.mcuxpresso.tools.win32_11.1.0.201909161352/tools/bin/../lib/gcc/arm-none-eabi/8.3.1/../../../../arm-none-eabi/lib/thumb/v6-m/nofp\libc_nano.a(lib_a-nano-vfprintf_i.o)
 .rodata.initialise_monitor_handles.str1.1
                0x00003eaf        0x4 c:/nxp/mcuxpressoide_11.1.0_3209/ide/plugins/com.nxp.mcuxpresso.tools.win32_11.1.0.201909161352/tools/bin/../lib/gcc/arm-none-eabi/8.3.1/../../../../arm-none-eabi/lib/thumb/v6-m/nofp\libcr_newlib_semihost.a(syscalls.o)
                0x00003eb4                . = ALIGN (0x4)
 *fill*         0x00003eb3        0x1 ff
                0x00003eb4                . = ALIGN (0x4)
 *(SORT_BY_ALIGNMENT(.init))
 .init          0x00003eb4        0x4 c:/nxp/mcuxpressoide_11.1.0_3209/ide/plugins/com.nxp.mcuxpresso.tools.win32_11.1.0.201909161352/tools/bin/../lib/gcc/arm-none-eabi/8.3.1/thumb/v6-m/nofp\crti.o
                0x00003eb4                _init
 .init          0x00003eb8        0x8 c:/nxp/mcuxpressoide_11.1.0_3209/ide/plugins/com.nxp.mcuxpresso.tools.win32_11.1.0.201909161352/tools/bin/../lib/gcc/arm-none-eabi/8.3.1/thumb/v6-m/nofp\crtn.o
                0x00003ec0                . = ALIGN (0x4)
                0x00003ec0                __preinit_array_start = .
 *(SORT_BY_ALIGNMENT(.preinit_array))
                0x00003ec0                __preinit_array_end = .
                0x00003ec0                . = ALIGN (0x4)
                0x00003ec0                __init_array_start = .
 *(SORT_BY_NAME(SORT_BY_ALIGNMENT(.init_array.*)))
 *(SORT_BY_ALIGNMENT(.init_array))
 .init_array    0x00003ec0        0x4 ./source/LPC51U68_Project.o
 .init_array    0x00003ec4        0x4 c:/nxp/mcuxpressoide_11.1.0_3209/ide/plugins/com.nxp.mcuxpresso.tools.win32_11.1.0.201909161352/tools/bin/../lib/gcc/arm-none-eabi/8.3.1/thumb/v6-m/nofp\crtbegin.o
                0x00003ec8                __init_array_end = .
 *(SORT_BY_ALIGNMENT(.fini))
 .fini          0x00003ec8        0x4 c:/nxp/mcuxpressoide_11.1.0_3209/ide/plugins/com.nxp.mcuxpresso.tools.win32_11.1.0.201909161352/tools/bin/../lib/gcc/arm-none-eabi/8.3.1/thumb/v6-m/nofp\crti.o
                0x00003ec8                _fini
 .fini          0x00003ecc        0x8 c:/nxp/mcuxpressoide_11.1.0_3209/ide/plugins/com.nxp.mcuxpresso.tools.win32_11.1.0.201909161352/tools/bin/../lib/gcc/arm-none-eabi/8.3.1/thumb/v6-m/nofp\crtn.o
                0x00003ed4                . = ALIGN (0x4)
 *crtbegin.o(SORT_BY_ALIGNMENT(.ctors))
 *(SORT_BY_ALIGNMENT(EXCLUDE_FILE(*crtend.o) .ctors))
 *(SORT_BY_NAME(SORT_BY_ALIGNMENT(.ctors.*)))
 *crtend.o(SORT_BY_ALIGNMENT(.ctors))
                0x00003ed4                . = ALIGN (0x4)
 *crtbegin.o(SORT_BY_ALIGNMENT(.dtors))
 *(SORT_BY_ALIGNMENT(EXCLUDE_FILE(*crtend.o) .dtors))
 *(SORT_BY_NAME(SORT_BY_ALIGNMENT(.dtors.*)))
 *crtend.o(SORT_BY_ALIGNMENT(.dtors))
                0x00003ed4                . = ALIGN (0x4)

.glue_7         0x00003ed4        0x0
 .glue_7        0x00003ed4        0x0 linker stubs

.glue_7t        0x00003ed4        0x0
 .glue_7t       0x00003ed4        0x0 linker stubs

.vfp11_veneer   0x00003ed4        0x0
 .vfp11_veneer  0x00003ed4        0x0 linker stubs

.v4_bx          0x00003ed4        0x0
 .v4_bx         0x00003ed4        0x0 linker stubs

.iplt           0x00003ed4        0x0
 .iplt          0x00003ed4        0x0 ./utilities/fsl_assert.o

.ARM.extab
 *(SORT_BY_ALIGNMENT(.ARM.extab*) SORT_BY_ALIGNMENT(.gnu.linkonce.armextab.*))
                0x00003ed4                __exidx_start = .

.ARM.exidx      0x00003ed4        0x8
 *(SORT_BY_ALIGNMENT(.ARM.exidx*) SORT_BY_ALIGNMENT(.gnu.linkonce.armexidx.*))
 .ARM.exidx     0x00003ed4        0x8 c:/nxp/mcuxpressoide_11.1.0_3209/ide/plugins/com.nxp.mcuxpresso.tools.win32_11.1.0.201909161352/tools/bin/../lib/gcc/arm-none-eabi/8.3.1/thumb/v6-m/nofp\libgcc.a(_udivmoddi4.o)
                0x00003edc                __exidx_end = .
                0x00003edc                _etext = .

.rel.dyn        0x00003edc        0x0
 .rel.iplt      0x00003edc        0x0 ./utilities/fsl_assert.o

.eh_frame       0x00003edc        0x0
 .eh_frame      0x00003edc        0x0 c:/nxp/mcuxpressoide_11.1.0_3209/ide/plugins/com.nxp.mcuxpresso.tools.win32_11.1.0.201909161352/tools/bin/../lib/gcc/arm-none-eabi/8.3.1/thumb/v6-m/nofp\crtbegin.o

.data_RAM2      0x04000000        0x0 load address 0x00003edc
 FILL mask 0xff
                [!provide]                PROVIDE (__start_data_RAM2 = .)
                [!provide]                PROVIDE (__start_data_SRAMX = .)
 *(SORT_BY_ALIGNMENT(.ramfunc.$RAM2))
 *(SORT_BY_ALIGNMENT(.ramfunc.$SRAMX))
 *(SORT_BY_ALIGNMENT(.data.$RAM2))
 *(SORT_BY_ALIGNMENT(.data.$SRAMX))
 *(SORT_BY_ALIGNMENT(.data.$RAM2.*))
 *(SORT_BY_ALIGNMENT(.data.$SRAMX.*))
                0x04000000                . = ALIGN (0x4)
                [!provide]                PROVIDE (__end_data_RAM2 = .)
                [!provide]                PROVIDE (__end_data_SRAMX = .)

.uninit_RESERVED
                0x20000000        0x0
                0x20000000                _start_uninit_RESERVED = .
 *(SORT_BY_ALIGNMENT(.bss.$RESERVED*))
                0x20000000                . = ALIGN (0x4)
                0x20000000                _end_uninit_RESERVED = .

.data           0x20000000      0x218 load address 0x00003edc
 FILL mask 0xff
                0x20000000                _data = .
                [!provide]                PROVIDE (__start_data_RAM = .)
                [!provide]                PROVIDE (__start_data_SRAM0 = .)
 *(SORT_BY_ALIGNMENT(vtable))
 *(SORT_BY_ALIGNMENT(.ramfunc*))
 *(SORT_BY_ALIGNMENT(CodeQuickAccess))
 *(SORT_BY_ALIGNMENT(DataQuickAccess))
 *(SORT_BY_ALIGNMENT(RamFunction))
 *(SORT_BY_ALIGNMENT(.data*))
 .data.g_Music  0x20000000      0x1b0 ./source/LPC51U68_Project.o
                0x20000000                g_Music
 .data.SystemCoreClock
                0x200001b0        0x4 ./device/system_LPC51U68.o
                0x200001b0                SystemCoreClock
 .data._impure_ptr
                0x200001b4        0x4 c:/nxp/mcuxpressoide_11.1.0_3209/ide/plugins/com.nxp.mcuxpresso.tools.win32_11.1.0.201909161352/tools/bin/../lib/gcc/arm-none-eabi/8.3.1/../../../../arm-none-eabi/lib/thumb/v6-m/nofp\libc_nano.a(lib_a-impure.o)
                0x200001b4                _impure_ptr
 .data.impure_data
                0x200001b8       0x60 c:/nxp/mcuxpressoide_11.1.0_3209/ide/plugins/com.nxp.mcuxpresso.tools.win32_11.1.0.201909161352/tools/bin/../lib/gcc/arm-none-eabi/8.3.1/../../../../arm-none-eabi/lib/thumb/v6-m/nofp\libc_nano.a(lib_a-impure.o)
                0x20000218                . = ALIGN (0x4)
                0x20000218                _edata = .
                [!provide]                PROVIDE (__end_data_RAM = .)
                [!provide]                PROVIDE (__end_data_SRAM0 = .)

.igot.plt       0x20000218        0x0 load address 0x000040f4
 .igot.plt      0x20000218        0x0 ./utilities/fsl_assert.o

.bss_RAM2       0x04000000        0x0
                [!provide]                PROVIDE (__start_bss_RAM2 = .)
                [!provide]                PROVIDE (__start_bss_SRAMX = .)
 *(SORT_BY_ALIGNMENT(.bss.$RAM2))
 *(SORT_BY_ALIGNMENT(.bss.$SRAMX))
 *(SORT_BY_ALIGNMENT(.bss.$RAM2.*))
 *(SORT_BY_ALIGNMENT(.bss.$SRAMX.*))
                0x04000000                . = ALIGN ((. != 0x0)?0x4:0x1)
                [!provide]                PROVIDE (__end_bss_RAM2 = .)
                [!provide]                PROVIDE (__end_bss_SRAMX = .)

.bss            0x20000218      0x158
                0x20000218                _bss = .
                [!provide]                PROVIDE (__start_bss_RAM = .)
                [!provide]                PROVIDE (__start_bss_SRAM0 = .)
 *(SORT_BY_ALIGNMENT(.bss*))
 .bss._ZL10s_TxConfig
                0x20000218       0x12 ./source/LPC51U68_Project.o
 *fill*         0x2000022a        0x2 
 .bss._ZL10s_TxHandle
                0x2000022c       0x40 ./source/LPC51U68_Project.o
 .bss._ZL12s_TxTransfer
                0x2000026c        0x8 ./source/LPC51U68_Project.o
 .bss.s_Pll_Freq
                0x20000274        0x4 ./drivers/fsl_clock.o
 .bss.s_DMAHandle
                0x20000278       0x48 ./drivers/fsl_dma.o
 .bss.s_flexcommIrqHandler
                0x200002c0       0x20 ./drivers/fsl_flexcomm.o
 .bss.s_flexcommHandle
                0x200002e0       0x20 ./drivers/fsl_flexcomm.o
 .bss.__malloc_free_list
                0x20000300        0x4 c:/nxp/mcuxpressoide_11.1.0_3209/ide/plugins/com.nxp.mcuxpresso.tools.win32_11.1.0.201909161352/tools/bin/../lib/gcc/arm-none-eabi/8.3.1/../../../../arm-none-eabi/lib/thumb/v6-m/nofp\libc_nano.a(lib_a-nano-mallocr.o)
                0x20000300                __malloc_free_list
 .bss.__malloc_sbrk_start
                0x20000304        0x4 c:/nxp/mcuxpressoide_11.1.0_3209/ide/plugins/com.nxp.mcuxpresso.tools.win32_11.1.0.201909161352/tools/bin/../lib/gcc/arm-none-eabi/8.3.1/../../../../arm-none-eabi/lib/thumb/v6-m/nofp\libc_nano.a(lib_a-nano-mallocr.o)
                0x20000304                __malloc_sbrk_start
 .bss.__end_of_heap
                0x20000308        0x4 c:/nxp/mcuxpressoide_11.1.0_3209/ide/plugins/com.nxp.mcuxpresso.tools.win32_11.1.0.201909161352/tools/bin/../lib/gcc/arm-none-eabi/8.3.1/../../../../arm-none-eabi/lib/thumb/v6-m/nofp\libcr_newlib_semihost.a(_cr_sbrk.o)
                0x20000308                __end_of_heap
 .bss.initialized.5735
                0x2000030c        0x4 c:/nxp/mcuxpressoide_11.1.0_3209/ide/plugins/com.nxp.mcuxpresso.tools.win32_11.1.0.201909161352/tools/bin/../lib/gcc/arm-none-eabi/8.3.1/../../../../arm-none-eabi/lib/thumb/v6-m/nofp\libcr_newlib_semihost.a(syscalls.o)
 .bss.monitor_stderr
                0x20000310        0x4 c:/nxp/mcuxpressoide_11.1.0_3209/ide/plugins/com.nxp.mcuxpresso.tools.win32_11.1.0.201909161352/tools/bin/../lib/gcc/arm-none-eabi/8.3.1/../../../../arm-none-eabi/lib/thumb/v6-m/nofp\libcr_newlib_semihost.a(syscalls.o)
 .bss.monitor_stdin
                0x20000314        0x4 c:/nxp/mcuxpressoide_11.1.0_3209/ide/plugins/com.nxp.mcuxpresso.tools.win32_11.1.0.201909161352/tools/bin/../lib/gcc/arm-none-eabi/8.3.1/../../../../arm-none-eabi/lib/thumb/v6-m/nofp\libcr_newlib_semihost.a(syscalls.o)
 .bss.monitor_stdout
                0x20000318        0x4 c:/nxp/mcuxpressoide_11.1.0_3209/ide/plugins/com.nxp.mcuxpresso.tools.win32_11.1.0.201909161352/tools/bin/../lib/gcc/arm-none-eabi/8.3.1/../../../../arm-none-eabi/lib/thumb/v6-m/nofp\libcr_newlib_semihost.a(syscalls.o)
 .bss.openfiles
                0x2000031c       0x28 c:/nxp/mcuxpressoide_11.1.0_3209/ide/plugins/com.nxp.mcuxpresso.tools.win32_11.1.0.201909161352/tools/bin/../lib/gcc/arm-none-eabi/8.3.1/../../../../arm-none-eabi/lib/thumb/v6-m/nofp\libcr_newlib_semihost.a(syscalls.o)
 .bss           0x20000344       0x1c c:/nxp/mcuxpressoide_11.1.0_3209/ide/plugins/com.nxp.mcuxpresso.tools.win32_11.1.0.201909161352/tools/bin/../lib/gcc/arm-none-eabi/8.3.1/thumb/v6-m/nofp\crtbegin.o
 *(SORT_BY_ALIGNMENT(COMMON))
 COMMON         0x20000360        0x4 c:/nxp/mcuxpressoide_11.1.0_3209/ide/plugins/com.nxp.mcuxpresso.tools.win32_11.1.0.201909161352/tools/bin/../lib/gcc/arm-none-eabi/8.3.1/../../../../arm-none-eabi/lib/thumb/v6-m/nofp\libc_nano.a(lib_a-reent.o)
                0x20000360                errno
 COMMON         0x20000364        0x9 c:/nxp/mcuxpressoide_11.1.0_3209/ide/plugins/com.nxp.mcuxpresso.tools.win32_11.1.0.201909161352/tools/bin/../lib/gcc/arm-none-eabi/8.3.1/../../../../arm-none-eabi/lib/thumb/v6-m/nofp\libc_nano.a(lib_a-lock.o)
                0x20000364                __lock___atexit_recursive_mutex
                0x20000365                __lock___arc4random_mutex
                0x20000366                __lock___env_recursive_mutex
                0x20000367                __lock___sinit_recursive_mutex
                0x20000368                __lock___malloc_recursive_mutex
                0x20000369                __lock___at_quick_exit_mutex
                0x2000036a                __lock___dd_hash_mutex
                0x2000036b                __lock___tz_mutex
                0x2000036c                __lock___sfp_recursive_mutex
                0x20000370                . = ALIGN (0x4)
 *fill*         0x2000036d        0x3 
                0x20000370                _ebss = .
                [!provide]                PROVIDE (__end_bss_RAM = .)
                [!provide]                PROVIDE (__end_bss_SRAM0 = .)
                [!provide]                PROVIDE (end = .)

.noinit_RAM2    0x04000000        0x0
                [!provide]                PROVIDE (__start_noinit_RAM2 = .)
                [!provide]                PROVIDE (__start_noinit_SRAMX = .)
 *(SORT_BY_ALIGNMENT(.noinit.$RAM2))
 *(SORT_BY_ALIGNMENT(.noinit.$SRAMX))
 *(SORT_BY_ALIGNMENT(.noinit.$RAM2.*))
 *(SORT_BY_ALIGNMENT(.noinit.$SRAMX.*))
                0x04000000                . = ALIGN (0x4)
                [!provide]                PROVIDE (__end_noinit_RAM2 = .)
                [!provide]                PROVIDE (__end_noinit_SRAMX = .)

.noinit         0x20000370        0x0
                0x20000370                _noinit = .
                [!provide]                PROVIDE (__start_noinit_RAM = .)
                [!provide]                PROVIDE (__start_noinit_SRAM0 = .)
 *(SORT_BY_ALIGNMENT(.noinit*))
                0x20000370                . = ALIGN (0x4)
                0x20000370                _end_noinit = .
                [!provide]                PROVIDE (__end_noinit_RAM = .)
                [!provide]                PROVIDE (__end_noinit_SRAM0 = .)
                0x00001000                _HeapSize = 0x1000

.heap           0x20000370     0x1000
                0x20000370                _pvHeapStart = .
                0x20001370                . = (. + _HeapSize)
 *fill*         0x20000370     0x1000 
                0x20001370                . = ALIGN (0x4)
                0x20001370                _pvHeapLimit = .
                0x00001000                _StackSize = 0x1000

.heap2stackfill
                0x20001370     0x1000
                0x20002370                . = (. + _StackSize)
 *fill*         0x20001370     0x1000 

.stack          0x2000f000        0x0
                0x2000f000                _vStackBase = .
                0x2000f000                . = ALIGN (0x4)
                0x20010000                _vStackTop = (. + _StackSize)
                0xdffefa13                PROVIDE (__valid_user_code_checksum = (0x0 - (((_vStackTop + (ResetISR + 0x1)) + (DEFINED (NMI_Handler)?NMI_Handler:M0_NMI_Handler + 0x1)) + (DEFINED (HardFault_Handler)?HardFault_Handler:M0_HardFault_Handler + 0x1))))
                0x00000000                _image_start = LOADADDR (.text)
                0x000040f4                _image_end = (LOADADDR (.data) + SIZEOF (.data))
                0x000040f4                _image_size = (_image_end - _image_start)
OUTPUT(LPC51U68_Project.axf elf32-littlearm)

.debug_info     0x00000000    0x1526a
 .debug_info    0x00000000      0x9ab ./utilities/fsl_assert.o
 .debug_info    0x000009ab      0x45b ./startup/startup_lpc51u68.o
 .debug_info    0x00000e06     0x1ff3 ./source/LPC51U68_Project.o
 .debug_info    0x00002df9       0x3c ./source/semihost_hardfault.o
 .debug_info    0x00002e35     0x2c1f ./drivers/fsl_clock.o
 .debug_info    0x00005a54     0x160c ./drivers/fsl_common.o
 .debug_info    0x00007060     0x2e29 ./drivers/fsl_dma.o
 .debug_info    0x00009e89     0x1ce1 ./drivers/fsl_flexcomm.o
 .debug_info    0x0000bb6a     0x1a26 ./drivers/fsl_gpio.o
 .debug_info    0x0000d590     0x1d0d ./drivers/fsl_i2s.o
 .debug_info    0x0000f29d     0x1347 ./drivers/fsl_reset.o
 .debug_info    0x000105e4      0xb59 ./device/system_LPC51U68.o
 .debug_info    0x0001113d     0x1621 ./board/clock_config.o
 .debug_info    0x0001275e     0x15c8 ./board/pin_mux.o
 .debug_info    0x00013d26     0x1544 D:\GitHub\looper-test\LPC51U68_Project\libs\libpower.a(fsl_power_lib.o)

.debug_abbrev   0x00000000     0x2b6d
 .debug_abbrev  0x00000000      0x1e6 ./utilities/fsl_assert.o
 .debug_abbrev  0x000001e6      0x172 ./startup/startup_lpc51u68.o
 .debug_abbrev  0x00000358      0x446 ./source/LPC51U68_Project.o
 .debug_abbrev  0x0000079e       0x31 ./source/semihost_hardfault.o
 .debug_abbrev  0x000007cf      0x48c ./drivers/fsl_clock.o
 .debug_abbrev  0x00000c5b      0x348 ./drivers/fsl_common.o
 .debug_abbrev  0x00000fa3      0x434 ./drivers/fsl_dma.o
 .debug_abbrev  0x000013d7      0x399 ./drivers/fsl_flexcomm.o
 .debug_abbrev  0x00001770      0x304 ./drivers/fsl_gpio.o
 .debug_abbrev  0x00001a74      0x3a4 ./drivers/fsl_i2s.o
 .debug_abbrev  0x00001e18      0x263 ./drivers/fsl_reset.o
 .debug_abbrev  0x0000207b      0x1e9 ./device/system_LPC51U68.o
 .debug_abbrev  0x00002264      0x2c0 ./board/clock_config.o
 .debug_abbrev  0x00002524      0x2ca ./board/pin_mux.o
 .debug_abbrev  0x000027ee      0x37f D:\GitHub\looper-test\LPC51U68_Project\libs\libpower.a(fsl_power_lib.o)

.debug_aranges  0x00000000      0x820
 .debug_aranges
                0x00000000       0x20 ./utilities/fsl_assert.o
 .debug_aranges
                0x00000020      0x150 ./startup/startup_lpc51u68.o
 .debug_aranges
                0x00000170       0x58 ./source/LPC51U68_Project.o
 .debug_aranges
                0x000001c8       0x20 ./source/semihost_hardfault.o
 .debug_aranges
                0x000001e8      0x1b0 ./drivers/fsl_clock.o
 .debug_aranges
                0x00000398       0x68 ./drivers/fsl_common.o
 .debug_aranges
                0x00000400      0x130 ./drivers/fsl_dma.o
 .debug_aranges
                0x00000530       0x88 ./drivers/fsl_flexcomm.o
 .debug_aranges
                0x000005b8       0x30 ./drivers/fsl_gpio.o
 .debug_aranges
                0x000005e8       0xf0 ./drivers/fsl_i2s.o
 .debug_aranges
                0x000006d8       0x30 ./drivers/fsl_reset.o
 .debug_aranges
                0x00000708       0x60 ./device/system_LPC51U68.o
 .debug_aranges
                0x00000768       0x30 ./board/clock_config.o
 .debug_aranges
                0x00000798       0x30 ./board/pin_mux.o
 .debug_aranges
                0x000007c8       0x58 D:\GitHub\looper-test\LPC51U68_Project\libs\libpower.a(fsl_power_lib.o)

.debug_ranges   0x00000000      0x7f0
 .debug_ranges  0x00000000       0x10 ./utilities/fsl_assert.o
 .debug_ranges  0x00000010      0x140 ./startup/startup_lpc51u68.o
 .debug_ranges  0x00000150       0x48 ./source/LPC51U68_Project.o
 .debug_ranges  0x00000198       0x10 ./source/semihost_hardfault.o
 .debug_ranges  0x000001a8      0x1a0 ./drivers/fsl_clock.o
 .debug_ranges  0x00000348       0x58 ./drivers/fsl_common.o
 .debug_ranges  0x000003a0      0x120 ./drivers/fsl_dma.o
 .debug_ranges  0x000004c0       0x78 ./drivers/fsl_flexcomm.o
 .debug_ranges  0x00000538       0x20 ./drivers/fsl_gpio.o
 .debug_ranges  0x00000558       0xe0 ./drivers/fsl_i2s.o
 .debug_ranges  0x00000638       0x20 ./drivers/fsl_reset.o
 .debug_ranges  0x00000658       0x50 ./device/system_LPC51U68.o
 .debug_ranges  0x000006a8       0x20 ./board/clock_config.o
 .debug_ranges  0x000006c8       0x20 ./board/pin_mux.o
 .debug_ranges  0x000006e8      0x108 D:\GitHub\looper-test\LPC51U68_Project\libs\libpower.a(fsl_power_lib.o)

.debug_macro    0x00000000     0xbf67
 .debug_macro   0x00000000      0x2e6 ./utilities/fsl_assert.o
 .debug_macro   0x000002e6      0xaa2 ./utilities/fsl_assert.o
 .debug_macro   0x00000d88       0x22 ./utilities/fsl_assert.o
 .debug_macro   0x00000daa       0x58 ./utilities/fsl_assert.o
 .debug_macro   0x00000e02       0x18 ./utilities/fsl_assert.o
 .debug_macro   0x00000e1a       0x94 ./utilities/fsl_assert.o
 .debug_macro   0x00000eae       0x35 ./utilities/fsl_assert.o
 .debug_macro   0x00000ee3       0x34 ./utilities/fsl_assert.o
 .debug_macro   0x00000f17       0x1c ./utilities/fsl_assert.o
 .debug_macro   0x00000f33       0x22 ./utilities/fsl_assert.o
 .debug_macro   0x00000f55      0x34e ./utilities/fsl_assert.o
 .debug_macro   0x000012a3      0x174 ./utilities/fsl_assert.o
 .debug_macro   0x00001417       0x16 ./utilities/fsl_assert.o
 .debug_macro   0x0000142d       0x43 ./utilities/fsl_assert.o
 .debug_macro   0x00001470       0x57 ./utilities/fsl_assert.o
 .debug_macro   0x000014c7       0x34 ./utilities/fsl_assert.o
 .debug_macro   0x000014fb       0x10 ./utilities/fsl_assert.o
 .debug_macro   0x0000150b       0x58 ./utilities/fsl_assert.o
 .debug_macro   0x00001563      0x182 ./utilities/fsl_assert.o
 .debug_macro   0x000016e5      0x339 ./utilities/fsl_assert.o
 .debug_macro   0x00001a1e       0x10 ./utilities/fsl_assert.o
 .debug_macro   0x00001a2e       0x35 ./utilities/fsl_assert.o
 .debug_macro   0x00001a63       0x16 ./utilities/fsl_assert.o
 .debug_macro   0x00001a79       0x16 ./utilities/fsl_assert.o
 .debug_macro   0x00001a8f       0x29 ./utilities/fsl_assert.o
 .debug_macro   0x00001ab8       0x10 ./utilities/fsl_assert.o
 .debug_macro   0x00001ac8       0x3c ./utilities/fsl_assert.o
 .debug_macro   0x00001b04       0x1c ./utilities/fsl_assert.o
 .debug_macro   0x00001b20       0x22 ./utilities/fsl_assert.o
 .debug_macro   0x00001b42       0xa8 ./utilities/fsl_assert.o
 .debug_macro   0x00001bea      0x3ad ./utilities/fsl_assert.o
 .debug_macro   0x00001f97       0x2e ./utilities/fsl_assert.o
 .debug_macro   0x00001fc5     0x5e7d ./utilities/fsl_assert.o
 .debug_macro   0x00007e42      0x22a ./utilities/fsl_assert.o
 .debug_macro   0x0000806c       0xd0 ./utilities/fsl_assert.o
 .debug_macro   0x0000813c      0x1e2 ./utilities/fsl_assert.o
 .debug_macro   0x0000831e       0x16 ./utilities/fsl_assert.o
 .debug_macro   0x00008334       0x6c ./utilities/fsl_assert.o
 .debug_macro   0x000083a0       0x2e ./utilities/fsl_assert.o
 .debug_macro   0x000083ce       0x28 ./utilities/fsl_assert.o
 .debug_macro   0x000083f6       0x32 ./utilities/fsl_assert.o
 .debug_macro   0x00008428       0x16 ./utilities/fsl_assert.o
 .debug_macro   0x0000843e       0x1c ./utilities/fsl_assert.o
 .debug_macro   0x0000845a       0x10 ./utilities/fsl_assert.o
 .debug_macro   0x0000846a       0x10 ./utilities/fsl_assert.o
 .debug_macro   0x0000847a       0x6a ./utilities/fsl_assert.o
 .debug_macro   0x000084e4       0x1c ./utilities/fsl_assert.o
 .debug_macro   0x00008500       0x52 ./utilities/fsl_assert.o
 .debug_macro   0x00008552       0x40 ./utilities/fsl_assert.o
 .debug_macro   0x00008592       0x10 ./utilities/fsl_assert.o
 .debug_macro   0x000085a2       0x40 ./utilities/fsl_assert.o
 .debug_macro   0x000085e2       0xd5 ./utilities/fsl_assert.o
 .debug_macro   0x000086b7       0x1c ./utilities/fsl_assert.o
 .debug_macro   0x000086d3       0x3d ./utilities/fsl_assert.o
 .debug_macro   0x00008710       0x16 ./utilities/fsl_assert.o
 .debug_macro   0x00008726      0x16f ./utilities/fsl_assert.o
 .debug_macro   0x00008895       0x1c ./utilities/fsl_assert.o
 .debug_macro   0x000088b1       0x2a ./startup/startup_lpc51u68.o
 .debug_macro   0x000088db      0xb7a ./startup/startup_lpc51u68.o
 .debug_macro   0x00009455      0x2a9 ./source/LPC51U68_Project.o
 .debug_macro   0x000096fe       0x16 ./source/LPC51U68_Project.o
 .debug_macro   0x00009714       0x10 ./source/LPC51U68_Project.o
 .debug_macro   0x00009724       0x6a ./source/LPC51U68_Project.o
 .debug_macro   0x0000978e       0x34 ./source/LPC51U68_Project.o
 .debug_macro   0x000097c2       0x16 ./source/LPC51U68_Project.o
 .debug_macro   0x000097d8      0x17b ./source/LPC51U68_Project.o
 .debug_macro   0x00009953       0x43 ./source/LPC51U68_Project.o
 .debug_macro   0x00009996      0x35c ./source/LPC51U68_Project.o
 .debug_macro   0x00009cf2       0x35 ./source/LPC51U68_Project.o
 .debug_macro   0x00009d27      0x16f ./source/LPC51U68_Project.o
 .debug_macro   0x00009e96       0x10 ./source/LPC51U68_Project.o
 .debug_macro   0x00009ea6      0x3ed ./source/LPC51U68_Project.o
 .debug_macro   0x0000a293       0x10 ./source/LPC51U68_Project.o
 .debug_macro   0x0000a2a3       0x1c ./source/LPC51U68_Project.o
 .debug_macro   0x0000a2bf       0xde ./source/LPC51U68_Project.o
 .debug_macro   0x0000a39d      0x3ad ./source/LPC51U68_Project.o
 .debug_macro   0x0000a74a       0x10 ./source/LPC51U68_Project.o
 .debug_macro   0x0000a75a       0x16 ./source/LPC51U68_Project.o
 .debug_macro   0x0000a770       0x10 ./source/LPC51U68_Project.o
 .debug_macro   0x0000a780       0x10 ./source/LPC51U68_Project.o
 .debug_macro   0x0000a790       0x10 ./source/LPC51U68_Project.o
 .debug_macro   0x0000a7a0       0x11 ./source/semihost_hardfault.o
 .debug_macro   0x0000a7b1      0x2a4 ./drivers/fsl_clock.o
 .debug_macro   0x0000aa55       0x22 ./drivers/fsl_clock.o
 .debug_macro   0x0000aa77      0x1ed ./drivers/fsl_common.o
 .debug_macro   0x0000ac64      0x1f6 ./drivers/fsl_dma.o
 .debug_macro   0x0000ae5a       0x70 ./drivers/fsl_dma.o
 .debug_macro   0x0000aeca      0x1f0 ./drivers/fsl_flexcomm.o
 .debug_macro   0x0000b0ba      0x1f7 ./drivers/fsl_gpio.o
 .debug_macro   0x0000b2b1      0x223 ./drivers/fsl_i2s.o
 .debug_macro   0x0000b4d4       0xae ./drivers/fsl_i2s.o
 .debug_macro   0x0000b582      0x333 ./drivers/fsl_i2s.o
 .debug_macro   0x0000b8b5      0x1e7 ./drivers/fsl_reset.o
 .debug_macro   0x0000ba9c       0xb5 ./device/system_LPC51U68.o
 .debug_macro   0x0000bb51      0x207 ./board/clock_config.o
 .debug_macro   0x0000bd58       0x1c ./board/clock_config.o
 .debug_macro   0x0000bd74      0x1f3 ./board/pin_mux.o

.debug_line     0x00000000     0x7908
 .debug_line    0x00000000      0x669 ./utilities/fsl_assert.o
 .debug_line    0x00000669      0x1f5 ./startup/startup_lpc51u68.o
 .debug_line    0x0000085e      0x896 ./source/LPC51U68_Project.o
 .debug_line    0x000010f4       0x5a ./source/semihost_hardfault.o
 .debug_line    0x0000114e     0x17ac ./drivers/fsl_clock.o
 .debug_line    0x000028fa      0x68c ./drivers/fsl_common.o
 .debug_line    0x00002f86      0xfae ./drivers/fsl_dma.o
 .debug_line    0x00003f34      0x75b ./drivers/fsl_flexcomm.o
 .debug_line    0x0000468f      0x54e ./drivers/fsl_gpio.o
 .debug_line    0x00004bdd      0xf4b ./drivers/fsl_i2s.o
 .debug_line    0x00005b28      0x595 ./drivers/fsl_reset.o
 .debug_line    0x000060bd      0x4d2 ./device/system_LPC51U68.o
 .debug_line    0x0000658f      0x591 ./board/clock_config.o
 .debug_line    0x00006b20      0x5b9 ./board/pin_mux.o
 .debug_line    0x000070d9      0x82f D:\GitHub\looper-test\LPC51U68_Project\libs\libpower.a(fsl_power_lib.o)

.debug_str      0x00000000    0x4553c
 .debug_str     0x00000000    0x3d447 ./utilities/fsl_assert.o
                              0x3d717 (size before relaxing)
 .debug_str     0x0003d447      0xa09 ./startup/startup_lpc51u68.o
                               0x35b0 (size before relaxing)
 .debug_str     0x0003de50     0x3058 ./source/LPC51U68_Project.o
                              0x3f30d (size before relaxing)
 .debug_str     0x00040ea8       0x1f ./source/semihost_hardfault.o
                               0x2d95 (size before relaxing)
 .debug_str     0x00040ec7     0x21d4 ./drivers/fsl_clock.o
                              0x3eade (size before relaxing)
 .debug_str     0x0004309b      0x16a ./drivers/fsl_common.o
                              0x3c830 (size before relaxing)
 .debug_str     0x00043205     0x12fb ./drivers/fsl_dma.o
                              0x3e916 (size before relaxing)
 .debug_str     0x00044500      0x2de ./drivers/fsl_flexcomm.o
                              0x3d86c (size before relaxing)
 .debug_str     0x000447de      0x107 ./drivers/fsl_gpio.o
                              0x3d3ec (size before relaxing)
 .debug_str     0x000448e5      0x464 ./drivers/fsl_i2s.o
                              0x3d3d8 (size before relaxing)
 .debug_str     0x00044d49       0xae ./drivers/fsl_reset.o
                              0x3c6ee (size before relaxing)
 .debug_str     0x00044df7      0x10a ./device/system_LPC51U68.o
                              0x37b6c (size before relaxing)
 .debug_str     0x00044f01       0x61 ./board/clock_config.o
                              0x3cf39 (size before relaxing)
 .debug_str     0x00044f62       0x56 ./board/pin_mux.o
                              0x3ca9d (size before relaxing)
 .debug_str     0x00044fb8      0x584 D:\GitHub\looper-test\LPC51U68_Project\libs\libpower.a(fsl_power_lib.o)
                                0xad8 (size before relaxing)

.comment        0x00000000       0xeb
 .comment       0x00000000       0x76 ./utilities/fsl_assert.o
                                 0x77 (size before relaxing)
 .comment       0x00000076       0x77 ./startup/startup_lpc51u68.o
 .comment       0x00000076       0x77 ./source/LPC51U68_Project.o
 .comment       0x00000076       0x77 ./source/semihost_hardfault.o
 .comment       0x00000076       0x77 ./drivers/fsl_clock.o
 .comment       0x00000076       0x77 ./drivers/fsl_common.o
 .comment       0x00000076       0x77 ./drivers/fsl_dma.o
 .comment       0x00000076       0x77 ./drivers/fsl_flexcomm.o
 .comment       0x00000076       0x77 ./drivers/fsl_gpio.o
 .comment       0x00000076       0x77 ./drivers/fsl_i2s.o
 .comment       0x00000076       0x77 ./drivers/fsl_reset.o
 .comment       0x00000076       0x77 ./device/system_LPC51U68.o
 .comment       0x00000076       0x77 ./board/clock_config.o
 .comment       0x00000076       0x77 ./board/pin_mux.o
 .comment       0x00000076       0x75 D:\GitHub\looper-test\LPC51U68_Project\libs\libpower.a(fsl_power_lib.o)
                                 0x76 (size before relaxing)
 .comment       0x000000eb       0x77 c:/nxp/mcuxpressoide_11.1.0_3209/ide/plugins/com.nxp.mcuxpresso.tools.win32_11.1.0.201909161352/tools/bin/../lib/gcc/arm-none-eabi/8.3.1/../../../../arm-none-eabi/lib/thumb/v6-m/nofp\libcr_newlib_semihost.a(_cr_sbrk.o)
 .comment       0x000000eb       0x77 c:/nxp/mcuxpressoide_11.1.0_3209/ide/plugins/com.nxp.mcuxpresso.tools.win32_11.1.0.201909161352/tools/bin/../lib/gcc/arm-none-eabi/8.3.1/../../../../arm-none-eabi/lib/thumb/v6-m/nofp\libcr_newlib_semihost.a(syscalls.o)
 .comment       0x000000eb       0x77 c:/nxp/mcuxpressoide_11.1.0_3209/ide/plugins/com.nxp.mcuxpresso.tools.win32_11.1.0.201909161352/tools/bin/../lib/gcc/arm-none-eabi/8.3.1/../../../../arm-none-eabi/lib/thumb/v6-m/nofp\libcr_newlib_semihost.a(_cr_check_heap.o)

.ARM.attributes
                0x00000000       0x2a
 .ARM.attributes
                0x00000000       0x2c ./utilities/fsl_assert.o
 .ARM.attributes
                0x0000002c       0x2c ./startup/startup_lpc51u68.o
 .ARM.attributes
                0x00000058       0x2c ./source/LPC51U68_Project.o
 .ARM.attributes
                0x00000084       0x2c ./source/semihost_hardfault.o
 .ARM.attributes
                0x000000b0       0x2c ./drivers/fsl_clock.o
 .ARM.attributes
                0x000000dc       0x2c ./drivers/fsl_common.o
 .ARM.attributes
                0x00000108       0x2c ./drivers/fsl_dma.o
 .ARM.attributes
                0x00000134       0x2c ./drivers/fsl_flexcomm.o
 .ARM.attributes
                0x00000160       0x2c ./drivers/fsl_gpio.o
 .ARM.attributes
                0x0000018c       0x2c ./drivers/fsl_i2s.o
 .ARM.attributes
                0x000001b8       0x2c ./drivers/fsl_reset.o
 .ARM.attributes
                0x000001e4       0x2c ./device/system_LPC51U68.o
 .ARM.attributes
                0x00000210       0x2c ./board/clock_config.o
 .ARM.attributes
                0x0000023c       0x2c ./board/pin_mux.o
 .ARM.attributes
                0x00000268       0x2c D:\GitHub\looper-test\LPC51U68_Project\libs\libpower.a(fsl_power_lib.o)
 .ARM.attributes
                0x00000294       0x1e c:/nxp/mcuxpressoide_11.1.0_3209/ide/plugins/com.nxp.mcuxpresso.tools.win32_11.1.0.201909161352/tools/bin/../lib/gcc/arm-none-eabi/8.3.1/thumb/v6-m/nofp\libgcc.a(_udivsi3.o)
 .ARM.attributes
                0x000002b2       0x1e c:/nxp/mcuxpressoide_11.1.0_3209/ide/plugins/com.nxp.mcuxpresso.tools.win32_11.1.0.201909161352/tools/bin/../lib/gcc/arm-none-eabi/8.3.1/thumb/v6-m/nofp\libgcc.a(_dvmd_tls.o)
 .ARM.attributes
                0x000002d0       0x1e c:/nxp/mcuxpressoide_11.1.0_3209/ide/plugins/com.nxp.mcuxpresso.tools.win32_11.1.0.201909161352/tools/bin/../lib/gcc/arm-none-eabi/8.3.1/thumb/v6-m/nofp\libgcc.a(_aeabi_uldivmod.o)
 .ARM.attributes
                0x000002ee       0x2c c:/nxp/mcuxpressoide_11.1.0_3209/ide/plugins/com.nxp.mcuxpresso.tools.win32_11.1.0.201909161352/tools/bin/../lib/gcc/arm-none-eabi/8.3.1/thumb/v6-m/nofp\libgcc.a(_muldi3.o)
 .ARM.attributes
                0x0000031a       0x2c c:/nxp/mcuxpressoide_11.1.0_3209/ide/plugins/com.nxp.mcuxpresso.tools.win32_11.1.0.201909161352/tools/bin/../lib/gcc/arm-none-eabi/8.3.1/thumb/v6-m/nofp\libgcc.a(_udivmoddi4.o)
 .ARM.attributes
                0x00000346       0x1e c:/nxp/mcuxpressoide_11.1.0_3209/ide/plugins/com.nxp.mcuxpresso.tools.win32_11.1.0.201909161352/tools/bin/../lib/gcc/arm-none-eabi/8.3.1/thumb/v6-m/nofp\libgcc.a(_clzdi2.o)
 .ARM.attributes
                0x00000364       0x1e c:/nxp/mcuxpressoide_11.1.0_3209/ide/plugins/com.nxp.mcuxpresso.tools.win32_11.1.0.201909161352/tools/bin/../lib/gcc/arm-none-eabi/8.3.1/thumb/v6-m/nofp\libgcc.a(_clzsi2.o)
 .ARM.attributes
                0x00000382       0x2c c:/nxp/mcuxpressoide_11.1.0_3209/ide/plugins/com.nxp.mcuxpresso.tools.win32_11.1.0.201909161352/tools/bin/../lib/gcc/arm-none-eabi/8.3.1/../../../../arm-none-eabi/lib/thumb/v6-m/nofp\libc_nano.a(lib_a-init.o)
 .ARM.attributes
                0x000003ae       0x2c c:/nxp/mcuxpressoide_11.1.0_3209/ide/plugins/com.nxp.mcuxpresso.tools.win32_11.1.0.201909161352/tools/bin/../lib/gcc/arm-none-eabi/8.3.1/../../../../arm-none-eabi/lib/thumb/v6-m/nofp\libc_nano.a(lib_a-memset.o)
 .ARM.attributes
                0x000003da       0x2c c:/nxp/mcuxpressoide_11.1.0_3209/ide/plugins/com.nxp.mcuxpresso.tools.win32_11.1.0.201909161352/tools/bin/../lib/gcc/arm-none-eabi/8.3.1/../../../../arm-none-eabi/lib/thumb/v6-m/nofp\libc_nano.a(lib_a-nano-freer.o)
 .ARM.attributes
                0x00000406       0x2c c:/nxp/mcuxpressoide_11.1.0_3209/ide/plugins/com.nxp.mcuxpresso.tools.win32_11.1.0.201909161352/tools/bin/../lib/gcc/arm-none-eabi/8.3.1/../../../../arm-none-eabi/lib/thumb/v6-m/nofp\libc_nano.a(lib_a-nano-mallocr.o)
 .ARM.attributes
                0x00000432       0x2c c:/nxp/mcuxpressoide_11.1.0_3209/ide/plugins/com.nxp.mcuxpresso.tools.win32_11.1.0.201909161352/tools/bin/../lib/gcc/arm-none-eabi/8.3.1/../../../../arm-none-eabi/lib/thumb/v6-m/nofp\libc_nano.a(lib_a-printf.o)
 .ARM.attributes
                0x0000045e       0x2c c:/nxp/mcuxpressoide_11.1.0_3209/ide/plugins/com.nxp.mcuxpresso.tools.win32_11.1.0.201909161352/tools/bin/../lib/gcc/arm-none-eabi/8.3.1/../../../../arm-none-eabi/lib/thumb/v6-m/nofp\libc_nano.a(lib_a-sbrkr.o)
 .ARM.attributes
                0x0000048a       0x2c c:/nxp/mcuxpressoide_11.1.0_3209/ide/plugins/com.nxp.mcuxpresso.tools.win32_11.1.0.201909161352/tools/bin/../lib/gcc/arm-none-eabi/8.3.1/../../../../arm-none-eabi/lib/thumb/v6-m/nofp\libc_nano.a(lib_a-findfp.o)
 .ARM.attributes
                0x000004b6       0x2c c:/nxp/mcuxpressoide_11.1.0_3209/ide/plugins/com.nxp.mcuxpresso.tools.win32_11.1.0.201909161352/tools/bin/../lib/gcc/arm-none-eabi/8.3.1/../../../../arm-none-eabi/lib/thumb/v6-m/nofp\libc_nano.a(lib_a-fwalk.o)
 .ARM.attributes
                0x000004e2       0x2c c:/nxp/mcuxpressoide_11.1.0_3209/ide/plugins/com.nxp.mcuxpresso.tools.win32_11.1.0.201909161352/tools/bin/../lib/gcc/arm-none-eabi/8.3.1/../../../../arm-none-eabi/lib/thumb/v6-m/nofp\libc_nano.a(lib_a-impure.o)
 .ARM.attributes
                0x0000050e       0x2c c:/nxp/mcuxpressoide_11.1.0_3209/ide/plugins/com.nxp.mcuxpresso.tools.win32_11.1.0.201909161352/tools/bin/../lib/gcc/arm-none-eabi/8.3.1/../../../../arm-none-eabi/lib/thumb/v6-m/nofp\libc_nano.a(lib_a-lock.o)
 .ARM.attributes
                0x0000053a       0x2c c:/nxp/mcuxpressoide_11.1.0_3209/ide/plugins/com.nxp.mcuxpresso.tools.win32_11.1.0.201909161352/tools/bin/../lib/gcc/arm-none-eabi/8.3.1/../../../../arm-none-eabi/lib/thumb/v6-m/nofp\libc_nano.a(lib_a-mlock.o)
 .ARM.attributes
                0x00000566       0x2c c:/nxp/mcuxpressoide_11.1.0_3209/ide/plugins/com.nxp.mcuxpresso.tools.win32_11.1.0.201909161352/tools/bin/../lib/gcc/arm-none-eabi/8.3.1/../../../../arm-none-eabi/lib/thumb/v6-m/nofp\libc_nano.a(lib_a-nano-vfprintf.o)
 .ARM.attributes
                0x00000592       0x2c c:/nxp/mcuxpressoide_11.1.0_3209/ide/plugins/com.nxp.mcuxpresso.tools.win32_11.1.0.201909161352/tools/bin/../lib/gcc/arm-none-eabi/8.3.1/../../../../arm-none-eabi/lib/thumb/v6-m/nofp\libc_nano.a(lib_a-nano-vfprintf_i.o)
 .ARM.attributes
                0x000005be       0x2c c:/nxp/mcuxpressoide_11.1.0_3209/ide/plugins/com.nxp.mcuxpresso.tools.win32_11.1.0.201909161352/tools/bin/../lib/gcc/arm-none-eabi/8.3.1/../../../../arm-none-eabi/lib/thumb/v6-m/nofp\libc_nano.a(lib_a-reent.o)
 .ARM.attributes
                0x000005ea       0x2c c:/nxp/mcuxpressoide_11.1.0_3209/ide/plugins/com.nxp.mcuxpresso.tools.win32_11.1.0.201909161352/tools/bin/../lib/gcc/arm-none-eabi/8.3.1/../../../../arm-none-eabi/lib/thumb/v6-m/nofp\libc_nano.a(lib_a-stdio.o)
 .ARM.attributes
                0x00000616       0x2c c:/nxp/mcuxpressoide_11.1.0_3209/ide/plugins/com.nxp.mcuxpresso.tools.win32_11.1.0.201909161352/tools/bin/../lib/gcc/arm-none-eabi/8.3.1/../../../../arm-none-eabi/lib/thumb/v6-m/nofp\libc_nano.a(lib_a-wbuf.o)
 .ARM.attributes
                0x00000642       0x2c c:/nxp/mcuxpressoide_11.1.0_3209/ide/plugins/com.nxp.mcuxpresso.tools.win32_11.1.0.201909161352/tools/bin/../lib/gcc/arm-none-eabi/8.3.1/../../../../arm-none-eabi/lib/thumb/v6-m/nofp\libc_nano.a(lib_a-writer.o)
 .ARM.attributes
                0x0000066e       0x2c c:/nxp/mcuxpressoide_11.1.0_3209/ide/plugins/com.nxp.mcuxpresso.tools.win32_11.1.0.201909161352/tools/bin/../lib/gcc/arm-none-eabi/8.3.1/../../../../arm-none-eabi/lib/thumb/v6-m/nofp\libc_nano.a(lib_a-wsetup.o)
 .ARM.attributes
                0x0000069a       0x2c c:/nxp/mcuxpressoide_11.1.0_3209/ide/plugins/com.nxp.mcuxpresso.tools.win32_11.1.0.201909161352/tools/bin/../lib/gcc/arm-none-eabi/8.3.1/../../../../arm-none-eabi/lib/thumb/v6-m/nofp\libc_nano.a(lib_a-closer.o)
 .ARM.attributes
                0x000006c6       0x2c c:/nxp/mcuxpressoide_11.1.0_3209/ide/plugins/com.nxp.mcuxpresso.tools.win32_11.1.0.201909161352/tools/bin/../lib/gcc/arm-none-eabi/8.3.1/../../../../arm-none-eabi/lib/thumb/v6-m/nofp\libc_nano.a(lib_a-fflush.o)
 .ARM.attributes
                0x000006f2       0x2c c:/nxp/mcuxpressoide_11.1.0_3209/ide/plugins/com.nxp.mcuxpresso.tools.win32_11.1.0.201909161352/tools/bin/../lib/gcc/arm-none-eabi/8.3.1/../../../../arm-none-eabi/lib/thumb/v6-m/nofp\libc_nano.a(lib_a-lseekr.o)
 .ARM.attributes
                0x0000071e       0x2c c:/nxp/mcuxpressoide_11.1.0_3209/ide/plugins/com.nxp.mcuxpresso.tools.win32_11.1.0.201909161352/tools/bin/../lib/gcc/arm-none-eabi/8.3.1/../../../../arm-none-eabi/lib/thumb/v6-m/nofp\libc_nano.a(lib_a-makebuf.o)
 .ARM.attributes
                0x0000074a       0x2c c:/nxp/mcuxpressoide_11.1.0_3209/ide/plugins/com.nxp.mcuxpresso.tools.win32_11.1.0.201909161352/tools/bin/../lib/gcc/arm-none-eabi/8.3.1/../../../../arm-none-eabi/lib/thumb/v6-m/nofp\libc_nano.a(lib_a-memchr-stub.o)
 .ARM.attributes
                0x00000776       0x2c c:/nxp/mcuxpressoide_11.1.0_3209/ide/plugins/com.nxp.mcuxpresso.tools.win32_11.1.0.201909161352/tools/bin/../lib/gcc/arm-none-eabi/8.3.1/../../../../arm-none-eabi/lib/thumb/v6-m/nofp\libc_nano.a(lib_a-readr.o)
 .ARM.attributes
                0x000007a2       0x2c c:/nxp/mcuxpressoide_11.1.0_3209/ide/plugins/com.nxp.mcuxpresso.tools.win32_11.1.0.201909161352/tools/bin/../lib/gcc/arm-none-eabi/8.3.1/../../../../arm-none-eabi/lib/thumb/v6-m/nofp\libc_nano.a(lib_a-fstatr.o)
 .ARM.attributes
                0x000007ce       0x2c c:/nxp/mcuxpressoide_11.1.0_3209/ide/plugins/com.nxp.mcuxpresso.tools.win32_11.1.0.201909161352/tools/bin/../lib/gcc/arm-none-eabi/8.3.1/../../../../arm-none-eabi/lib/thumb/v6-m/nofp\libc_nano.a(lib_a-isattyr.o)
 .ARM.attributes
                0x000007fa       0x2c c:/nxp/mcuxpressoide_11.1.0_3209/ide/plugins/com.nxp.mcuxpresso.tools.win32_11.1.0.201909161352/tools/bin/../lib/gcc/arm-none-eabi/8.3.1/../../../../arm-none-eabi/lib/thumb/v6-m/nofp\libcr_newlib_semihost.a(_cr_sbrk.o)
 .ARM.attributes
                0x00000826       0x2c c:/nxp/mcuxpressoide_11.1.0_3209/ide/plugins/com.nxp.mcuxpresso.tools.win32_11.1.0.201909161352/tools/bin/../lib/gcc/arm-none-eabi/8.3.1/../../../../arm-none-eabi/lib/thumb/v6-m/nofp\libcr_newlib_semihost.a(syscalls.o)
 .ARM.attributes
                0x00000852       0x2c c:/nxp/mcuxpressoide_11.1.0_3209/ide/plugins/com.nxp.mcuxpresso.tools.win32_11.1.0.201909161352/tools/bin/../lib/gcc/arm-none-eabi/8.3.1/../../../../arm-none-eabi/lib/thumb/v6-m/nofp\libcr_newlib_semihost.a(_cr_check_heap.o)
 .ARM.attributes
                0x0000087e       0x1e c:/nxp/mcuxpressoide_11.1.0_3209/ide/plugins/com.nxp.mcuxpresso.tools.win32_11.1.0.201909161352/tools/bin/../lib/gcc/arm-none-eabi/8.3.1/thumb/v6-m/nofp\crti.o
 .ARM.attributes
                0x0000089c       0x1e c:/nxp/mcuxpressoide_11.1.0_3209/ide/plugins/com.nxp.mcuxpresso.tools.win32_11.1.0.201909161352/tools/bin/../lib/gcc/arm-none-eabi/8.3.1/thumb/v6-m/nofp\crtn.o
 .ARM.attributes
                0x000008ba       0x2c c:/nxp/mcuxpressoide_11.1.0_3209/ide/plugins/com.nxp.mcuxpresso.tools.win32_11.1.0.201909161352/tools/bin/../lib/gcc/arm-none-eabi/8.3.1/thumb/v6-m/nofp\crtbegin.o
 .ARM.attributes
                0x000008e6       0x2c c:/nxp/mcuxpressoide_11.1.0_3209/ide/plugins/com.nxp.mcuxpresso.tools.win32_11.1.0.201909161352/tools/bin/../lib/gcc/arm-none-eabi/8.3.1/../../../../arm-none-eabi/lib/thumb/v6-m/nofp\libc_nano.a(lib_a-errno.o)

.debug_frame    0x00000000     0x2294
 .debug_frame   0x00000000       0x30 ./utilities/fsl_assert.o
 .debug_frame   0x00000030      0x380 ./startup/startup_lpc51u68.o
 .debug_frame   0x000003b0      0x108 ./source/LPC51U68_Project.o
 .debug_frame   0x000004b8       0x20 ./source/semihost_hardfault.o
 .debug_frame   0x000004d8      0x66c ./drivers/fsl_clock.o
 .debug_frame   0x00000b44      0x154 ./drivers/fsl_common.o
 .debug_frame   0x00000c98      0x470 ./drivers/fsl_dma.o
 .debug_frame   0x00001108      0x1b8 ./drivers/fsl_flexcomm.o
 .debug_frame   0x000012c0       0x70 ./drivers/fsl_gpio.o
 .debug_frame   0x00001330      0x370 ./drivers/fsl_i2s.o
 .debug_frame   0x000016a0       0x70 ./drivers/fsl_reset.o
 .debug_frame   0x00001710      0x130 ./device/system_LPC51U68.o
 .debug_frame   0x00001840       0x6c ./board/clock_config.o
 .debug_frame   0x000018ac       0x6c ./board/pin_mux.o
 .debug_frame   0x00001918       0xd0 D:\GitHub\looper-test\LPC51U68_Project\libs\libpower.a(fsl_power_lib.o)
 .debug_frame   0x000019e8       0x20 c:/nxp/mcuxpressoide_11.1.0_3209/ide/plugins/com.nxp.mcuxpresso.tools.win32_11.1.0.201909161352/tools/bin/../lib/gcc/arm-none-eabi/8.3.1/thumb/v6-m/nofp\libgcc.a(_udivsi3.o)
 .debug_frame   0x00001a08       0x34 c:/nxp/mcuxpressoide_11.1.0_3209/ide/plugins/com.nxp.mcuxpresso.tools.win32_11.1.0.201909161352/tools/bin/../lib/gcc/arm-none-eabi/8.3.1/thumb/v6-m/nofp\libgcc.a(_muldi3.o)
 .debug_frame   0x00001a3c       0x3c c:/nxp/mcuxpressoide_11.1.0_3209/ide/plugins/com.nxp.mcuxpresso.tools.win32_11.1.0.201909161352/tools/bin/../lib/gcc/arm-none-eabi/8.3.1/thumb/v6-m/nofp\libgcc.a(_udivmoddi4.o)
 .debug_frame   0x00001a78       0x2c c:/nxp/mcuxpressoide_11.1.0_3209/ide/plugins/com.nxp.mcuxpresso.tools.win32_11.1.0.201909161352/tools/bin/../lib/gcc/arm-none-eabi/8.3.1/../../../../arm-none-eabi/lib/thumb/v6-m/nofp\libc_nano.a(lib_a-init.o)
 .debug_frame   0x00001aa4       0x20 c:/nxp/mcuxpressoide_11.1.0_3209/ide/plugins/com.nxp.mcuxpresso.tools.win32_11.1.0.201909161352/tools/bin/../lib/gcc/arm-none-eabi/8.3.1/../../../../arm-none-eabi/lib/thumb/v6-m/nofp\libc_nano.a(lib_a-memset.o)
 .debug_frame   0x00001ac4       0x2c c:/nxp/mcuxpressoide_11.1.0_3209/ide/plugins/com.nxp.mcuxpresso.tools.win32_11.1.0.201909161352/tools/bin/../lib/gcc/arm-none-eabi/8.3.1/../../../../arm-none-eabi/lib/thumb/v6-m/nofp\libc_nano.a(lib_a-nano-freer.o)
 .debug_frame   0x00001af0       0x30 c:/nxp/mcuxpressoide_11.1.0_3209/ide/plugins/com.nxp.mcuxpresso.tools.win32_11.1.0.201909161352/tools/bin/../lib/gcc/arm-none-eabi/8.3.1/../../../../arm-none-eabi/lib/thumb/v6-m/nofp\libc_nano.a(lib_a-nano-mallocr.o)
 .debug_frame   0x00001b20       0x50 c:/nxp/mcuxpressoide_11.1.0_3209/ide/plugins/com.nxp.mcuxpresso.tools.win32_11.1.0.201909161352/tools/bin/../lib/gcc/arm-none-eabi/8.3.1/../../../../arm-none-eabi/lib/thumb/v6-m/nofp\libc_nano.a(lib_a-printf.o)
 .debug_frame   0x00001b70       0x2c c:/nxp/mcuxpressoide_11.1.0_3209/ide/plugins/com.nxp.mcuxpresso.tools.win32_11.1.0.201909161352/tools/bin/../lib/gcc/arm-none-eabi/8.3.1/../../../../arm-none-eabi/lib/thumb/v6-m/nofp\libc_nano.a(lib_a-sbrkr.o)
 .debug_frame   0x00001b9c      0x170 c:/nxp/mcuxpressoide_11.1.0_3209/ide/plugins/com.nxp.mcuxpresso.tools.win32_11.1.0.201909161352/tools/bin/../lib/gcc/arm-none-eabi/8.3.1/../../../../arm-none-eabi/lib/thumb/v6-m/nofp\libc_nano.a(lib_a-findfp.o)
 .debug_frame   0x00001d0c       0x58 c:/nxp/mcuxpressoide_11.1.0_3209/ide/plugins/com.nxp.mcuxpresso.tools.win32_11.1.0.201909161352/tools/bin/../lib/gcc/arm-none-eabi/8.3.1/../../../../arm-none-eabi/lib/thumb/v6-m/nofp\libc_nano.a(lib_a-fwalk.o)
 .debug_frame   0x00001d64       0xb0 c:/nxp/mcuxpressoide_11.1.0_3209/ide/plugins/com.nxp.mcuxpresso.tools.win32_11.1.0.201909161352/tools/bin/../lib/gcc/arm-none-eabi/8.3.1/../../../../arm-none-eabi/lib/thumb/v6-m/nofp\libc_nano.a(lib_a-lock.o)
 .debug_frame   0x00001e14       0x40 c:/nxp/mcuxpressoide_11.1.0_3209/ide/plugins/com.nxp.mcuxpresso.tools.win32_11.1.0.201909161352/tools/bin/../lib/gcc/arm-none-eabi/8.3.1/../../../../arm-none-eabi/lib/thumb/v6-m/nofp\libc_nano.a(lib_a-mlock.o)
 .debug_frame   0x00001e54       0x9c c:/nxp/mcuxpressoide_11.1.0_3209/ide/plugins/com.nxp.mcuxpresso.tools.win32_11.1.0.201909161352/tools/bin/../lib/gcc/arm-none-eabi/8.3.1/../../../../arm-none-eabi/lib/thumb/v6-m/nofp\libc_nano.a(lib_a-nano-vfprintf.o)
 .debug_frame   0x00001ef0       0x54 c:/nxp/mcuxpressoide_11.1.0_3209/ide/plugins/com.nxp.mcuxpresso.tools.win32_11.1.0.201909161352/tools/bin/../lib/gcc/arm-none-eabi/8.3.1/../../../../arm-none-eabi/lib/thumb/v6-m/nofp\libc_nano.a(lib_a-nano-vfprintf_i.o)
 .debug_frame   0x00001f44       0x48 c:/nxp/mcuxpressoide_11.1.0_3209/ide/plugins/com.nxp.mcuxpresso.tools.win32_11.1.0.201909161352/tools/bin/../lib/gcc/arm-none-eabi/8.3.1/../../../../arm-none-eabi/lib/thumb/v6-m/nofp\libc_nano.a(lib_a-reent.o)
 .debug_frame   0x00001f8c       0x90 c:/nxp/mcuxpressoide_11.1.0_3209/ide/plugins/com.nxp.mcuxpresso.tools.win32_11.1.0.201909161352/tools/bin/../lib/gcc/arm-none-eabi/8.3.1/../../../../arm-none-eabi/lib/thumb/v6-m/nofp\libc_nano.a(lib_a-stdio.o)
 .debug_frame   0x0000201c       0x48 c:/nxp/mcuxpressoide_11.1.0_3209/ide/plugins/com.nxp.mcuxpresso.tools.win32_11.1.0.201909161352/tools/bin/../lib/gcc/arm-none-eabi/8.3.1/../../../../arm-none-eabi/lib/thumb/v6-m/nofp\libc_nano.a(lib_a-wbuf.o)
 .debug_frame   0x00002064       0x2c c:/nxp/mcuxpressoide_11.1.0_3209/ide/plugins/com.nxp.mcuxpresso.tools.win32_11.1.0.201909161352/tools/bin/../lib/gcc/arm-none-eabi/8.3.1/../../../../arm-none-eabi/lib/thumb/v6-m/nofp\libc_nano.a(lib_a-writer.o)
 .debug_frame   0x00002090       0x2c c:/nxp/mcuxpressoide_11.1.0_3209/ide/plugins/com.nxp.mcuxpresso.tools.win32_11.1.0.201909161352/tools/bin/../lib/gcc/arm-none-eabi/8.3.1/../../../../arm-none-eabi/lib/thumb/v6-m/nofp\libc_nano.a(lib_a-wsetup.o)
 .debug_frame   0x000020bc       0x2c c:/nxp/mcuxpressoide_11.1.0_3209/ide/plugins/com.nxp.mcuxpresso.tools.win32_11.1.0.201909161352/tools/bin/../lib/gcc/arm-none-eabi/8.3.1/../../../../arm-none-eabi/lib/thumb/v6-m/nofp\libc_nano.a(lib_a-closer.o)
 .debug_frame   0x000020e8       0x68 c:/nxp/mcuxpressoide_11.1.0_3209/ide/plugins/com.nxp.mcuxpresso.tools.win32_11.1.0.201909161352/tools/bin/../lib/gcc/arm-none-eabi/8.3.1/../../../../arm-none-eabi/lib/thumb/v6-m/nofp\libc_nano.a(lib_a-fflush.o)
 .debug_frame   0x00002150       0x2c c:/nxp/mcuxpressoide_11.1.0_3209/ide/plugins/com.nxp.mcuxpresso.tools.win32_11.1.0.201909161352/tools/bin/../lib/gcc/arm-none-eabi/8.3.1/../../../../arm-none-eabi/lib/thumb/v6-m/nofp\libc_nano.a(lib_a-lseekr.o)
 .debug_frame   0x0000217c       0x54 c:/nxp/mcuxpressoide_11.1.0_3209/ide/plugins/com.nxp.mcuxpresso.tools.win32_11.1.0.201909161352/tools/bin/../lib/gcc/arm-none-eabi/8.3.1/../../../../arm-none-eabi/lib/thumb/v6-m/nofp\libc_nano.a(lib_a-makebuf.o)
 .debug_frame   0x000021d0       0x20 c:/nxp/mcuxpressoide_11.1.0_3209/ide/plugins/com.nxp.mcuxpresso.tools.win32_11.1.0.201909161352/tools/bin/../lib/gcc/arm-none-eabi/8.3.1/../../../../arm-none-eabi/lib/thumb/v6-m/nofp\libc_nano.a(lib_a-memchr-stub.o)
 .debug_frame   0x000021f0       0x2c c:/nxp/mcuxpressoide_11.1.0_3209/ide/plugins/com.nxp.mcuxpresso.tools.win32_11.1.0.201909161352/tools/bin/../lib/gcc/arm-none-eabi/8.3.1/../../../../arm-none-eabi/lib/thumb/v6-m/nofp\libc_nano.a(lib_a-readr.o)