09:04:10 **** Build of configuration Debug for project LPC51U68_Project ****
make -r -j8 all 
Building file: ../utilities/fsl_debug_console.c
Building file: ../utilities/fsl_assert.c
Building file: ../utilities/fsl_str.c
Building file: ../startup/startup_lpc51u68.cpp
Building file: ../source/LPC51U68_Project.cpp
Building file: ../source/cpp_config.cpp
Invoking: MCU C Compiler
arm-none-eabi-gcc -D__NEWLIB__ -DCPU_LPC51U68JBD64 -DCPU_LPC51U68JBD64_cm0plus -DFSL_RTOS_BM -DSDK_OS_BAREMETAL -DSERIAL_PORT_TYPE_UART=1 -DSDK_DEBUGCONSOLE=0 -D__MCUXPRESSO -D__USE_CMSIS -DDEBUG -I"D:\GitHub\looper-test\LPC51U68_Project\board" -I"D:\GitHub\looper-test\LPC51U68_Project\source" -I"D:\GitHub\looper-test\LPC51U68_Project" -I"D:\GitHub\looper-test\LPC51U68_Project\drivers" -I"D:\GitHub\looper-test\LPC51U68_Project\device" -I"D:\GitHub\looper-test\LPC51U68_Project\CMSIS" -I"D:\GitHub\looper-test\LPC51U68_Project\component\uart" -I"D:\GitHub\looper-test\LPC51U68_Project\utilities" -I"D:\GitHub\looper-test\LPC51U68_Project\component\serial_manager" -I"D:\GitHub\looper-test\LPC51U68_Project\component\lists" -O0 -fno-common -g3 -Wall -c -ffunction-sections -fdata-sections -ffreestanding -fno-builtin -fmerge-constants -fmacro-prefix-map="../utilities/"=. -mcpu=cortex-m0plus -mthumb -D__NEWLIB__ -fstack-usage -MMD -MP -MF"utilities/fsl_assert.d" -MT"utilities/fsl_assert.o" -MT"utilities/fsl_assert.d" -o "utilities/fsl_assert.o" "../utilities/fsl_assert.c"
Invoking: MCU C++ Compiler
Invoking: MCU C Compiler
Invoking: MCU C Compiler
arm-none-eabi-c++ -DCPU_LPC51U68JBD64 -DCPU_LPC51U68JBD64_cm0plus -DFSL_RTOS_BM -DSDK_OS_BAREMETAL -DSERIAL_PORT_TYPE_UART=1 -DSDK_DEBUGCONSOLE=0 -D__MCUXPRESSO -D__USE_CMSIS -DDEBUG -D__NEWLIB__ -I"D:\GitHub\looper-test\LPC51U68_Project\board" -I"D:\GitHub\looper-test\LPC51U68_Project\source" -I"D:\GitHub\looper-test\LPC51U68_Project" -I"D:\GitHub\looper-test\LPC51U68_Project\drivers" -I"D:\GitHub\looper-test\LPC51U68_Project\device" -I"D:\GitHub\looper-test\LPC51U68_Project\CMSIS" -I"D:\GitHub\looper-test\LPC51U68_Project\component\uart" -I"D:\GitHub\looper-test\LPC51U68_Project\utilities" -I"D:\GitHub\looper-test\LPC51U68_Project\component\serial_manager" -I"D:\GitHub\looper-test\LPC51U68_Project\component\lists" -O0 -fno-common -g3 -Wall -c -ffunction-sections -fdata-sections -ffreestanding -fno-builtin -fno-rtti -fno-exceptions -fmerge-constants -fmacro-prefix-map="../startup/"=. -mcpu=cortex-m0plus -mthumb -D__NEWLIB__ -fstack-usage -MMD -MP -MF"startup/startup_lpc51u68.d" -MT"startup/startup_lpc51u68.o" -MT"startup/startup_lpc51u68.d" -o "startup/startup_lpc51u68.o" "../startup/startup_lpc51u68.cpp"
Invoking: MCU C++ Compiler
arm-none-eabi-gcc -D__NEWLIB__ -DCPU_LPC51U68JBD64 -DCPU_LPC51U68JBD64_cm0plus -DFSL_RTOS_BM -DSDK_OS_BAREMETAL -DSERIAL_PORT_TYPE_UART=1 -DSDK_DEBUGCONSOLE=0 -D__MCUXPRESSO -D__USE_CMSIS -DDEBUG -I"D:\GitHub\looper-test\LPC51U68_Project\board" -I"D:\GitHub\looper-test\LPC51U68_Project\source" -I"D:\GitHub\looper-test\LPC51U68_Project" -I"D:\GitHub\looper-test\LPC51U68_Project\drivers" -I"D:\GitHub\looper-test\LPC51U68_Project\device" -I"D:\GitHub\looper-test\LPC51U68_Project\CMSIS" -I"D:\GitHub\looper-test\LPC51U68_Project\component\uart" -I"D:\GitHub\looper-test\LPC51U68_Project\utilities" -I"D:\GitHub\looper-test\LPC51U68_Project\component\serial_manager" -I"D:\GitHub\looper-test\LPC51U68_Project\component\lists" -O0 -fno-common -g3 -Wall -c -ffunction-sections -fdata-sections -ffreestanding -fno-builtin -fmerge-constants -fmacro-prefix-map="../utilities/"=. -mcpu=cortex-m0plus -mthumb -D__NEWLIB__ -fstack-usage -MMD -MP -MF"utilities/fsl_debug_console.d" -MT"utilities/fsl_debug_console.o" -MT"utilities/fsl_debug_console.d" -o "utilities/fsl_debug_console.o" "../utilities/fsl_debug_console.c"
Building file: ../drivers/fsl_clock.c
Building file: ../source/semihost_hardfault.c
arm-none-eabi-gcc -D__NEWLIB__ -DCPU_LPC51U68JBD64 -DCPU_LPC51U68JBD64_cm0plus -DFSL_RTOS_BM -DSDK_OS_BAREMETAL -DSERIAL_PORT_TYPE_UART=1 -DSDK_DEBUGCONSOLE=0 -D__MCUXPRESSO -D__USE_CMSIS -DDEBUG -I"D:\GitHub\looper-test\LPC51U68_Project\board" -I"D:\GitHub\looper-test\LPC51U68_Project\source" -I"D:\GitHub\looper-test\LPC51U68_Project" -I"D:\GitHub\looper-test\LPC51U68_Project\drivers" -I"D:\GitHub\looper-test\LPC51U68_Project\device" -I"D:\GitHub\looper-test\LPC51U68_Project\CMSIS" -I"D:\GitHub\looper-test\LPC51U68_Project\component\uart" -I"D:\GitHub\looper-test\LPC51U68_Project\utilities" -I"D:\GitHub\looper-test\LPC51U68_Project\component\serial_manager" -I"D:\GitHub\looper-test\LPC51U68_Project\component\lists" -O0 -fno-common -g3 -Wall -c -ffunction-sections -fdata-sections -ffreestanding -fno-builtin -fmerge-constants -fmacro-prefix-map="../utilities/"=. -mcpu=cortex-m0plus -mthumb -D__NEWLIB__ -fstack-usage -MMD -MP -MF"utilities/fsl_str.d" -MT"utilities/fsl_str.o" -MT"utilities/fsl_str.d" -o "utilities/fsl_str.o" "../utilities/fsl_str.c"
Invoking: MCU C++ Compiler
arm-none-eabi-c++ -DCPU_LPC51U68JBD64 -DCPU_LPC51U68JBD64_cm0plus -DFSL_RTOS_BM -DSDK_OS_BAREMETAL -DSERIAL_PORT_TYPE_UART=1 -DSDK_DEBUGCONSOLE=0 -D__MCUXPRESSO -D__USE_CMSIS -DDEBUG -D__NEWLIB__ -I"D:\GitHub\looper-test\LPC51U68_Project\board" -I"D:\GitHub\looper-test\LPC51U68_Project\source" -I"D:\GitHub\looper-test\LPC51U68_Project" -I"D:\GitHub\looper-test\LPC51U68_Project\drivers" -I"D:\GitHub\looper-test\LPC51U68_Project\device" -I"D:\GitHub\looper-test\LPC51U68_Project\CMSIS" -I"D:\GitHub\looper-test\LPC51U68_Project\component\uart" -I"D:\GitHub\looper-test\LPC51U68_Project\utilities" -I"D:\GitHub\looper-test\LPC51U68_Project\component\serial_manager" -I"D:\GitHub\looper-test\LPC51U68_Project\component\lists" -O0 -fno-common -g3 -Wall -c -ffunction-sections -fdata-sections -ffreestanding -fno-builtin -fno-rtti -fno-exceptions -fmerge-constants -fmacro-prefix-map="../source/"=. -mcpu=cortex-m0plus -mthumb -D__NEWLIB__ -fstack-usage -MMD -MP -MF"source/LPC51U68_Project.d" -MT"source/LPC51U68_Project.o" -MT"source/LPC51U68_Project.d" -o "source/LPC51U68_Project.o" "../source/LPC51U68_Project.cpp"
arm-none-eabi-c++ -DCPU_LPC51U68JBD64 -DCPU_LPC51U68JBD64_cm0plus -DFSL_RTOS_BM -DSDK_OS_BAREMETAL -DSERIAL_PORT_TYPE_UART=1 -DSDK_DEBUGCONSOLE=0 -D__MCUXPRESSO -D__USE_CMSIS -DDEBUG -D__NEWLIB__ -I"D:\GitHub\looper-test\LPC51U68_Project\board" -I"D:\GitHub\looper-test\LPC51U68_Project\source" -I"D:\GitHub\looper-test\LPC51U68_Project" -I"D:\GitHub\looper-test\LPC51U68_Project\drivers" -I"D:\GitHub\looper-test\LPC51U68_Project\device" -I"D:\GitHub\looper-test\LPC51U68_Project\CMSIS" -I"D:\GitHub\looper-test\LPC51U68_Project\component\uart" -I"D:\GitHub\looper-test\LPC51U68_Project\utilities" -I"D:\GitHub\looper-test\LPC51U68_Project\component\serial_manager" -I"D:\GitHub\looper-test\LPC51U68_Project\component\lists" -O0 -fno-common -g3 -Wall -c -ffunction-sections -fdata-sections -ffreestanding -fno-builtin -fno-rtti -fno-exceptions -fmerge-constants -fmacro-prefix-map="../source/"=. -mcpu=cortex-m0plus -mthumb -D__NEWLIB__ -fstack-usage -MMD -MP -MF"source/cpp_config.d" -MT"source/cpp_config.o" -MT"source/cpp_config.d" -o "source/cpp_config.o" "../source/cpp_config.cpp"
Invoking: MCU C Compiler
Invoking: MCU C Compiler
arm-none-eabi-gcc -D__NEWLIB__ -DCPU_LPC51U68JBD64 -DCPU_LPC51U68JBD64_cm0plus -DFSL_RTOS_BM -DSDK_OS_BAREMETAL -DSERIAL_PORT_TYPE_UART=1 -DSDK_DEBUGCONSOLE=0 -D__MCUXPRESSO -D__USE_CMSIS -DDEBUG -I"D:\GitHub\looper-test\LPC51U68_Project\board" -I"D:\GitHub\looper-test\LPC51U68_Project\source" -I"D:\GitHub\looper-test\LPC51U68_Project" -I"D:\GitHub\looper-test\LPC51U68_Project\drivers" -I"D:\GitHub\looper-test\LPC51U68_Project\device" -I"D:\GitHub\looper-test\LPC51U68_Project\CMSIS" -I"D:\GitHub\looper-test\LPC51U68_Project\component\uart" -I"D:\GitHub\looper-test\LPC51U68_Project\utilities" -I"D:\GitHub\looper-test\LPC51U68_Project\component\serial_manager" -I"D:\GitHub\looper-test\LPC51U68_Project\component\lists" -O0 -fno-common -g3 -Wall -c -ffunction-sections -fdata-sections -ffreestanding -fno-builtin -fmerge-constants -fmacro-prefix-map="../source/"=. -mcpu=cortex-m0plus -mthumb -D__NEWLIB__ -fstack-usage -MMD -MP -MF"source/semihost_hardfault.d" -MT"source/semihost_hardfault.o" -MT"source/semihost_hardfault.d" -o "source/semihost_hardfault.o" "../source/semihost_hardfault.c"
arm-none-eabi-gcc -D__NEWLIB__ -DCPU_LPC51U68JBD64 -DCPU_LPC51U68JBD64_cm0plus -DFSL_RTOS_BM -DSDK_OS_BAREMETAL -DSERIAL_PORT_TYPE_UART=1 -DSDK_DEBUGCONSOLE=0 -D__MCUXPRESSO -D__USE_CMSIS -DDEBUG -I"D:\GitHub\looper-test\LPC51U68_Project\board" -I"D:\GitHub\looper-test\LPC51U68_Project\source" -I"D:\GitHub\looper-test\LPC51U68_Project" -I"D:\GitHub\looper-test\LPC51U68_Project\drivers" -I"D:\GitHub\looper-test\LPC51U68_Project\device" -I"D:\GitHub\looper-test\LPC51U68_Project\CMSIS" -I"D:\GitHub\looper-test\LPC51U68_Project\component\uart" -I"D:\GitHub\looper-test\LPC51U68_Project\utilities" -I"D:\GitHub\looper-test\LPC51U68_Project\component\serial_manager" -I"D:\GitHub\looper-test\LPC51U68_Project\component\lists" -O0 -fno-common -g3 -Wall -c -ffunction-sections -fdata-sections -ffreestanding -fno-builtin -fmerge-constants -fmacro-prefix-map="../drivers/"=. -mcpu=cortex-m0plus -mthumb -D__NEWLIB__ -fstack-usage -MMD -MP -MF"drivers/fsl_clock.d" -MT"drivers/fsl_clock.o" -MT"drivers/fsl_clock.d" -o "drivers/fsl_clock.o" "../drivers/fsl_clock.c"
Finished building: ../source/semihost_hardfault.c
 
../source/LPC51U68_Project.cpp: In function 'int main()':
../source/LPC51U68_Project.cpp:94:2: error: 'BOARD_BootClockRUN' was not declared in this scope
  BOARD_BootClockRUN();
  ^~~~~~~~~~~~~~~~~~
../source/LPC51U68_Project.cpp:105:19: error: 'BOARD_CODEC_RESET_GPIO' was not declared in this scope
     GPIO_PinWrite(BOARD_CODEC_RESET_GPIO, BOARD_CODEC_RESET_PORT, BOARD_CODEC_RESET_PIN, 0);
                   ^~~~~~~~~~~~~~~~~~~~~~
Building file: ../drivers/fsl_common.c
../source/LPC51U68_Project.cpp:105:43: error: 'BOARD_CODEC_RESET_PORT' was not declared in this scope
     GPIO_PinWrite(BOARD_CODEC_RESET_GPIO, BOARD_CODEC_RESET_PORT, BOARD_CODEC_RESET_PIN, 0);
                                           ^~~~~~~~~~~~~~~~~~~~~~
Invoking: MCU C Compiler
arm-none-eabi-gcc -D__NEWLIB__ -DCPU_LPC51U68JBD64 -DCPU_LPC51U68JBD64_cm0plus -DFSL_RTOS_BM -DSDK_OS_BAREMETAL -DSERIAL_PORT_TYPE_UART=1 -DSDK_DEBUGCONSOLE=0 -D__MCUXPRESSO -D__USE_CMSIS -DDEBUG -I"D:\GitHub\looper-test\LPC51U68_Project\board" -I"D:\GitHub\looper-test\LPC51U68_Project\source" -I"D:\GitHub\looper-test\LPC51U68_Project" -I"D:\GitHub\looper-test\LPC51U68_Project\drivers" -I"D:\GitHub\looper-test\LPC51U68_Project\device" -I"D:\GitHub\looper-test\LPC51U68_Project\CMSIS" -I"D:\GitHub\looper-test\LPC51U68_Project\component\uart" -I"D:\GitHub\looper-test\LPC51U68_Project\utilities" -I"D:\GitHub\looper-test\LPC51U68_Project\component\serial_manager" -I"D:\GitHub\looper-test\LPC51U68_Project\component\lists" -O0 -fno-common -g3 -Wall -c -ffunction-sections -fdata-sections -ffreestanding -fno-builtin -fmerge-constants -fmacro-prefix-map="../drivers/"=. -mcpu=cortex-m0plus -mthumb -D__NEWLIB__ -fstack-usage -MMD -MP -MF"drivers/fsl_common.d" -MT"drivers/fsl_common.o" -MT"drivers/fsl_common.d" -o "drivers/fsl_common.o" "../drivers/fsl_common.c"
../source/LPC51U68_Project.cpp:105:67: error: 'BOARD_CODEC_RESET_PIN' was not declared in this scope
     GPIO_PinWrite(BOARD_CODEC_RESET_GPIO, BOARD_CODEC_RESET_PORT, BOARD_CODEC_RESET_PIN, 0);
                                                                   ^~~~~~~~~~~~~~~~~~~~~
../source/LPC51U68_Project.cpp:105:5: error: 'GPIO_PinWrite' was not declared in this scope
     GPIO_PinWrite(BOARD_CODEC_RESET_GPIO, BOARD_CODEC_RESET_PORT, BOARD_CODEC_RESET_PIN, 0);
     ^~~~~~~~~~~~~
Finished building: ../source/cpp_config.cpp
make: *** [source/subdir.mk:32: source/LPC51U68_Project.o] Error 1
make: *** Waiting for unfinished jobs....
 
Finished building: ../startup/startup_lpc51u68.cpp
 
Finished building: ../utilities/fsl_assert.c
 
Finished building: ../utilities/fsl_str.c
Finished building: ../utilities/fsl_debug_console.c
 
 
Finished building: ../drivers/fsl_clock.c
 
Finished building: ../drivers/fsl_common.c
 
"make -r -j8 all" terminated with exit code 2. Build might be incomplete.
09:05:31 **** Incremental Build of configuration Debug for project LPC51U68_Project ****
make -r -j8 all 
Building file: ../source/LPC51U68_Project.cpp
Building file: ../drivers/fsl_flexcomm.c
Building file: ../drivers/fsl_gpio.c
Building file: ../drivers/fsl_i2s.c
Building file: ../drivers/fsl_power.c
Invoking: MCU C++ Compiler
Building file: ../drivers/fsl_i2s_dma.c
arm-none-eabi-c++ -DCPU_LPC51U68JBD64 -DCPU_LPC51U68JBD64_cm0plus -DFSL_RTOS_BM -DSDK_OS_BAREMETAL -DSERIAL_PORT_TYPE_UART=1 -DSDK_DEBUGCONSOLE=0 -D__MCUXPRESSO -D__USE_CMSIS -DDEBUG -D__NEWLIB__ -I"D:\GitHub\looper-test\LPC51U68_Project\board" -I"D:\GitHub\looper-test\LPC51U68_Project\source" -I"D:\GitHub\looper-test\LPC51U68_Project" -I"D:\GitHub\looper-test\LPC51U68_Project\drivers" -I"D:\GitHub\looper-test\LPC51U68_Project\device" -I"D:\GitHub\looper-test\LPC51U68_Project\CMSIS" -I"D:\GitHub\looper-test\LPC51U68_Project\component\uart" -I"D:\GitHub\looper-test\LPC51U68_Project\utilities" -I"D:\GitHub\looper-test\LPC51U68_Project\component\serial_manager" -I"D:\GitHub\looper-test\LPC51U68_Project\component\lists" -O0 -fno-common -g3 -Wall -c -ffunction-sections -fdata-sections -ffreestanding -fno-builtin -fno-rtti -fno-exceptions -fmerge-constants -fmacro-prefix-map="../source/"=. -mcpu=cortex-m0plus -mthumb -D__NEWLIB__ -fstack-usage -MMD -MP -MF"source/LPC51U68_Project.d" -MT"source/LPC51U68_Project.o" -MT"source/LPC51U68_Project.d" -o "source/LPC51U68_Project.o" "../source/LPC51U68_Project.cpp"
Building file: ../drivers/fsl_dma.c
Building file: ../drivers/fsl_reset.c
Invoking: MCU C Compiler
Invoking: MCU C Compiler
Invoking: MCU C Compiler
arm-none-eabi-gcc -D__NEWLIB__ -DCPU_LPC51U68JBD64 -DCPU_LPC51U68JBD64_cm0plus -DFSL_RTOS_BM -DSDK_OS_BAREMETAL -DSERIAL_PORT_TYPE_UART=1 -DSDK_DEBUGCONSOLE=0 -D__MCUXPRESSO -D__USE_CMSIS -DDEBUG -I"D:\GitHub\looper-test\LPC51U68_Project\board" -I"D:\GitHub\looper-test\LPC51U68_Project\source" -I"D:\GitHub\looper-test\LPC51U68_Project" -I"D:\GitHub\looper-test\LPC51U68_Project\drivers" -I"D:\GitHub\looper-test\LPC51U68_Project\device" -I"D:\GitHub\looper-test\LPC51U68_Project\CMSIS" -I"D:\GitHub\looper-test\LPC51U68_Project\component\uart" -I"D:\GitHub\looper-test\LPC51U68_Project\utilities" -I"D:\GitHub\looper-test\LPC51U68_Project\component\serial_manager" -I"D:\GitHub\looper-test\LPC51U68_Project\component\lists" -O0 -fno-common -g3 -Wall -c -ffunction-sections -fdata-sections -ffreestanding -fno-builtin -fmerge-constants -fmacro-prefix-map="../drivers/"=. -mcpu=cortex-m0plus -mthumb -D__NEWLIB__ -fstack-usage -MMD -MP -MF"drivers/fsl_flexcomm.d" -MT"drivers/fsl_flexcomm.o" -MT"drivers/fsl_flexcomm.d" -o "drivers/fsl_flexcomm.o" "../drivers/fsl_flexcomm.c"
Invoking: MCU C Compiler
arm-none-eabi-gcc -D__NEWLIB__ -DCPU_LPC51U68JBD64 -DCPU_LPC51U68JBD64_cm0plus -DFSL_RTOS_BM -DSDK_OS_BAREMETAL -DSERIAL_PORT_TYPE_UART=1 -DSDK_DEBUGCONSOLE=0 -D__MCUXPRESSO -D__USE_CMSIS -DDEBUG -I"D:\GitHub\looper-test\LPC51U68_Project\board" -I"D:\GitHub\looper-test\LPC51U68_Project\source" -I"D:\GitHub\looper-test\LPC51U68_Project" -I"D:\GitHub\looper-test\LPC51U68_Project\drivers" -I"D:\GitHub\looper-test\LPC51U68_Project\device" -I"D:\GitHub\looper-test\LPC51U68_Project\CMSIS" -I"D:\GitHub\looper-test\LPC51U68_Project\component\uart" -I"D:\GitHub\looper-test\LPC51U68_Project\utilities" -I"D:\GitHub\looper-test\LPC51U68_Project\component\serial_manager" -I"D:\GitHub\looper-test\LPC51U68_Project\component\lists" -O0 -fno-common -g3 -Wall -c -ffunction-sections -fdata-sections -ffreestanding -fno-builtin -fmerge-constants -fmacro-prefix-map="../drivers/"=. -mcpu=cortex-m0plus -mthumb -D__NEWLIB__ -fstack-usage -MMD -MP -MF"drivers/fsl_i2s.d" -MT"drivers/fsl_i2s.o" -MT"drivers/fsl_i2s.d" -o "drivers/fsl_i2s.o" "../drivers/fsl_i2s.c"
Invoking: MCU C Compiler
arm-none-eabi-gcc -D__NEWLIB__ -DCPU_LPC51U68JBD64 -DCPU_LPC51U68JBD64_cm0plus -DFSL_RTOS_BM -DSDK_OS_BAREMETAL -DSERIAL_PORT_TYPE_UART=1 -DSDK_DEBUGCONSOLE=0 -D__MCUXPRESSO -D__USE_CMSIS -DDEBUG -I"D:\GitHub\looper-test\LPC51U68_Project\board" -I"D:\GitHub\looper-test\LPC51U68_Project\source" -I"D:\GitHub\looper-test\LPC51U68_Project" -I"D:\GitHub\looper-test\LPC51U68_Project\drivers" -I"D:\GitHub\looper-test\LPC51U68_Project\device" -I"D:\GitHub\looper-test\LPC51U68_Project\CMSIS" -I"D:\GitHub\looper-test\LPC51U68_Project\component\uart" -I"D:\GitHub\looper-test\LPC51U68_Project\utilities" -I"D:\GitHub\looper-test\LPC51U68_Project\component\serial_manager" -I"D:\GitHub\looper-test\LPC51U68_Project\component\lists" -O0 -fno-common -g3 -Wall -c -ffunction-sections -fdata-sections -ffreestanding -fno-builtin -fmerge-constants -fmacro-prefix-map="../drivers/"=. -mcpu=cortex-m0plus -mthumb -D__NEWLIB__ -fstack-usage -MMD -MP -MF"drivers/fsl_gpio.d" -MT"drivers/fsl_gpio.o" -MT"drivers/fsl_gpio.d" -o "drivers/fsl_gpio.o" "../drivers/fsl_gpio.c"
Invoking: MCU C Compiler
arm-none-eabi-gcc -D__NEWLIB__ -DCPU_LPC51U68JBD64 -DCPU_LPC51U68JBD64_cm0plus -DFSL_RTOS_BM -DSDK_OS_BAREMETAL -DSERIAL_PORT_TYPE_UART=1 -DSDK_DEBUGCONSOLE=0 -D__MCUXPRESSO -D__USE_CMSIS -DDEBUG -I"D:\GitHub\looper-test\LPC51U68_Project\board" -I"D:\GitHub\looper-test\LPC51U68_Project\source" -I"D:\GitHub\looper-test\LPC51U68_Project" -I"D:\GitHub\looper-test\LPC51U68_Project\drivers" -I"D:\GitHub\looper-test\LPC51U68_Project\device" -I"D:\GitHub\looper-test\LPC51U68_Project\CMSIS" -I"D:\GitHub\looper-test\LPC51U68_Project\component\uart" -I"D:\GitHub\looper-test\LPC51U68_Project\utilities" -I"D:\GitHub\looper-test\LPC51U68_Project\component\serial_manager" -I"D:\GitHub\looper-test\LPC51U68_Project\component\lists" -O0 -fno-common -g3 -Wall -c -ffunction-sections -fdata-sections -ffreestanding -fno-builtin -fmerge-constants -fmacro-prefix-map="../drivers/"=. -mcpu=cortex-m0plus -mthumb -D__NEWLIB__ -fstack-usage -MMD -MP -MF"drivers/fsl_dma.d" -MT"drivers/fsl_dma.o" -MT"drivers/fsl_dma.d" -o "drivers/fsl_dma.o" "../drivers/fsl_dma.c"
arm-none-eabi-gcc -D__NEWLIB__ -DCPU_LPC51U68JBD64 -DCPU_LPC51U68JBD64_cm0plus -DFSL_RTOS_BM -DSDK_OS_BAREMETAL -DSERIAL_PORT_TYPE_UART=1 -DSDK_DEBUGCONSOLE=0 -D__MCUXPRESSO -D__USE_CMSIS -DDEBUG -I"D:\GitHub\looper-test\LPC51U68_Project\board" -I"D:\GitHub\looper-test\LPC51U68_Project\source" -I"D:\GitHub\looper-test\LPC51U68_Project" -I"D:\GitHub\looper-test\LPC51U68_Project\drivers" -I"D:\GitHub\looper-test\LPC51U68_Project\device" -I"D:\GitHub\looper-test\LPC51U68_Project\CMSIS" -I"D:\GitHub\looper-test\LPC51U68_Project\component\uart" -I"D:\GitHub\looper-test\LPC51U68_Project\utilities" -I"D:\GitHub\looper-test\LPC51U68_Project\component\serial_manager" -I"D:\GitHub\looper-test\LPC51U68_Project\component\lists" -O0 -fno-common -g3 -Wall -c -ffunction-sections -fdata-sections -ffreestanding -fno-builtin -fmerge-constants -fmacro-prefix-map="../drivers/"=. -mcpu=cortex-m0plus -mthumb -D__NEWLIB__ -fstack-usage -MMD -MP -MF"drivers/fsl_i2s_dma.d" -MT"drivers/fsl_i2s_dma.o" -MT"drivers/fsl_i2s_dma.d" -o "drivers/fsl_i2s_dma.o" "../drivers/fsl_i2s_dma.c"
arm-none-eabi-gcc -D__NEWLIB__ -DCPU_LPC51U68JBD64 -DCPU_LPC51U68JBD64_cm0plus -DFSL_RTOS_BM -DSDK_OS_BAREMETAL -DSERIAL_PORT_TYPE_UART=1 -DSDK_DEBUGCONSOLE=0 -D__MCUXPRESSO -D__USE_CMSIS -DDEBUG -I"D:\GitHub\looper-test\LPC51U68_Project\board" -I"D:\GitHub\looper-test\LPC51U68_Project\source" -I"D:\GitHub\looper-test\LPC51U68_Project" -I"D:\GitHub\looper-test\LPC51U68_Project\drivers" -I"D:\GitHub\looper-test\LPC51U68_Project\device" -I"D:\GitHub\looper-test\LPC51U68_Project\CMSIS" -I"D:\GitHub\looper-test\LPC51U68_Project\component\uart" -I"D:\GitHub\looper-test\LPC51U68_Project\utilities" -I"D:\GitHub\looper-test\LPC51U68_Project\component\serial_manager" -I"D:\GitHub\looper-test\LPC51U68_Project\component\lists" -O0 -fno-common -g3 -Wall -c -ffunction-sections -fdata-sections -ffreestanding -fno-builtin -fmerge-constants -fmacro-prefix-map="../drivers/"=. -mcpu=cortex-m0plus -mthumb -D__NEWLIB__ -fstack-usage -MMD -MP -MF"drivers/fsl_power.d" -MT"drivers/fsl_power.o" -MT"drivers/fsl_power.d" -o "drivers/fsl_power.o" "../drivers/fsl_power.c"
Invoking: MCU C Compiler
arm-none-eabi-gcc -D__NEWLIB__ -DCPU_LPC51U68JBD64 -DCPU_LPC51U68JBD64_cm0plus -DFSL_RTOS_BM -DSDK_OS_BAREMETAL -DSERIAL_PORT_TYPE_UART=1 -DSDK_DEBUGCONSOLE=0 -D__MCUXPRESSO -D__USE_CMSIS -DDEBUG -I"D:\GitHub\looper-test\LPC51U68_Project\board" -I"D:\GitHub\looper-test\LPC51U68_Project\source" -I"D:\GitHub\looper-test\LPC51U68_Project" -I"D:\GitHub\looper-test\LPC51U68_Project\drivers" -I"D:\GitHub\looper-test\LPC51U68_Project\device" -I"D:\GitHub\looper-test\LPC51U68_Project\CMSIS" -I"D:\GitHub\looper-test\LPC51U68_Project\component\uart" -I"D:\GitHub\looper-test\LPC51U68_Project\utilities" -I"D:\GitHub\looper-test\LPC51U68_Project\component\serial_manager" -I"D:\GitHub\looper-test\LPC51U68_Project\component\lists" -O0 -fno-common -g3 -Wall -c -ffunction-sections -fdata-sections -ffreestanding -fno-builtin -fmerge-constants -fmacro-prefix-map="../drivers/"=. -mcpu=cortex-m0plus -mthumb -D__NEWLIB__ -fstack-usage -MMD -MP -MF"drivers/fsl_reset.d" -MT"drivers/fsl_reset.o" -MT"drivers/fsl_reset.d" -o "drivers/fsl_reset.o" "../drivers/fsl_reset.c"
../source/LPC51U68_Project.cpp: In function 'int main()':
../source/LPC51U68_Project.cpp:94:2: error: 'BOARD_BootClockRUN' was not declared in this scope
  BOARD_BootClockRUN();
  ^~~~~~~~~~~~~~~~~~
../source/LPC51U68_Project.cpp:105:19: error: 'BOARD_CODEC_RESET_GPIO' was not declared in this scope
     GPIO_PinWrite(BOARD_CODEC_RESET_GPIO, BOARD_CODEC_RESET_PORT, BOARD_CODEC_RESET_PIN, 0);
                   ^~~~~~~~~~~~~~~~~~~~~~
../source/LPC51U68_Project.cpp:105:19: note: suggested alternative: 'BOARD_INITPINS_CODEC_RESET_GPIO'
     GPIO_PinWrite(BOARD_CODEC_RESET_GPIO, BOARD_CODEC_RESET_PORT, BOARD_CODEC_RESET_PIN, 0);
                   ^~~~~~~~~~~~~~~~~~~~~~
                   BOARD_INITPINS_CODEC_RESET_GPIO
../source/LPC51U68_Project.cpp:105:43: error: 'BOARD_CODEC_RESET_PORT' was not declared in this scope
     GPIO_PinWrite(BOARD_CODEC_RESET_GPIO, BOARD_CODEC_RESET_PORT, BOARD_CODEC_RESET_PIN, 0);
                                           ^~~~~~~~~~~~~~~~~~~~~~
../source/LPC51U68_Project.cpp:105:43: note: suggested alternative: 'BOARD_INITPINS_CODEC_RESET_PORT'
     GPIO_PinWrite(BOARD_CODEC_RESET_GPIO, BOARD_CODEC_RESET_PORT, BOARD_CODEC_RESET_PIN, 0);
                                           ^~~~~~~~~~~~~~~~~~~~~~
                                           BOARD_INITPINS_CODEC_RESET_PORT
../source/LPC51U68_Project.cpp:105:67: error: 'BOARD_CODEC_RESET_PIN' was not declared in this scope
     GPIO_PinWrite(BOARD_CODEC_RESET_GPIO, BOARD_CODEC_RESET_PORT, BOARD_CODEC_RESET_PIN, 0);
                                                                   ^~~~~~~~~~~~~~~~~~~~~
../source/LPC51U68_Project.cpp:105:67: note: suggested alternative: 'BOARD_INITPINS_CODEC_RESET_PIN'
     GPIO_PinWrite(BOARD_CODEC_RESET_GPIO, BOARD_CODEC_RESET_PORT, BOARD_CODEC_RESET_PIN, 0);
                                                                   ^~~~~~~~~~~~~~~~~~~~~
                                                                   BOARD_INITPINS_CODEC_RESET_PIN
../source/LPC51U68_Project.cpp:105:5: error: 'GPIO_PinWrite' was not declared in this scope
     GPIO_PinWrite(BOARD_CODEC_RESET_GPIO, BOARD_CODEC_RESET_PORT, BOARD_CODEC_RESET_PIN, 0);
     ^~~~~~~~~~~~~
make: *** [source/subdir.mk:30: source/LPC51U68_Project.o] Error 1
make: *** Waiting for unfinished jobs....
Finished building: ../drivers/fsl_gpio.c
 
Finished building: ../drivers/fsl_power.c
 
Finished building: ../drivers/fsl_reset.c
Finished building: ../drivers/fsl_flexcomm.c
 
Finished building: ../drivers/fsl_i2s.c
 
 
Finished building: ../drivers/fsl_dma.c
 
Finished building: ../drivers/fsl_i2s_dma.c
 
"make -r -j8 all" terminated with exit code 2. Build might be incomplete.
09:06:04 **** Incremental Build of configuration Debug for project LPC51U68_Project ****
make -r -j8 all 
Building file: ../source/LPC51U68_Project.cpp
Building file: ../drivers/fsl_spi.c
Building file: ../drivers/fsl_spi_dma.c
Building file: ../drivers/fsl_usart.c
Invoking: MCU C++ Compiler
arm-none-eabi-c++ -DCPU_LPC51U68JBD64 -DCPU_LPC51U68JBD64_cm0plus -DFSL_RTOS_BM -DSDK_OS_BAREMETAL -DSERIAL_PORT_TYPE_UART=1 -DSDK_DEBUGCONSOLE=0 -D__MCUXPRESSO -D__USE_CMSIS -DDEBUG -D__NEWLIB__ -I"D:\GitHub\looper-test\LPC51U68_Project\board" -I"D:\GitHub\looper-test\LPC51U68_Project\source" -I"D:\GitHub\looper-test\LPC51U68_Project" -I"D:\GitHub\looper-test\LPC51U68_Project\drivers" -I"D:\GitHub\looper-test\LPC51U68_Project\device" -I"D:\GitHub\looper-test\LPC51U68_Project\CMSIS" -I"D:\GitHub\looper-test\LPC51U68_Project\component\uart" -I"D:\GitHub\looper-test\LPC51U68_Project\utilities" -I"D:\GitHub\looper-test\LPC51U68_Project\component\serial_manager" -I"D:\GitHub\looper-test\LPC51U68_Project\component\lists" -O0 -fno-common -g3 -Wall -c -ffunction-sections -fdata-sections -ffreestanding -fno-builtin -fno-rtti -fno-exceptions -fmerge-constants -fmacro-prefix-map="../source/"=. -mcpu=cortex-m0plus -mthumb -D__NEWLIB__ -fstack-usage -MMD -MP -MF"source/LPC51U68_Project.d" -MT"source/LPC51U68_Project.o" -MT"source/LPC51U68_Project.d" -o "source/LPC51U68_Project.o" "../source/LPC51U68_Project.cpp"
Building file: ../device/system_LPC51U68.c
Invoking: MCU C Compiler
Invoking: MCU C Compiler
arm-none-eabi-gcc -D__NEWLIB__ -DCPU_LPC51U68JBD64 -DCPU_LPC51U68JBD64_cm0plus -DFSL_RTOS_BM -DSDK_OS_BAREMETAL -DSERIAL_PORT_TYPE_UART=1 -DSDK_DEBUGCONSOLE=0 -D__MCUXPRESSO -D__USE_CMSIS -DDEBUG -I"D:\GitHub\looper-test\LPC51U68_Project\board" -I"D:\GitHub\looper-test\LPC51U68_Project\source" -I"D:\GitHub\looper-test\LPC51U68_Project" -I"D:\GitHub\looper-test\LPC51U68_Project\drivers" -I"D:\GitHub\looper-test\LPC51U68_Project\device" -I"D:\GitHub\looper-test\LPC51U68_Project\CMSIS" -I"D:\GitHub\looper-test\LPC51U68_Project\component\uart" -I"D:\GitHub\looper-test\LPC51U68_Project\utilities" -I"D:\GitHub\looper-test\LPC51U68_Project\component\serial_manager" -I"D:\GitHub\looper-test\LPC51U68_Project\component\lists" -O0 -fno-common -g3 -Wall -c -ffunction-sections -fdata-sections -ffreestanding -fno-builtin -fmerge-constants -fmacro-prefix-map="../drivers/"=. -mcpu=cortex-m0plus -mthumb -D__NEWLIB__ -fstack-usage -MMD -MP -MF"drivers/fsl_spi.d" -MT"drivers/fsl_spi.o" -MT"drivers/fsl_spi.d" -o "drivers/fsl_spi.o" "../drivers/fsl_spi.c"
arm-none-eabi-gcc -D__NEWLIB__ -DCPU_LPC51U68JBD64 -DCPU_LPC51U68JBD64_cm0plus -DFSL_RTOS_BM -DSDK_OS_BAREMETAL -DSERIAL_PORT_TYPE_UART=1 -DSDK_DEBUGCONSOLE=0 -D__MCUXPRESSO -D__USE_CMSIS -DDEBUG -I"D:\GitHub\looper-test\LPC51U68_Project\board" -I"D:\GitHub\looper-test\LPC51U68_Project\source" -I"D:\GitHub\looper-test\LPC51U68_Project" -I"D:\GitHub\looper-test\LPC51U68_Project\drivers" -I"D:\GitHub\looper-test\LPC51U68_Project\device" -I"D:\GitHub\looper-test\LPC51U68_Project\CMSIS" -I"D:\GitHub\looper-test\LPC51U68_Project\component\uart" -I"D:\GitHub\looper-test\LPC51U68_Project\utilities" -I"D:\GitHub\looper-test\LPC51U68_Project\component\serial_manager" -I"D:\GitHub\looper-test\LPC51U68_Project\component\lists" -O0 -fno-common -g3 -Wall -c -ffunction-sections -fdata-sections -ffreestanding -fno-builtin -fmerge-constants -fmacro-prefix-map="../drivers/"=. -mcpu=cortex-m0plus -mthumb -D__NEWLIB__ -fstack-usage -MMD -MP -MF"drivers/fsl_spi_dma.d" -MT"drivers/fsl_spi_dma.o" -MT"drivers/fsl_spi_dma.d" -o "drivers/fsl_spi_dma.o" "../drivers/fsl_spi_dma.c"
Building file: ../component/uart/usart_adapter.c
Invoking: MCU C Compiler
Invoking: MCU C Compiler
arm-none-eabi-gcc -D__NEWLIB__ -DCPU_LPC51U68JBD64 -DCPU_LPC51U68JBD64_cm0plus -DFSL_RTOS_BM -DSDK_OS_BAREMETAL -DSERIAL_PORT_TYPE_UART=1 -DSDK_DEBUGCONSOLE=0 -D__MCUXPRESSO -D__USE_CMSIS -DDEBUG -I"D:\GitHub\looper-test\LPC51U68_Project\board" -I"D:\GitHub\looper-test\LPC51U68_Project\source" -I"D:\GitHub\looper-test\LPC51U68_Project" -I"D:\GitHub\looper-test\LPC51U68_Project\drivers" -I"D:\GitHub\looper-test\LPC51U68_Project\device" -I"D:\GitHub\looper-test\LPC51U68_Project\CMSIS" -I"D:\GitHub\looper-test\LPC51U68_Project\component\uart" -I"D:\GitHub\looper-test\LPC51U68_Project\utilities" -I"D:\GitHub\looper-test\LPC51U68_Project\component\serial_manager" -I"D:\GitHub\looper-test\LPC51U68_Project\component\lists" -O0 -fno-common -g3 -Wall -c -ffunction-sections -fdata-sections -ffreestanding -fno-builtin -fmerge-constants -fmacro-prefix-map="../device/"=. -mcpu=cortex-m0plus -mthumb -D__NEWLIB__ -fstack-usage -MMD -MP -MF"device/system_LPC51U68.d" -MT"device/system_LPC51U68.o" -MT"device/system_LPC51U68.d" -o "device/system_LPC51U68.o" "../device/system_LPC51U68.c"
Building file: ../component/serial_manager/serial_manager.c
arm-none-eabi-gcc -D__NEWLIB__ -DCPU_LPC51U68JBD64 -DCPU_LPC51U68JBD64_cm0plus -DFSL_RTOS_BM -DSDK_OS_BAREMETAL -DSERIAL_PORT_TYPE_UART=1 -DSDK_DEBUGCONSOLE=0 -D__MCUXPRESSO -D__USE_CMSIS -DDEBUG -I"D:\GitHub\looper-test\LPC51U68_Project\board" -I"D:\GitHub\looper-test\LPC51U68_Project\source" -I"D:\GitHub\looper-test\LPC51U68_Project" -I"D:\GitHub\looper-test\LPC51U68_Project\drivers" -I"D:\GitHub\looper-test\LPC51U68_Project\device" -I"D:\GitHub\looper-test\LPC51U68_Project\CMSIS" -I"D:\GitHub\looper-test\LPC51U68_Project\component\uart" -I"D:\GitHub\looper-test\LPC51U68_Project\utilities" -I"D:\GitHub\looper-test\LPC51U68_Project\component\serial_manager" -I"D:\GitHub\looper-test\LPC51U68_Project\component\lists" -O0 -fno-common -g3 -Wall -c -ffunction-sections -fdata-sections -ffreestanding -fno-builtin -fmerge-constants -fmacro-prefix-map="../drivers/"=. -mcpu=cortex-m0plus -mthumb -D__NEWLIB__ -fstack-usage -MMD -MP -MF"drivers/fsl_usart.d" -MT"drivers/fsl_usart.o" -MT"drivers/fsl_usart.d" -o "drivers/fsl_usart.o" "../drivers/fsl_usart.c"
Invoking: MCU C Compiler
arm-none-eabi-gcc -D__NEWLIB__ -DCPU_LPC51U68JBD64 -DCPU_LPC51U68JBD64_cm0plus -DFSL_RTOS_BM -DSDK_OS_BAREMETAL -DSERIAL_PORT_TYPE_UART=1 -DSDK_DEBUGCONSOLE=0 -D__MCUXPRESSO -D__USE_CMSIS -DDEBUG -I"D:\GitHub\looper-test\LPC51U68_Project\board" -I"D:\GitHub\looper-test\LPC51U68_Project\source" -I"D:\GitHub\looper-test\LPC51U68_Project" -I"D:\GitHub\looper-test\LPC51U68_Project\drivers" -I"D:\GitHub\looper-test\LPC51U68_Project\device" -I"D:\GitHub\looper-test\LPC51U68_Project\CMSIS" -I"D:\GitHub\looper-test\LPC51U68_Project\component\uart" -I"D:\GitHub\looper-test\LPC51U68_Project\utilities" -I"D:\GitHub\looper-test\LPC51U68_Project\component\serial_manager" -I"D:\GitHub\looper-test\LPC51U68_Project\component\lists" -O0 -fno-common -g3 -Wall -c -ffunction-sections -fdata-sections -ffreestanding -fno-builtin -fmerge-constants -fmacro-prefix-map="../component/uart/"=. -mcpu=cortex-m0plus -mthumb -D__NEWLIB__ -fstack-usage -MMD -MP -MF"component/uart/usart_adapter.d" -MT"component/uart/usart_adapter.o" -MT"component/uart/usart_adapter.d" -o "component/uart/usart_adapter.o" "../component/uart/usart_adapter.c"
Building file: ../component/serial_manager/serial_port_uart.c
Invoking: MCU C Compiler
arm-none-eabi-gcc -D__NEWLIB__ -DCPU_LPC51U68JBD64 -DCPU_LPC51U68JBD64_cm0plus -DFSL_RTOS_BM -DSDK_OS_BAREMETAL -DSERIAL_PORT_TYPE_UART=1 -DSDK_DEBUGCONSOLE=0 -D__MCUXPRESSO -D__USE_CMSIS -DDEBUG -I"D:\GitHub\looper-test\LPC51U68_Project\board" -I"D:\GitHub\looper-test\LPC51U68_Project\source" -I"D:\GitHub\looper-test\LPC51U68_Project" -I"D:\GitHub\looper-test\LPC51U68_Project\drivers" -I"D:\GitHub\looper-test\LPC51U68_Project\device" -I"D:\GitHub\looper-test\LPC51U68_Project\CMSIS" -I"D:\GitHub\looper-test\LPC51U68_Project\component\uart" -I"D:\GitHub\looper-test\LPC51U68_Project\utilities" -I"D:\GitHub\looper-test\LPC51U68_Project\component\serial_manager" -I"D:\GitHub\looper-test\LPC51U68_Project\component\lists" -O0 -fno-common -g3 -Wall -c -ffunction-sections -fdata-sections -ffreestanding -fno-builtin -fmerge-constants -fmacro-prefix-map="../component/serial_manager/"=. -mcpu=cortex-m0plus -mthumb -D__NEWLIB__ -fstack-usage -MMD -MP -MF"component/serial_manager/serial_manager.d" -MT"component/serial_manager/serial_manager.o" -MT"component/serial_manager/serial_manager.d" -o "component/serial_manager/serial_manager.o" "../component/serial_manager/serial_manager.c"
Invoking: MCU C Compiler
arm-none-eabi-gcc -D__NEWLIB__ -DCPU_LPC51U68JBD64 -DCPU_LPC51U68JBD64_cm0plus -DFSL_RTOS_BM -DSDK_OS_BAREMETAL -DSERIAL_PORT_TYPE_UART=1 -DSDK_DEBUGCONSOLE=0 -D__MCUXPRESSO -D__USE_CMSIS -DDEBUG -I"D:\GitHub\looper-test\LPC51U68_Project\board" -I"D:\GitHub\looper-test\LPC51U68_Project\source" -I"D:\GitHub\looper-test\LPC51U68_Project" -I"D:\GitHub\looper-test\LPC51U68_Project\drivers" -I"D:\GitHub\looper-test\LPC51U68_Project\device" -I"D:\GitHub\looper-test\LPC51U68_Project\CMSIS" -I"D:\GitHub\looper-test\LPC51U68_Project\component\uart" -I"D:\GitHub\looper-test\LPC51U68_Project\utilities" -I"D:\GitHub\looper-test\LPC51U68_Project\component\serial_manager" -I"D:\GitHub\looper-test\LPC51U68_Project\component\lists" -O0 -fno-common -g3 -Wall -c -ffunction-sections -fdata-sections -ffreestanding -fno-builtin -fmerge-constants -fmacro-prefix-map="../component/serial_manager/"=. -mcpu=cortex-m0plus -mthumb -D__NEWLIB__ -fstack-usage -MMD -MP -MF"component/serial_manager/serial_port_uart.d" -MT"component/serial_manager/serial_port_uart.o" -MT"component/serial_manager/serial_port_uart.d" -o "component/serial_manager/serial_port_uart.o" "../component/serial_manager/serial_port_uart.c"
../source/LPC51U68_Project.cpp: In function 'int main()':
../source/LPC51U68_Project.cpp:105:19: error: 'BOARD_CODEC_RESET_GPIO' was not declared in this scope
     GPIO_PinWrite(BOARD_CODEC_RESET_GPIO, BOARD_CODEC_RESET_PORT, BOARD_CODEC_RESET_PIN, 0);
                   ^~~~~~~~~~~~~~~~~~~~~~
../source/LPC51U68_Project.cpp:105:19: note: suggested alternative: 'BOARD_INITPINS_CODEC_RESET_GPIO'
     GPIO_PinWrite(BOARD_CODEC_RESET_GPIO, BOARD_CODEC_RESET_PORT, BOARD_CODEC_RESET_PIN, 0);
                   ^~~~~~~~~~~~~~~~~~~~~~
                   BOARD_INITPINS_CODEC_RESET_GPIO
../source/LPC51U68_Project.cpp:105:43: error: 'BOARD_CODEC_RESET_PORT' was not declared in this scope
     GPIO_PinWrite(BOARD_CODEC_RESET_GPIO, BOARD_CODEC_RESET_PORT, BOARD_CODEC_RESET_PIN, 0);
                                           ^~~~~~~~~~~~~~~~~~~~~~
../source/LPC51U68_Project.cpp:105:43: note: suggested alternative: 'BOARD_INITPINS_CODEC_RESET_PORT'
     GPIO_PinWrite(BOARD_CODEC_RESET_GPIO, BOARD_CODEC_RESET_PORT, BOARD_CODEC_RESET_PIN, 0);
                                           ^~~~~~~~~~~~~~~~~~~~~~
                                           BOARD_INITPINS_CODEC_RESET_PORT
../source/LPC51U68_Project.cpp:105:67: error: 'BOARD_CODEC_RESET_PIN' was not declared in this scope
     GPIO_PinWrite(BOARD_CODEC_RESET_GPIO, BOARD_CODEC_RESET_PORT, BOARD_CODEC_RESET_PIN, 0);
                                                                   ^~~~~~~~~~~~~~~~~~~~~
../source/LPC51U68_Project.cpp:105:67: note: suggested alternative: 'BOARD_INITPINS_CODEC_RESET_PIN'
     GPIO_PinWrite(BOARD_CODEC_RESET_GPIO, BOARD_CODEC_RESET_PORT, BOARD_CODEC_RESET_PIN, 0);
                                                                   ^~~~~~~~~~~~~~~~~~~~~
                                                                   BOARD_INITPINS_CODEC_RESET_PIN
../source/LPC51U68_Project.cpp:105:5: error: 'GPIO_PinWrite' was not declared in this scope
     GPIO_PinWrite(BOARD_CODEC_RESET_GPIO, BOARD_CODEC_RESET_PORT, BOARD_CODEC_RESET_PIN, 0);
     ^~~~~~~~~~~~~
make: *** [source/subdir.mk:30: source/LPC51U68_Project.o] Error 1
make: *** Waiting for unfinished jobs....
Finished building: ../device/system_LPC51U68.c
 
Finished building: ../drivers/fsl_spi_dma.c
 
Finished building: ../component/serial_manager/serial_manager.c
Finished building: ../component/serial_manager/serial_port_uart.c
 
Finished building: ../component/uart/usart_adapter.c
 
 
Finished building: ../drivers/fsl_usart.c
 
Finished building: ../drivers/fsl_spi.c
 
"make -r -j8 all" terminated with exit code 2. Build might be incomplete.
09:06:48 **** Incremental Build of configuration Debug for project LPC51U68_Project ****
make -r -j8 all 
Building file: ../source/LPC51U68_Project.cpp
Building file: ../component/lists/generic_list.c
Building file: ../board/board.c
Building file: ../board/clock_config.c
Invoking: MCU C++ Compiler
Building file: ../board/peripherals.c
arm-none-eabi-c++ -DCPU_LPC51U68JBD64 -DCPU_LPC51U68JBD64_cm0plus -DFSL_RTOS_BM -DSDK_OS_BAREMETAL -DSERIAL_PORT_TYPE_UART=1 -DSDK_DEBUGCONSOLE=0 -D__MCUXPRESSO -D__USE_CMSIS -DDEBUG -D__NEWLIB__ -I"D:\GitHub\looper-test\LPC51U68_Project\board" -I"D:\GitHub\looper-test\LPC51U68_Project\source" -I"D:\GitHub\looper-test\LPC51U68_Project" -I"D:\GitHub\looper-test\LPC51U68_Project\drivers" -I"D:\GitHub\looper-test\LPC51U68_Project\device" -I"D:\GitHub\looper-test\LPC51U68_Project\CMSIS" -I"D:\GitHub\looper-test\LPC51U68_Project\component\uart" -I"D:\GitHub\looper-test\LPC51U68_Project\utilities" -I"D:\GitHub\looper-test\LPC51U68_Project\component\serial_manager" -I"D:\GitHub\looper-test\LPC51U68_Project\component\lists" -O0 -fno-common -g3 -Wall -c -ffunction-sections -fdata-sections -ffreestanding -fno-builtin -fno-rtti -fno-exceptions -fmerge-constants -fmacro-prefix-map="../source/"=. -mcpu=cortex-m0plus -mthumb -D__NEWLIB__ -fstack-usage -MMD -MP -MF"source/LPC51U68_Project.d" -MT"source/LPC51U68_Project.o" -MT"source/LPC51U68_Project.d" -o "source/LPC51U68_Project.o" "../source/LPC51U68_Project.cpp"
Invoking: MCU C Compiler
Invoking: MCU C Compiler
Invoking: MCU C Compiler
arm-none-eabi-gcc -D__NEWLIB__ -DCPU_LPC51U68JBD64 -DCPU_LPC51U68JBD64_cm0plus -DFSL_RTOS_BM -DSDK_OS_BAREMETAL -DSERIAL_PORT_TYPE_UART=1 -DSDK_DEBUGCONSOLE=0 -D__MCUXPRESSO -D__USE_CMSIS -DDEBUG -I"D:\GitHub\looper-test\LPC51U68_Project\board" -I"D:\GitHub\looper-test\LPC51U68_Project\source" -I"D:\GitHub\looper-test\LPC51U68_Project" -I"D:\GitHub\looper-test\LPC51U68_Project\drivers" -I"D:\GitHub\looper-test\LPC51U68_Project\device" -I"D:\GitHub\looper-test\LPC51U68_Project\CMSIS" -I"D:\GitHub\looper-test\LPC51U68_Project\component\uart" -I"D:\GitHub\looper-test\LPC51U68_Project\utilities" -I"D:\GitHub\looper-test\LPC51U68_Project\component\serial_manager" -I"D:\GitHub\looper-test\LPC51U68_Project\component\lists" -O0 -fno-common -g3 -Wall -c -ffunction-sections -fdata-sections -ffreestanding -fno-builtin -fmerge-constants -fmacro-prefix-map="../component/lists/"=. -mcpu=cortex-m0plus -mthumb -D__NEWLIB__ -fstack-usage -MMD -MP -MF"component/lists/generic_list.d" -MT"component/lists/generic_list.o" -MT"component/lists/generic_list.d" -o "component/lists/generic_list.o" "../component/lists/generic_list.c"
arm-none-eabi-gcc -D__NEWLIB__ -DCPU_LPC51U68JBD64 -DCPU_LPC51U68JBD64_cm0plus -DFSL_RTOS_BM -DSDK_OS_BAREMETAL -DSERIAL_PORT_TYPE_UART=1 -DSDK_DEBUGCONSOLE=0 -D__MCUXPRESSO -D__USE_CMSIS -DDEBUG -I"D:\GitHub\looper-test\LPC51U68_Project\board" -I"D:\GitHub\looper-test\LPC51U68_Project\source" -I"D:\GitHub\looper-test\LPC51U68_Project" -I"D:\GitHub\looper-test\LPC51U68_Project\drivers" -I"D:\GitHub\looper-test\LPC51U68_Project\device" -I"D:\GitHub\looper-test\LPC51U68_Project\CMSIS" -I"D:\GitHub\looper-test\LPC51U68_Project\component\uart" -I"D:\GitHub\looper-test\LPC51U68_Project\utilities" -I"D:\GitHub\looper-test\LPC51U68_Project\component\serial_manager" -I"D:\GitHub\looper-test\LPC51U68_Project\component\lists" -O0 -fno-common -g3 -Wall -c -ffunction-sections -fdata-sections -ffreestanding -fno-builtin -fmerge-constants -fmacro-prefix-map="../board/"=. -mcpu=cortex-m0plus -mthumb -D__NEWLIB__ -fstack-usage -MMD -MP -MF"board/board.d" -MT"board/board.o" -MT"board/board.d" -o "board/board.o" "../board/board.c"
arm-none-eabi-gcc -D__NEWLIB__ -DCPU_LPC51U68JBD64 -DCPU_LPC51U68JBD64_cm0plus -DFSL_RTOS_BM -DSDK_OS_BAREMETAL -DSERIAL_PORT_TYPE_UART=1 -DSDK_DEBUGCONSOLE=0 -D__MCUXPRESSO -D__USE_CMSIS -DDEBUG -I"D:\GitHub\looper-test\LPC51U68_Project\board" -I"D:\GitHub\looper-test\LPC51U68_Project\source" -I"D:\GitHub\looper-test\LPC51U68_Project" -I"D:\GitHub\looper-test\LPC51U68_Project\drivers" -I"D:\GitHub\looper-test\LPC51U68_Project\device" -I"D:\GitHub\looper-test\LPC51U68_Project\CMSIS" -I"D:\GitHub\looper-test\LPC51U68_Project\component\uart" -I"D:\GitHub\looper-test\LPC51U68_Project\utilities" -I"D:\GitHub\looper-test\LPC51U68_Project\component\serial_manager" -I"D:\GitHub\looper-test\LPC51U68_Project\component\lists" -O0 -fno-common -g3 -Wall -c -ffunction-sections -fdata-sections -ffreestanding -fno-builtin -fmerge-constants -fmacro-prefix-map="../board/"=. -mcpu=cortex-m0plus -mthumb -D__NEWLIB__ -fstack-usage -MMD -MP -MF"board/clock_config.d" -MT"board/clock_config.o" -MT"board/clock_config.d" -o "board/clInvoking: MCU C Compiler
ock_config.o" "../board/clock_config.c"
arm-none-eabi-gcc -D__NEWLIB__ -DCPU_LPC51U68JBD64 -DCPU_LPC51U68JBD64_cm0plus -DFSL_RTOS_BM -DSDK_OS_BAREMETAL -DSERIAL_PORT_TYPE_UART=1 -DSDK_DEBUGCONSOLE=0 -D__MCUXPRESSO -D__USE_CMSIS -DDEBUG -I"D:\GitHub\looper-test\LPC51U68_Project\board" -I"D:\GitHub\looper-test\LPC51U68_Project\source" -I"D:\GitHub\looper-test\LPC51U68_Project" -I"D:\GitHub\looper-test\LPC51U68_Project\drivers" -I"D:\GitHub\looper-test\LPC51U68_Project\device" -I"D:\GitHub\looper-test\LPC51U68_Project\CMSIS" -I"D:\GitHub\looper-test\LPC51U68_Project\component\uart" -I"D:\GitHub\looper-test\LPC51U68_Project\utilities" -I"D:\GitHub\looper-test\LPC51U68_Project\component\serial_manager" -I"D:\GitHub\looper-test\LPC51U68_Project\component\lists" -O0 -fno-common -g3 -Wall -c -ffunction-sections -fdata-sections -ffreestanding -fno-builtin -fmerge-constants -fmacro-prefix-map="../board/"=. -mcpu=cortex-m0plus -mthumb -D__NEWLIB__ -fstack-usage -MMD -MP -MF"board/peripherals.d" -MT"board/peripherals.o" -MT"board/peripherals.d" -o "board/peripherals.o" "../board/peripherals.c"
Building file: ../board/pin_mux.c
Invoking: MCU C Compiler
arm-none-eabi-gcc -D__NEWLIB__ -DCPU_LPC51U68JBD64 -DCPU_LPC51U68JBD64_cm0plus -DFSL_RTOS_BM -DSDK_OS_BAREMETAL -DSERIAL_PORT_TYPE_UART=1 -DSDK_DEBUGCONSOLE=0 -D__MCUXPRESSO -D__USE_CMSIS -DDEBUG -I"D:\GitHub\looper-test\LPC51U68_Project\board" -I"D:\GitHub\looper-test\LPC51U68_Project\source" -I"D:\GitHub\looper-test\LPC51U68_Project" -I"D:\GitHub\looper-test\LPC51U68_Project\drivers" -I"D:\GitHub\looper-test\LPC51U68_Project\device" -I"D:\GitHub\looper-test\LPC51U68_Project\CMSIS" -I"D:\GitHub\looper-test\LPC51U68_Project\component\uart" -I"D:\GitHub\looper-test\LPC51U68_Project\utilities" -I"D:\GitHub\looper-test\LPC51U68_Project\component\serial_manager" -I"D:\GitHub\looper-test\LPC51U68_Project\component\lists" -O0 -fno-common -g3 -Wall -c -ffunction-sections -fdata-sections -ffreestanding -fno-builtin -fmerge-constants -fmacro-prefix-map="../board/"=. -mcpu=cortex-m0plus -mthumb -D__NEWLIB__ -fstack-usage -MMD -MP -MF"board/pin_mux.d" -MT"board/pin_mux.o" -MT"board/pin_mux.d" -o "board/pin_mux.o" "../board/pin_mux.c"
Finished building: ../board/board.c
Finished building: ../board/peripherals.c
 
 
../source/LPC51U68_Project.cpp: In function 'int main()':
../source/LPC51U68_Project.cpp:105:5: error: 'GPIO_PinWrite' was not declared in this scope
     GPIO_PinWrite(BOARD_INITPINS_CODEC_RESET_GPIO, BOARD_INITPINS_CODEC_RESET_PORT, BOARD_INITPINS_CODEC_RESET_PIN, 0);
     ^~~~~~~~~~~~~
make: *** [source/subdir.mk:30: source/LPC51U68_Project.o] Error 1
make: *** Waiting for unfinished jobs....
Finished building: ../board/clock_config.c
 
Finished building: ../component/lists/generic_list.c
Finished building: ../board/pin_mux.c
 
 
"make -r -j8 all" terminated with exit code 2. Build might be incomplete.
09:07:37 **** Incremental Build of configuration Debug for project LPC51U68_Project ****
make -r -j8 all 
Building file: ../source/LPC51U68_Project.cpp
Invoking: MCU C++ Compiler
arm-none-eabi-c++ -DCPU_LPC51U68JBD64 -DCPU_LPC51U68JBD64_cm0plus -DFSL_RTOS_BM -DSDK_OS_BAREMETAL -DSERIAL_PORT_TYPE_UART=1 -DSDK_DEBUGCONSOLE=0 -D__MCUXPRESSO -D__USE_CMSIS -DDEBUG -D__NEWLIB__ -I"D:\GitHub\looper-test\LPC51U68_Project\board" -I"D:\GitHub\looper-test\LPC51U68_Project\source" -I"D:\GitHub\looper-test\LPC51U68_Project" -I"D:\GitHub\looper-test\LPC51U68_Project\drivers" -I"D:\GitHub\looper-test\LPC51U68_Project\device" -I"D:\GitHub\looper-test\LPC51U68_Project\CMSIS" -I"D:\GitHub\looper-test\LPC51U68_Project\component\uart" -I"D:\GitHub\looper-test\LPC51U68_Project\utilities" -I"D:\GitHub\looper-test\LPC51U68_Project\component\serial_manager" -I"D:\GitHub\looper-test\LPC51U68_Project\component\lists" -O0 -fno-common -g3 -Wall -c -ffunction-sections -fdata-sections -ffreestanding -fno-builtin -fno-rtti -fno-exceptions -fmerge-constants -fmacro-prefix-map="../source/"=. -mcpu=cortex-m0plus -mthumb -D__NEWLIB__ -fstack-usage -MMD -MP -MF"source/LPC51U68_Project.d" -MT"source/LPC51U68_Project.o" -MT"source/LPC51U68_Project.d" -o "source/LPC51U68_Project.o" "../source/LPC51U68_Project.cpp"
Finished building: ../source/LPC51U68_Project.cpp
 
Building target: LPC51U68_Project.axf
Invoking: MCU C++ Linker
arm-none-eabi-c++ -nostdlib -L"D:\GitHub\looper-test\LPC51U68_Project\libs" -Xlinker -Map="LPC51U68_Project.map" -Xlinker --gc-sections -Xlinker -print-memory-usage -Xlinker --sort-section=alignment -Xlinker --cref -mcpu=cortex-m0plus -mthumb -T LPC51U68_Project_Debug.ld -o "LPC51U68_Project.axf"  ./utilities/fsl_assert.o ./utilities/fsl_debug_console.o ./utilities/fsl_str.o  ./startup/startup_lpc51u68.o  ./source/LPC51U68_Project.o ./source/cpp_config.o ./source/semihost_hardfault.o  ./drivers/fsl_clock.o ./drivers/fsl_common.o ./drivers/fsl_dma.o ./drivers/fsl_flexcomm.o ./drivers/fsl_gpio.o ./drivers/fsl_i2s.o ./drivers/fsl_i2s_dma.o ./drivers/fsl_power.o ./drivers/fsl_reset.o ./drivers/fsl_spi.o ./drivers/fsl_spi_dma.o ./drivers/fsl_usart.o  ./device/system_LPC51U68.o  ./component/uart/usart_adapter.o  ./component/serial_manager/serial_manager.o ./component/serial_manager/serial_port_uart.o  ./component/lists/generic_list.o  ./board/board.o ./board/clock_config.o ./board/peripherals.o ./board/pin_mux.o   -lpower
Memory region         Used Size  Region Size  %age Used
   PROGRAM_FLASH:       13960 B       256 KB      5.33%
           SRAM0:        9064 B        64 KB     13.83%
           SRAMX:          0 GB        32 KB      0.00%
Finished building target: LPC51U68_Project.axf
 
make --no-print-directory post-build
Performing post-build steps
arm-none-eabi-size "LPC51U68_Project.axf"; # arm-none-eabi-objcopy -v -O binary "LPC51U68_Project.axf" "LPC51U68_Project.bin" ; # checksum -p LPC51U68 -d "LPC51U68_Project.bin";
   text	   data	    bss	    dec	    hex	filename
  13428	    532	   8532	  22492	   57dc	LPC51U68_Project.axf
 
09:07:44 **** Incremental Build of configuration Debug for project LPC51U68_Project ****
make -r -j8 all 
Building file: ../source/LPC51U68_Project.cpp
Invoking: MCU C++ Compiler
arm-none-eabi-c++ -DCPU_LPC51U68JBD64 -DCPU_LPC51U68JBD64_cm0plus -DFSL_RTOS_BM -DSDK_OS_BAREMETAL -DSERIAL_PORT_TYPE_UART=1 -DSDK_DEBUGCONSOLE=0 -D__MCUXPRESSO -D__USE_CMSIS -DDEBUG -D__NEWLIB__ -I"D:\GitHub\looper-test\LPC51U68_Project\board" -I"D:\GitHub\looper-test\LPC51U68_Project\source" -I"D:\GitHub\looper-test\LPC51U68_Project" -I"D:\GitHub\looper-test\LPC51U68_Project\drivers" -I"D:\GitHub\looper-test\LPC51U68_Project\device" -I"D:\GitHub\looper-test\LPC51U68_Project\CMSIS" -I"D:\GitHub\looper-test\LPC51U68_Project\component\uart" -I"D:\GitHub\looper-test\LPC51U68_Project\utilities" -I"D:\GitHub\looper-test\LPC51U68_Project\component\serial_manager" -I"D:\GitHub\looper-test\LPC51U68_Project\component\lists" -O0 -fno-common -g3 -Wall -c -ffunction-sections -fdata-sections -ffreestanding -fno-builtin -fno-rtti -fno-exceptions -fmerge-constants -fmacro-prefix-map="../source/"=. -mcpu=cortex-m0plus -mthumb -D__NEWLIB__ -fstack-usage -MMD -MP -MF"source/LPC51U68_Project.d" -MT"source/LPC51U68_Project.o" -MT"source/LPC51U68_Project.d" -o "source/LPC51U68_Project.o" "../source/LPC51U68_Project.cpp"
Finished building: ../source/LPC51U68_Project.cpp
 
Building target: LPC51U68_Project.axf
Invoking: MCU C++ Linker
arm-none-eabi-c++ -nostdlib -L"D:\GitHub\looper-test\LPC51U68_Project\libs" -Xlinker -Map="LPC51U68_Project.map" -Xlinker --gc-sections -Xlinker -print-memory-usage -Xlinker --sort-section=alignment -Xlinker --cref -mcpu=cortex-m0plus -mthumb -T LPC51U68_Project_Debug.ld -o "LPC51U68_Project.axf"  ./utilities/fsl_assert.o ./utilities/fsl_debug_console.o ./utilities/fsl_str.o  ./startup/startup_lpc51u68.o  ./source/LPC51U68_Project.o ./source/cpp_config.o ./source/semihost_hardfault.o  ./drivers/fsl_clock.o ./drivers/fsl_common.o ./drivers/fsl_dma.o ./drivers/fsl_flexcomm.o ./drivers/fsl_gpio.o ./drivers/fsl_i2s.o ./drivers/fsl_i2s_dma.o ./drivers/fsl_power.o ./drivers/fsl_reset.o ./drivers/fsl_spi.o ./drivers/fsl_spi_dma.o ./drivers/fsl_usart.o  ./device/system_LPC51U68.o  ./component/uart/usart_adapter.o  ./component/serial_manager/serial_manager.o ./component/serial_manager/serial_port_uart.o  ./component/lists/generic_list.o  ./board/board.o ./board/clock_config.o ./board/peripherals.o ./board/pin_mux.o   -lpower
Memory region         Used Size  Region Size  %age Used
   PROGRAM_FLASH:       13960 B       256 KB      5.33%
           SRAM0:        9064 B        64 KB     13.83%
           SRAMX:          0 GB        32 KB      0.00%
Finished building target: LPC51U68_Project.axf
 
make --no-print-directory post-build
Performing post-build steps
arm-none-eabi-size "LPC51U68_Project.axf"; # arm-none-eabi-objcopy -v -O binary "LPC51U68_Project.axf" "LPC51U68_Project.bin" ; # checksum -p LPC51U68 -d "LPC51U68_Project.bin";
   text	   data	    bss	    dec	    hex	filename
  13428	    532	   8532	  22492	   57dc	LPC51U68_Project.axf
 
09:09:24 **** Incremental Build of configuration Debug for project LPC51U68_Project ****
make -r -j8 all 
make: Nothing to be done for 'all'.
09:11:58 **** Incremental Build of configuration Debug for project LPC51U68_Project ****
make -r -j8 all 
make: Nothing to be done for 'all'.
09:16:23 **** Incremental Build of configuration Debug for project LPC51U68_Project ****
make -r -j8 all 
Building file: ../source/LPC51U68_Project.cpp
Invoking: MCU C++ Compiler
arm-none-eabi-c++ -DCPU_LPC51U68JBD64 -DCPU_LPC51U68JBD64_cm0plus -DFSL_RTOS_BM -DSDK_OS_BAREMETAL -DSERIAL_PORT_TYPE_UART=1 -DSDK_DEBUGCONSOLE=0 -D__MCUXPRESSO -D__USE_CMSIS -DDEBUG -D__NEWLIB__ -I"D:\GitHub\looper-test\LPC51U68_Project\board" -I"D:\GitHub\looper-test\LPC51U68_Project\source" -I"D:\GitHub\looper-test\LPC51U68_Project" -I"D:\GitHub\looper-test\LPC51U68_Project\drivers" -I"D:\GitHub\looper-test\LPC51U68_Project\device" -I"D:\GitHub\looper-test\LPC51U68_Project\CMSIS" -I"D:\GitHub\looper-test\LPC51U68_Project\component\uart" -I"D:\GitHub\looper-test\LPC51U68_Project\utilities" -I"D:\GitHub\looper-test\LPC51U68_Project\component\serial_manager" -I"D:\GitHub\looper-test\LPC51U68_Project\component\lists" -O0 -fno-common -g3 -Wall -c -ffunction-sections -fdata-sections -ffreestanding -fno-builtin -fno-rtti -fno-exceptions -fmerge-constants -fmacro-prefix-map="../source/"=. -mcpu=cortex-m0plus -mthumb -D__NEWLIB__ -fstack-usage -MMD -MP -MF"source/LPC51U68_Project.d" -MT"source/LPC51U68_Project.o" -MT"source/LPC51U68_Project.d" -o "source/LPC51U68_Project.o" "../source/LPC51U68_Project.cpp"
../source/LPC51U68_Project.cpp: In function 'int main()':
../source/LPC51U68_Project.cpp:97:2: error: 'BOARD_InitBootClocks' was not declared in this scope
  BOARD_InitBootClocks();
  ^~~~~~~~~~~~~~~~~~~~
../source/LPC51U68_Project.cpp:97:2: note: suggested alternative: 'BOARD_InitBootPins'
  BOARD_InitBootClocks();
  ^~~~~~~~~~~~~~~~~~~~
  BOARD_InitBootPins
make: *** [source/subdir.mk:30: source/LPC51U68_Project.o] Error 1
"make -r -j8 all" terminated with exit code 2. Build might be incomplete.
09:16:48 **** Incremental Build of configuration Debug for project LPC51U68_Project ****
make -r -j8 all 
Building file: ../source/LPC51U68_Project.cpp
Invoking: MCU C++ Compiler
arm-none-eabi-c++ -DCPU_LPC51U68JBD64 -DCPU_LPC51U68JBD64_cm0plus -DFSL_RTOS_BM -DSDK_OS_BAREMETAL -DSERIAL_PORT_TYPE_UART=1 -DSDK_DEBUGCONSOLE=0 -D__MCUXPRESSO -D__USE_CMSIS -DDEBUG -D__NEWLIB__ -I"D:\GitHub\looper-test\LPC51U68_Project\board" -I"D:\GitHub\looper-test\LPC51U68_Project\source" -I"D:\GitHub\looper-test\LPC51U68_Project" -I"D:\GitHub\looper-test\LPC51U68_Project\drivers" -I"D:\GitHub\looper-test\LPC51U68_Project\device" -I"D:\GitHub\looper-test\LPC51U68_Project\CMSIS" -I"D:\GitHub\looper-test\LPC51U68_Project\component\uart" -I"D:\GitHub\looper-test\LPC51U68_Project\utilities" -I"D:\GitHub\looper-test\LPC51U68_Project\component\serial_manager" -I"D:\GitHub\looper-test\LPC51U68_Project\component\lists" -O0 -fno-common -g3 -Wall -c -ffunction-sections -fdata-sections -ffreestanding -fno-builtin -fno-rtti -fno-exceptions -fmerge-constants -fmacro-prefix-map="../source/"=. -mcpu=cortex-m0plus -mthumb -D__NEWLIB__ -fstack-usage -MMD -MP -MF"source/LPC51U68_Project.d" -MT"source/LPC51U68_Project.o" -MT"source/LPC51U68_Project.d" -o "source/LPC51U68_Project.o" "../source/LPC51U68_Project.cpp"
../source/LPC51U68_Project.cpp:5:10: fatal error: clock_config.h.h: No such file or directory
 #include "clock_config.h.h"
          ^~~~~~~~~~~~~~~~~~
compilation terminated.
make: *** [source/subdir.mk:30: source/LPC51U68_Project.o] Error 1
"make -r -j8 all" terminated with exit code 2. Build might be incomplete.
09:17:05 **** Incremental Build of configuration Debug for project LPC51U68_Project ****
make -r -j8 all 
Building file: ../source/LPC51U68_Project.cpp
Invoking: MCU C++ Compiler
arm-none-eabi-c++ -DCPU_LPC51U68JBD64 -DCPU_LPC51U68JBD64_cm0plus -DFSL_RTOS_BM -DSDK_OS_BAREMETAL -DSERIAL_PORT_TYPE_UART=1 -DSDK_DEBUGCONSOLE=0 -D__MCUXPRESSO -D__USE_CMSIS -DDEBUG -D__NEWLIB__ -I"D:\GitHub\looper-test\LPC51U68_Project\board" -I"D:\GitHub\looper-test\LPC51U68_Project\source" -I"D:\GitHub\looper-test\LPC51U68_Project" -I"D:\GitHub\looper-test\LPC51U68_Project\drivers" -I"D:\GitHub\looper-test\LPC51U68_Project\device" -I"D:\GitHub\looper-test\LPC51U68_Project\CMSIS" -I"D:\GitHub\looper-test\LPC51U68_Project\component\uart" -I"D:\GitHub\looper-test\LPC51U68_Project\utilities" -I"D:\GitHub\looper-test\LPC51U68_Project\component\serial_manager" -I"D:\GitHub\looper-test\LPC51U68_Project\component\lists" -O0 -fno-common -g3 -Wall -c -ffunction-sections -fdata-sections -ffreestanding -fno-builtin -fno-rtti -fno-exceptions -fmerge-constants -fmacro-prefix-map="../source/"=. -mcpu=cortex-m0plus -mthumb -D__NEWLIB__ -fstack-usage -MMD -MP -MF"source/LPC51U68_Project.d" -MT"source/LPC51U68_Project.o" -MT"source/LPC51U68_Project.d" -o "source/LPC51U68_Project.o" "../source/LPC51U68_Project.cpp"
Finished building: ../source/LPC51U68_Project.cpp
 
Building target: LPC51U68_Project.axf
Invoking: MCU C++ Linker
arm-none-eabi-c++ -nostdlib -L"D:\GitHub\looper-test\LPC51U68_Project\libs" -Xlinker -Map="LPC51U68_Project.map" -Xlinker --gc-sections -Xlinker -print-memory-usage -Xlinker --sort-section=alignment -Xlinker --cref -mcpu=cortex-m0plus -mthumb -T LPC51U68_Project_Debug.ld -o "LPC51U68_Project.axf"  ./utilities/fsl_assert.o ./utilities/fsl_debug_console.o ./utilities/fsl_str.o  ./startup/startup_lpc51u68.o  ./source/LPC51U68_Project.o ./source/cpp_config.o ./source/semihost_hardfault.o  ./drivers/fsl_clock.o ./drivers/fsl_common.o ./drivers/fsl_dma.o ./drivers/fsl_flexcomm.o ./drivers/fsl_gpio.o ./drivers/fsl_i2s.o ./drivers/fsl_i2s_dma.o ./drivers/fsl_power.o ./drivers/fsl_reset.o ./drivers/fsl_spi.o ./drivers/fsl_spi_dma.o ./drivers/fsl_usart.o  ./device/system_LPC51U68.o  ./component/uart/usart_adapter.o  ./component/serial_manager/serial_manager.o ./component/serial_manager/serial_port_uart.o  ./component/lists/generic_list.o  ./board/board.o ./board/clock_config.o ./board/peripherals.o ./board/pin_mux.o   -lpower
Memory region         Used Size  Region Size  %age Used
   PROGRAM_FLASH:       16628 B       256 KB      6.34%
           SRAM0:        9072 B        64 KB     13.84%
           SRAMX:          0 GB        32 KB      0.00%
Finished building target: LPC51U68_Project.axf
 
make --no-print-directory post-build
Performing post-build steps
arm-none-eabi-size "LPC51U68_Project.axf"; # arm-none-eabi-objcopy -v -O binary "LPC51U68_Project.axf" "LPC51U68_Project.bin" ; # checksum -p LPC51U68 -d "LPC51U68_Project.bin";
   text	   data	    bss	    dec	    hex	filename
  16092	    536	   8536	  25164	   624c	LPC51U68_Project.axf
 
09:17:14 **** Incremental Build of configuration Debug for project LPC51U68_Project ****
make -r -j8 all 
make: Nothing to be done for 'all'.
